Archive member included to satisfy reference by file (symbol)

/home/uli/.p2/pool/plugins/fr.ac6.mcu.externaltools.arm-none.linux64_1.16.0.201807130628/tools/st-gnu-arm-gcc-7-2017-q4-major_gdb-5_4-2016q3/bin/../lib/gcc/arm-none-eabi/7.2.1/../../../../arm-none-eabi/lib/thumb/v7-m/libc_nano.a(lib_a-errno.o)
                              Src/syscalls.o (__errno)
/home/uli/.p2/pool/plugins/fr.ac6.mcu.externaltools.arm-none.linux64_1.16.0.201807130628/tools/st-gnu-arm-gcc-7-2017-q4-major_gdb-5_4-2016q3/bin/../lib/gcc/arm-none-eabi/7.2.1/../../../../arm-none-eabi/lib/thumb/v7-m/libc_nano.a(lib_a-exit.o)
                              /home/uli/.p2/pool/plugins/fr.ac6.mcu.externaltools.arm-none.linux64_1.16.0.201807130628/tools/st-gnu-arm-gcc-7-2017-q4-major_gdb-5_4-2016q3/bin/../lib/gcc/arm-none-eabi/7.2.1/../../../../arm-none-eabi/lib/thumb/v7-m/crt0.o (exit)
/home/uli/.p2/pool/plugins/fr.ac6.mcu.externaltools.arm-none.linux64_1.16.0.201807130628/tools/st-gnu-arm-gcc-7-2017-q4-major_gdb-5_4-2016q3/bin/../lib/gcc/arm-none-eabi/7.2.1/../../../../arm-none-eabi/lib/thumb/v7-m/libc_nano.a(lib_a-impure.o)
                              /home/uli/.p2/pool/plugins/fr.ac6.mcu.externaltools.arm-none.linux64_1.16.0.201807130628/tools/st-gnu-arm-gcc-7-2017-q4-major_gdb-5_4-2016q3/bin/../lib/gcc/arm-none-eabi/7.2.1/../../../../arm-none-eabi/lib/thumb/v7-m/libc_nano.a(lib_a-exit.o) (_global_impure_ptr)
/home/uli/.p2/pool/plugins/fr.ac6.mcu.externaltools.arm-none.linux64_1.16.0.201807130628/tools/st-gnu-arm-gcc-7-2017-q4-major_gdb-5_4-2016q3/bin/../lib/gcc/arm-none-eabi/7.2.1/../../../../arm-none-eabi/lib/thumb/v7-m/libc_nano.a(lib_a-init.o)
                              /home/uli/.p2/pool/plugins/fr.ac6.mcu.externaltools.arm-none.linux64_1.16.0.201807130628/tools/st-gnu-arm-gcc-7-2017-q4-major_gdb-5_4-2016q3/bin/../lib/gcc/arm-none-eabi/7.2.1/../../../../arm-none-eabi/lib/thumb/v7-m/crt0.o (__libc_init_array)
/home/uli/.p2/pool/plugins/fr.ac6.mcu.externaltools.arm-none.linux64_1.16.0.201807130628/tools/st-gnu-arm-gcc-7-2017-q4-major_gdb-5_4-2016q3/bin/../lib/gcc/arm-none-eabi/7.2.1/../../../../arm-none-eabi/lib/thumb/v7-m/libc_nano.a(lib_a-malloc.o)
                              Src/main.o (malloc)
/home/uli/.p2/pool/plugins/fr.ac6.mcu.externaltools.arm-none.linux64_1.16.0.201807130628/tools/st-gnu-arm-gcc-7-2017-q4-major_gdb-5_4-2016q3/bin/../lib/gcc/arm-none-eabi/7.2.1/../../../../arm-none-eabi/lib/thumb/v7-m/libc_nano.a(lib_a-memset.o)
                              /home/uli/.p2/pool/plugins/fr.ac6.mcu.externaltools.arm-none.linux64_1.16.0.201807130628/tools/st-gnu-arm-gcc-7-2017-q4-major_gdb-5_4-2016q3/bin/../lib/gcc/arm-none-eabi/7.2.1/../../../../arm-none-eabi/lib/thumb/v7-m/crt0.o (memset)
/home/uli/.p2/pool/plugins/fr.ac6.mcu.externaltools.arm-none.linux64_1.16.0.201807130628/tools/st-gnu-arm-gcc-7-2017-q4-major_gdb-5_4-2016q3/bin/../lib/gcc/arm-none-eabi/7.2.1/../../../../arm-none-eabi/lib/thumb/v7-m/libc_nano.a(lib_a-nano-freer.o)
                              /home/uli/.p2/pool/plugins/fr.ac6.mcu.externaltools.arm-none.linux64_1.16.0.201807130628/tools/st-gnu-arm-gcc-7-2017-q4-major_gdb-5_4-2016q3/bin/../lib/gcc/arm-none-eabi/7.2.1/../../../../arm-none-eabi/lib/thumb/v7-m/libc_nano.a(lib_a-malloc.o) (_free_r)
/home/uli/.p2/pool/plugins/fr.ac6.mcu.externaltools.arm-none.linux64_1.16.0.201807130628/tools/st-gnu-arm-gcc-7-2017-q4-major_gdb-5_4-2016q3/bin/../lib/gcc/arm-none-eabi/7.2.1/../../../../arm-none-eabi/lib/thumb/v7-m/libc_nano.a(lib_a-nano-mallocr.o)
                              /home/uli/.p2/pool/plugins/fr.ac6.mcu.externaltools.arm-none.linux64_1.16.0.201807130628/tools/st-gnu-arm-gcc-7-2017-q4-major_gdb-5_4-2016q3/bin/../lib/gcc/arm-none-eabi/7.2.1/../../../../arm-none-eabi/lib/thumb/v7-m/libc_nano.a(lib_a-malloc.o) (_malloc_r)
/home/uli/.p2/pool/plugins/fr.ac6.mcu.externaltools.arm-none.linux64_1.16.0.201807130628/tools/st-gnu-arm-gcc-7-2017-q4-major_gdb-5_4-2016q3/bin/../lib/gcc/arm-none-eabi/7.2.1/../../../../arm-none-eabi/lib/thumb/v7-m/libc_nano.a(lib_a-nano-vfprintf_float.o)
                              (_printf_float)
/home/uli/.p2/pool/plugins/fr.ac6.mcu.externaltools.arm-none.linux64_1.16.0.201807130628/tools/st-gnu-arm-gcc-7-2017-q4-major_gdb-5_4-2016q3/bin/../lib/gcc/arm-none-eabi/7.2.1/../../../../arm-none-eabi/lib/thumb/v7-m/libc_nano.a(lib_a-nano-vfprintf_i.o)
                              /home/uli/.p2/pool/plugins/fr.ac6.mcu.externaltools.arm-none.linux64_1.16.0.201807130628/tools/st-gnu-arm-gcc-7-2017-q4-major_gdb-5_4-2016q3/bin/../lib/gcc/arm-none-eabi/7.2.1/../../../../arm-none-eabi/lib/thumb/v7-m/libc_nano.a(lib_a-nano-vfprintf_float.o) (_printf_common)
/home/uli/.p2/pool/plugins/fr.ac6.mcu.externaltools.arm-none.linux64_1.16.0.201807130628/tools/st-gnu-arm-gcc-7-2017-q4-major_gdb-5_4-2016q3/bin/../lib/gcc/arm-none-eabi/7.2.1/../../../../arm-none-eabi/lib/thumb/v7-m/libc_nano.a(lib_a-perror.o)
                              Src/main.o (perror)
[...]
Memory Configuration

Name             Origin             Length             Attributes
RAM              0x0000000020000000 0x0000000000008000 xrw
FLASH            0x0000000008000000 0x0000000000020000 xr
*default*        0x0000000000000000 0xffffffffffffffff

Linker script and memory map

LOAD /home/uli/.p2/pool/plugins/fr.ac6.mcu.externaltools.arm-none.linux64_1.16.0.201807130628/tools/st-gnu-arm-gcc-7-2017-q4-major_gdb-5_4-2016q3/bin/../lib/gcc/arm-none-eabi/7.2.1/thumb/v7-m/crti.o
LOAD /home/uli/.p2/pool/plugins/fr.ac6.mcu.externaltools.arm-none.linux64_1.16.0.201807130628/tools/st-gnu-arm-gcc-7-2017-q4-major_gdb-5_4-2016q3/bin/../lib/gcc/arm-none-eabi/7.2.1/thumb/v7-m/crtbegin.o
LOAD /home/uli/.p2/pool/plugins/fr.ac6.mcu.externaltools.arm-none.linux64_1.16.0.201807130628/tools/st-gnu-arm-gcc-7-2017-q4-major_gdb-5_4-2016q3/bin/../lib/gcc/arm-none-eabi/7.2.1/../../../../arm-none-eabi/lib/thumb/v7-m/crt0.o
LOAD Drivers/STM32L1xx_HAL_Driver/Src/stm32l1xx_hal.o
LOAD Drivers/STM32L1xx_HAL_Driver/Src/stm32l1xx_hal_cortex.o
LOAD Drivers/STM32L1xx_HAL_Driver/Src/stm32l1xx_hal_dma.o
LOAD Drivers/STM32L1xx_HAL_Driver/Src/stm32l1xx_hal_flash.o
LOAD Drivers/STM32L1xx_HAL_Driver/Src/stm32l1xx_hal_flash_ex.o
LOAD Drivers/STM32L1xx_HAL_Driver/Src/stm32l1xx_hal_flash_ramfunc.o
LOAD Drivers/STM32L1xx_HAL_Driver/Src/stm32l1xx_hal_gpio.o
LOAD Drivers/STM32L1xx_HAL_Driver/Src/stm32l1xx_hal_pwr.o
LOAD Drivers/STM32L1xx_HAL_Driver/Src/stm32l1xx_hal_pwr_ex.o
LOAD Drivers/STM32L1xx_HAL_Driver/Src/stm32l1xx_hal_rcc.o
LOAD Drivers/STM32L1xx_HAL_Driver/Src/stm32l1xx_hal_rcc_ex.o
LOAD Drivers/STM32L1xx_HAL_Driver/Src/stm32l1xx_hal_tim.o
LOAD Drivers/STM32L1xx_HAL_Driver/Src/stm32l1xx_hal_tim_ex.o
LOAD Drivers/STM32L1xx_HAL_Driver/Src/stm32l1xx_hal_uart.o
LOAD Src/callbacks.o
LOAD Src/main.o
LOAD Src/stm32l1xx_hal_msp.o
LOAD Src/stm32l1xx_it.o
LOAD Src/syscalls.o
LOAD Src/system_stm32l1xx.o
LOAD Src/uart_io.o
LOAD Src/system/fifo.o
LOAD startup/startup_stm32l151xba.o
LOAD /home/uli/.p2/pool/plugins/fr.ac6.mcu.externaltools.arm-none.linux64_1.16.0.201807130628/tools/st-gnu-arm-gcc-7-2017-q4-major_gdb-5_4-2016q3/bin/../lib/gcc/arm-none-eabi/7.2.1/../../../../arm-none-eabi/lib/thumb/v7-m/libm.a
START GROUP
LOAD /home/uli/.p2/pool/plugins/fr.ac6.mcu.externaltools.arm-none.linux64_1.16.0.201807130628/tools/st-gnu-arm-gcc-7-2017-q4-major_gdb-5_4-2016q3/bin/../lib/gcc/arm-none-eabi/7.2.1/thumb/v7-m/libgcc.a
LOAD /home/uli/.p2/pool/plugins/fr.ac6.mcu.externaltools.arm-none.linux64_1.16.0.201807130628/tools/st-gnu-arm-gcc-7-2017-q4-major_gdb-5_4-2016q3/bin/../lib/gcc/arm-none-eabi/7.2.1/../../../../arm-none-eabi/lib/thumb/v7-m/libc_nano.a
END GROUP
START GROUP
LOAD /home/uli/.p2/pool/plugins/fr.ac6.mcu.externaltools.arm-none.linux64_1.16.0.201807130628/tools/st-gnu-arm-gcc-7-2017-q4-major_gdb-5_4-2016q3/bin/../lib/gcc/arm-none-eabi/7.2.1/thumb/v7-m/libgcc.a
LOAD /home/uli/.p2/pool/plugins/fr.ac6.mcu.externaltools.arm-none.linux64_1.16.0.201807130628/tools/st-gnu-arm-gcc-7-2017-q4-major_gdb-5_4-2016q3/bin/../lib/gcc/arm-none-eabi/7.2.1/../../../../arm-none-eabi/lib/thumb/v7-m/libc_nano.a
LOAD /home/uli/.p2/pool/plugins/fr.ac6.mcu.externaltools.arm-none.linux64_1.16.0.201807130628/tools/st-gnu-arm-gcc-7-2017-q4-major_gdb-5_4-2016q3/bin/../lib/gcc/arm-none-eabi/7.2.1/../../../../arm-none-eabi/lib/thumb/v7-m/libnosys.a
END GROUP
START GROUP
LOAD /home/uli/.p2/pool/plugins/fr.ac6.mcu.externaltools.arm-none.linux64_1.16.0.201807130628/tools/st-gnu-arm-gcc-7-2017-q4-major_gdb-5_4-2016q3/bin/../lib/gcc/arm-none-eabi/7.2.1/thumb/v7-m/libgcc.a
LOAD /home/uli/.p2/pool/plugins/fr.ac6.mcu.externaltools.arm-none.linux64_1.16.0.201807130628/tools/st-gnu-arm-gcc-7-2017-q4-major_gdb-5_4-2016q3/bin/../lib/gcc/arm-none-eabi/7.2.1/../../../../arm-none-eabi/lib/thumb/v7-m/libc_nano.a
LOAD /home/uli/.p2/pool/plugins/fr.ac6.mcu.externaltools.arm-none.linux64_1.16.0.201807130628/tools/st-gnu-arm-gcc-7-2017-q4-major_gdb-5_4-2016q3/bin/../lib/gcc/arm-none-eabi/7.2.1/../../../../arm-none-eabi/lib/thumb/v7-m/libnosys.a
END GROUP
LOAD /home/uli/.p2/pool/plugins/fr.ac6.mcu.externaltools.arm-none.linux64_1.16.0.201807130628/tools/st-gnu-arm-gcc-7-2017-q4-major_gdb-5_4-2016q3/bin/../lib/gcc/arm-none-eabi/7.2.1/thumb/v7-m/crtend.o
LOAD /home/uli/.p2/pool/plugins/fr.ac6.mcu.externaltools.arm-none.linux64_1.16.0.201807130628/tools/st-gnu-arm-gcc-7-2017-q4-major_gdb-5_4-2016q3/bin/../lib/gcc/arm-none-eabi/7.2.1/thumb/v7-m/crtn.o
                0x0000000020008000                _estack = 0x20008000
                0x0000000000000200                _Min_Heap_Size = 0x200
                0x0000000000000400                _Min_Stack_Size = 0x400

.isr_vector     0x0000000008000000      0x13c
                0x0000000008000000                . = ALIGN (0x4)
 *(.isr_vector)
 .isr_vector    0x0000000008000000      0x13c startup/startup_stm32l151xba.o
                0x0000000008000000                g_pfnVectors
                0x000000000800013c                . = ALIGN (0x4)

.text           0x0000000008000140     0x5104
                0x0000000008000140                . = ALIGN (0x4)
 *(.text)
 .text          0x0000000008000140       0x40 /home/uli/.p2/pool/plugins/fr.ac6.mcu.externaltools.arm-none.linux64_1.16.0.201807130628/tools/st-gnu-arm-gcc-7-2017-q4-major_gdb-5_4-2016q3/bin/../lib/gcc/arm-none-eabi/7.2.1/thumb/v7-m/crtbegin.o
 .text          0x0000000008000180       0x10 /home/uli/.p2/pool/plugins/fr.ac6.mcu.externaltools.arm-none.linux64_1.16.0.201807130628/tools/st-gnu-arm-gcc-7-2017-q4-major_gdb-5_4-2016q3/bin/../lib/gcc/arm-none-eabi/7.2.1/../../../../arm-none-eabi/lib/thumb/v7-m/libc_nano.a(lib_a-strlen.o)
                0x0000000008000180                strlen
 .text          0x0000000008000190      0x378 /home/uli/.p2/pool/plugins/fr.ac6.mcu.externaltools.arm-none.linux64_1.16.0.201807130628/tools/st-gnu-arm-gcc-7-2017-q4-major_gdb-5_4-2016q3/bin/../lib/gcc/arm-none-eabi/7.2.1/thumb/v7-m/libgcc.a(_arm_addsubdf3.o)
                0x0000000008000190                __aeabi_drsub
                0x0000000008000198                __aeabi_dsub
                0x0000000008000198                __subdf3
                0x000000000800019c                __adddf3
                0x000000000800019c                __aeabi_dadd
                0x0000000008000414                __aeabi_ui2d
                0x0000000008000414                __floatunsidf
                0x0000000008000434                __floatsidf
                0x0000000008000434                __aeabi_i2d
                0x0000000008000458                __extendsfdf2
                0x0000000008000458                __aeabi_f2d
                0x000000000800049c                __aeabi_ul2d
                0x000000000800049c                __floatundidf
                0x00000000080004ac                __floatdidf
                0x00000000080004ac                __aeabi_l2d
 .text          0x0000000008000508      0x424 /home/uli/.p2/pool/plugins/fr.ac6.mcu.externaltools.arm-none.linux64_1.16.0.201807130628/tools/st-gnu-arm-gcc-7-2017-q4-major_gdb-5_4-2016q3/bin/../lib/gcc/arm-none-eabi/7.2.1/thumb/v7-m/libgcc.a(_arm_muldivdf3.o)
                0x0000000008000508                __aeabi_dmul
                0x0000000008000508                __muldf3
                0x000000000800075c                __aeabi_ddiv
                0x000000000800075c                __divdf3
 .text          0x000000000800092c      0x110 /home/uli/.p2/pool/plugins/fr.ac6.mcu.externaltools.arm-none.linux64_1.16.0.201807130628/tools/st-gnu-arm-gcc-7-2017-q4-major_gdb-5_4-2016q3/bin/../lib/gcc/arm-none-eabi/7.2.1/thumb/v7-m/libgcc.a(_arm_cmpdf2.o)
                0x000000000800092c                __gtdf2
                0x000000000800092c                __gedf2
                0x0000000008000934                __ltdf2
                0x0000000008000934                __ledf2
                0x000000000800093c                __cmpdf2
                0x000000000800093c                __eqdf2
                0x000000000800093c                __nedf2
                0x00000000080009b8                __aeabi_cdrcmple
                0x00000000080009c8                __aeabi_cdcmple
                0x00000000080009c8                __aeabi_cdcmpeq
                0x00000000080009d8                __aeabi_dcmpeq
                0x00000000080009ec                __aeabi_dcmplt
                0x0000000008000a00                __aeabi_dcmple
                0x0000000008000a14                __aeabi_dcmpge
                0x0000000008000a28                __aeabi_dcmpgt
 .text          0x0000000008000a3c       0x2c /home/uli/.p2/pool/plugins/fr.ac6.mcu.externaltools.arm-none.linux64_1.16.0.201807130628/tools/st-gnu-arm-gcc-7-2017-q4-major_gdb-5_4-2016q3/bin/../lib/gcc/arm-none-eabi/7.2.1/thumb/v7-m/libgcc.a(_arm_unorddf2.o)
                0x0000000008000a3c                __aeabi_dcmpun
                0x0000000008000a3c                __unorddf2
 .text          0x0000000008000a68       0x50 /home/uli/.p2/pool/plugins/fr.ac6.mcu.externaltools.arm-none.linux64_1.16.0.201807130628/tools/st-gnu-arm-gcc-7-2017-q4-major_gdb-5_4-2016q3/bin/../lib/gcc/arm-none-eabi/7.2.1/thumb/v7-m/libgcc.a(_arm_fixdfsi.o)
                0x0000000008000a68                __fixdfsi
                0x0000000008000a68                __aeabi_d2iz
 *(.text*)
 .text.HAL_InitTick
                0x0000000008000ab8       0x2c Drivers/STM32L1xx_HAL_Driver/Src/stm32l1xx_hal.o
                0x0000000008000ab8                HAL_InitTick
 .text.HAL_Init
                0x0000000008000ae4       0x16 Drivers/STM32L1xx_HAL_Driver/Src/stm32l1xx_hal.o
                0x0000000008000ae4                HAL_Init
 *fill*         0x0000000008000afa        0x2 
 .text.HAL_IncTick
                0x0000000008000afc       0x10 Drivers/STM32L1xx_HAL_Driver/Src/stm32l1xx_hal.o
                0x0000000008000afc                HAL_IncTick
 .text.HAL_GetTick
                0x0000000008000b0c        0xc Drivers/STM32L1xx_HAL_Driver/Src/stm32l1xx_hal.o
                0x0000000008000b0c                HAL_GetTick
 .text.HAL_Delay
                0x0000000008000b18       0x1c Drivers/STM32L1xx_HAL_Driver/Src/stm32l1xx_hal.o
                0x0000000008000b18                HAL_Delay
 .text.HAL_NVIC_SetPriorityGrouping
                0x0000000008000b34       0x24 Drivers/STM32L1xx_HAL_Driver/Src/stm32l1xx_hal_cortex.o
                0x0000000008000b34                HAL_NVIC_SetPriorityGrouping
 .text.HAL_NVIC_SetPriority
                0x0000000008000b58       0x68 Drivers/STM32L1xx_HAL_Driver/Src/stm32l1xx_hal_cortex.o
                0x0000000008000b58                HAL_NVIC_SetPriority
 .text.HAL_NVIC_EnableIRQ
                0x0000000008000bc0       0x18 Drivers/STM32L1xx_HAL_Driver/Src/stm32l1xx_hal_cortex.o
                0x0000000008000bc0                HAL_NVIC_EnableIRQ
 .text.HAL_SYSTICK_Config
                0x0000000008000bd8       0x2c Drivers/STM32L1xx_HAL_Driver/Src/stm32l1xx_hal_cortex.o
                0x0000000008000bd8                HAL_SYSTICK_Config
 .text.HAL_GPIO_Init
                0x0000000008000c04      0x194 Drivers/STM32L1xx_HAL_Driver/Src/stm32l1xx_hal_gpio.o
                0x0000000008000c04                HAL_GPIO_Init
 .text.HAL_GPIO_WritePin
                0x0000000008000d98        0xc Drivers/STM32L1xx_HAL_Driver/Src/stm32l1xx_hal_gpio.o
                0x0000000008000d98                HAL_GPIO_WritePin
 .text.HAL_GPIO_TogglePin
                0x0000000008000da4        0x8 Drivers/STM32L1xx_HAL_Driver/Src/stm32l1xx_hal_gpio.o
                0x0000000008000da4                HAL_GPIO_TogglePin
 .text.HAL_GPIO_EXTI_IRQHandler
                0x0000000008000dac       0x1c Drivers/STM32L1xx_HAL_Driver/Src/stm32l1xx_hal_gpio.o
                0x0000000008000dac                HAL_GPIO_EXTI_IRQHandler
 .text.RCC_SetFlashLatencyFromMSIRange
                0x0000000008000dc8       0x94 Drivers/STM32L1xx_HAL_Driver/Src/stm32l1xx_hal_rcc.o
 .text.HAL_RCC_OscConfig
                0x0000000008000e5c      0x78c Drivers/STM32L1xx_HAL_Driver/Src/stm32l1xx_hal_rcc.o
                0x0000000008000e5c                HAL_RCC_OscConfig
 .text.HAL_RCC_GetSysClockFreq
                0x00000000080015e8       0x9c Drivers/STM32L1xx_HAL_Driver/Src/stm32l1xx_hal_rcc.o
                0x00000000080015e8                HAL_RCC_GetSysClockFreq
 .text.HAL_RCC_ClockConfig
                0x0000000008001684      0x248 Drivers/STM32L1xx_HAL_Driver/Src/stm32l1xx_hal_rcc.o
                0x0000000008001684                HAL_RCC_ClockConfig
 .text.HAL_RCC_GetHCLKFreq
                0x00000000080018cc        0xc Drivers/STM32L1xx_HAL_Driver/Src/stm32l1xx_hal_rcc.o
                0x00000000080018cc                HAL_RCC_GetHCLKFreq
 .text.HAL_RCC_GetPCLK1Freq
                0x00000000080018d8       0x2c Drivers/STM32L1xx_HAL_Driver/Src/stm32l1xx_hal_rcc.o
                0x00000000080018d8                HAL_RCC_GetPCLK1Freq
 .text.HAL_RCC_GetPCLK2Freq
                0x0000000008001904       0x2c Drivers/STM32L1xx_HAL_Driver/Src/stm32l1xx_hal_rcc.o
                0x0000000008001904                HAL_RCC_GetPCLK2Freq
 .text.UART_Transmit_IT
                0x0000000008001930       0x6c Drivers/STM32L1xx_HAL_Driver/Src/stm32l1xx_hal_uart.o
 .text.UART_SetConfig
                0x000000000800199c      0x320 Drivers/STM32L1xx_HAL_Driver/Src/stm32l1xx_hal_uart.o
 .text.HAL_UART_Init
                0x0000000008001cbc       0x5a Drivers/STM32L1xx_HAL_Driver/Src/stm32l1xx_hal_uart.o
                0x0000000008001cbc                HAL_UART_Init
 .text.HAL_UART_Receive_IT
                0x0000000008001d16       0x7e Drivers/STM32L1xx_HAL_Driver/Src/stm32l1xx_hal_uart.o
                0x0000000008001d16                HAL_UART_Receive_IT
 .text.HAL_UART_TxCpltCallback
                0x0000000008001d94        0x2 Drivers/STM32L1xx_HAL_Driver/Src/stm32l1xx_hal_uart.o
                0x0000000008001d94                HAL_UART_TxCpltCallback
 .text.UART_EndTransmit_IT
                0x0000000008001d96       0x2c Drivers/STM32L1xx_HAL_Driver/Src/stm32l1xx_hal_uart.o
 .text.UART_Receive_IT
                0x0000000008001dc2       0xb6 Drivers/STM32L1xx_HAL_Driver/Src/stm32l1xx_hal_uart.o
 .text.HAL_UART_ErrorCallback
                0x0000000008001e78        0x2 Drivers/STM32L1xx_HAL_Driver/Src/stm32l1xx_hal_uart.o
                0x0000000008001e78                HAL_UART_ErrorCallback
 .text.HAL_UART_IRQHandler
                0x0000000008001e7a       0xca Drivers/STM32L1xx_HAL_Driver/Src/stm32l1xx_hal_uart.o
                0x0000000008001e7a                HAL_UART_IRQHandler
 .text.HAL_GPIO_EXTI_Callback
                0x0000000008001f44       0x24 Src/callbacks.o
                0x0000000008001f44                HAL_GPIO_EXTI_Callback
 .text.HAL_UART_RxCpltCallback
                0x0000000008001f68       0x48 Src/callbacks.o
                0x0000000008001f68                HAL_UART_RxCpltCallback
 .text.MX_GPIO_Init
                0x0000000008001fb0       0xc8 Src/main.o
 .text.MX_USART1_UART_Init
                0x0000000008002078       0x2c Src/main.o
 .text.MX_USART3_UART_Init
                0x00000000080020a4       0x2c Src/main.o
 .text.SystemClock_Config
                0x00000000080020d0       0x5c Src/main.o
                0x00000000080020d0                SystemClock_Config
 .text.main     0x000000000800212c       0xd0 Src/main.o
                0x000000000800212c                main
 .text.HAL_MspInit
                0x00000000080021fc       0x44 Src/stm32l1xx_hal_msp.o
                0x00000000080021fc                HAL_MspInit
 .text.HAL_UART_MspInit
                0x0000000008002240       0xd4 Src/stm32l1xx_hal_msp.o
                0x0000000008002240                HAL_UART_MspInit
 .text.NMI_Handler
                0x0000000008002314        0x2 Src/stm32l1xx_it.o
                0x0000000008002314                NMI_Handler
 .text.HardFault_Handler
                0x0000000008002316        0x2 Src/stm32l1xx_it.o
                0x0000000008002316                HardFault_Handler
 .text.MemManage_Handler
                0x0000000008002318        0x2 Src/stm32l1xx_it.o
                0x0000000008002318                MemManage_Handler
 .text.BusFault_Handler
                0x000000000800231a        0x2 Src/stm32l1xx_it.o
                0x000000000800231a                BusFault_Handler
 .text.UsageFault_Handler
                0x000000000800231c        0x2 Src/stm32l1xx_it.o
                0x000000000800231c                UsageFault_Handler
 .text.SVC_Handler
                0x000000000800231e        0x2 Src/stm32l1xx_it.o
                0x000000000800231e                SVC_Handler
 .text.DebugMon_Handler
                0x0000000008002320        0x2 Src/stm32l1xx_it.o
                0x0000000008002320                DebugMon_Handler
 .text.PendSV_Handler
                0x0000000008002322        0x2 Src/stm32l1xx_it.o
                0x0000000008002322                PendSV_Handler
 .text.SysTick_Handler
                0x0000000008002324        0x8 Src/stm32l1xx_it.o
                0x0000000008002324                SysTick_Handler
 .text.EXTI0_IRQHandler
                0x000000000800232c        0xa Src/stm32l1xx_it.o
                0x000000000800232c                EXTI0_IRQHandler
 *fill*         0x0000000008002336        0x2 
 .text.USART3_IRQHandler
                0x0000000008002338       0x10 Src/stm32l1xx_it.o
                0x0000000008002338                USART3_IRQHandler
 .text._read    0x0000000008002348       0x1c Src/syscalls.o
                0x0000000008002348                _read
 .text._write   0x0000000008002364       0x1c Src/syscalls.o
                0x0000000008002364                _write
 .text._sbrk    0x0000000008002380       0x3c Src/syscalls.o
                0x0000000008002380                _sbrk
 .text._close   0x00000000080023bc        0x6 Src/syscalls.o
                0x00000000080023bc                _close
 .text._fstat   0x00000000080023c2        0xa Src/syscalls.o
                0x00000000080023c2                _fstat
 .text._isatty  0x00000000080023cc        0x4 Src/syscalls.o
                0x00000000080023cc                _isatty
 .text._lseek   0x00000000080023d0        0x4 Src/syscalls.o
                0x00000000080023d0                _lseek
 .text.SystemInit
                0x00000000080023d4       0x48 Src/system_stm32l1xx.o
                0x00000000080023d4                SystemInit
 .text.__io_putchar
                0x000000000800241c       0x18 Src/uart_io.o
                0x000000000800241c                __io_putchar
 .text.__io_getchar
                0x0000000008002434       0x18 Src/uart_io.o
                0x0000000008002434                __io_getchar
 .text.FifoNext
                0x000000000800244c       0x10 Src/system/fifo.o
 .text.FifoInit
                0x000000000800245c        0xc Src/system/fifo.o
                0x000000000800245c                FifoInit
 .text.FifoPush
                0x0000000008002468       0x14 Src/system/fifo.o
                0x0000000008002468                FifoPush
 .text.FifoPop  0x000000000800247c       0x14 Src/system/fifo.o
                0x000000000800247c                FifoPop
 .text.IsFifoEmpty
                0x0000000008002490        0xe Src/system/fifo.o
                0x0000000008002490                IsFifoEmpty
 .text.IsFifoFull
                0x000000000800249e       0x16 Src/system/fifo.o
                0x000000000800249e                IsFifoFull
 .text.Reset_Handler
                0x00000000080024b4       0x50 startup/startup_stm32l151xba.o
                0x00000000080024b4                Reset_Handler
 .text.Default_Handler
                0x0000000008002504        0x2 startup/startup_stm32l151xba.o
                0x0000000008002504                RTC_Alarm_IRQHandler
                0x0000000008002504                EXTI2_IRQHandler
                0x0000000008002504                TIM10_IRQHandler
                0x0000000008002504                USB_HP_IRQHandler
                0x0000000008002504                TIM6_IRQHandler
                0x0000000008002504                PVD_IRQHandler
                0x0000000008002504                EXTI3_IRQHandler
                0x0000000008002504                I2C2_EV_IRQHandler
                0x0000000008002504                SPI1_IRQHandler
                0x0000000008002504                USB_FS_WKUP_IRQHandler
                0x0000000008002504                DMA1_Channel4_IRQHandler
                0x0000000008002504                ADC1_IRQHandler
                0x0000000008002504                DMA1_Channel7_IRQHandler
                0x0000000008002504                TIM4_IRQHandler
                0x0000000008002504                I2C1_EV_IRQHandler
                0x0000000008002504                DMA1_Channel6_IRQHandler
                0x0000000008002504                TIM3_IRQHandler
                0x0000000008002504                RCC_IRQHandler
                0x0000000008002504                DMA1_Channel1_IRQHandler
                0x0000000008002504                Default_Handler
                0x0000000008002504                EXTI15_10_IRQHandler
                0x0000000008002504                TIM7_IRQHandler
                0x0000000008002504                EXTI9_5_IRQHandler
                0x0000000008002504                TIM9_IRQHandler
                0x0000000008002504                TAMPER_STAMP_IRQHandler
                0x0000000008002504                RTC_WKUP_IRQHandler
                0x0000000008002504                SPI2_IRQHandler
                0x0000000008002504                DMA1_Channel5_IRQHandler
                0x0000000008002504                USB_LP_IRQHandler
                0x0000000008002504                EXTI4_IRQHandler
                0x0000000008002504                DMA1_Channel3_IRQHandler
                0x0000000008002504                COMP_IRQHandler
                0x0000000008002504                WWDG_IRQHandler
                0x0000000008002504                TIM2_IRQHandler
                0x0000000008002504                DAC_IRQHandler
                0x0000000008002504                EXTI1_IRQHandler
                0x0000000008002504                TIM11_IRQHandler
                0x0000000008002504                USART2_IRQHandler
                0x0000000008002504                I2C2_ER_IRQHandler
                0x0000000008002504                DMA1_Channel2_IRQHandler
                0x0000000008002504                FLASH_IRQHandler
                0x0000000008002504                USART1_IRQHandler
                0x0000000008002504                I2C1_ER_IRQHandler
 *fill*         0x0000000008002506        0x2 
 .text.__errno  0x0000000008002508        0xc /home/uli/.p2/pool/plugins/fr.ac6.mcu.externaltools.arm-none.linux64_1.16.0.201807130628/tools/st-gnu-arm-gcc-7-2017-q4-major_gdb-5_4-2016q3/bin/../lib/gcc/arm-none-eabi/7.2.1/../../../../arm-none-eabi/lib/thumb/v7-m/libc_nano.a(lib_a-errno.o)
                0x0000000008002508                __errno
 .text.__libc_init_array
                0x0000000008002514       0x48 /home/uli/.p2/pool/plugins/fr.ac6.mcu.externaltools.arm-none.linux64_1.16.0.201807130628/tools/st-gnu-arm-gcc-7-2017-q4-major_gdb-5_4-2016q3/bin/../lib/gcc/arm-none-eabi/7.2.1/../../../../arm-none-eabi/lib/thumb/v7-m/libc_nano.a(lib_a-init.o)
                0x0000000008002514                __libc_init_array
 .text.malloc   0x000000000800255c       0x10 /home/uli/.p2/pool/plugins/fr.ac6.mcu.externaltools.arm-none.linux64_1.16.0.201807130628/tools/st-gnu-arm-gcc-7-2017-q4-major_gdb-5_4-2016q3/bin/../lib/gcc/arm-none-eabi/7.2.1/../../../../arm-none-eabi/lib/thumb/v7-m/libc_nano.a(lib_a-malloc.o)
                0x000000000800255c                malloc
 .text.memset   0x000000000800256c       0x10 /home/uli/.p2/pool/plugins/fr.ac6.mcu.externaltools.arm-none.linux64_1.16.0.201807130628/tools/st-gnu-arm-gcc-7-2017-q4-major_gdb-5_4-2016q3/bin/../lib/gcc/arm-none-eabi/7.2.1/../../../../arm-none-eabi/lib/thumb/v7-m/libc_nano.a(lib_a-memset.o)
                0x000000000800256c                memset
 .text._free_r  0x000000000800257c       0x98 /home/uli/.p2/pool/plugins/fr.ac6.mcu.externaltools.arm-none.linux64_1.16.0.201807130628/tools/st-gnu-arm-gcc-7-2017-q4-major_gdb-5_4-2016q3/bin/../lib/gcc/arm-none-eabi/7.2.1/../../../../arm-none-eabi/lib/thumb/v7-m/libc_nano.a(lib_a-nano-freer.o)
                0x000000000800257c                _free_r
 .text._malloc_r
                0x0000000008002614       0xb4 /home/uli/.p2/pool/plugins/fr.ac6.mcu.externaltools.arm-none.linux64_1.16.0.201807130628/tools/st-gnu-arm-gcc-7-2017-q4-major_gdb-5_4-2016q3/bin/../lib/gcc/arm-none-eabi/7.2.1/../../../../arm-none-eabi/lib/thumb/v7-m/libc_nano.a(lib_a-nano-mallocr.o)
                0x0000000008002614                _malloc_r
 .text.__cvt    0x00000000080026c8       0xb8 /home/uli/.p2/pool/plugins/fr.ac6.mcu.externaltools.arm-none.linux64_1.16.0.201807130628/tools/st-gnu-arm-gcc-7-2017-q4-major_gdb-5_4-2016q3/bin/../lib/gcc/arm-none-eabi/7.2.1/../../../../arm-none-eabi/lib/thumb/v7-m/libc_nano.a(lib_a-nano-vfprintf_float.o)
                0x00000000080026c8                __cvt
 .text.__exponent
                0x0000000008002780       0x6a /home/uli/.p2/pool/plugins/fr.ac6.mcu.externaltools.arm-none.linux64_1.16.0.201807130628/tools/st-gnu-arm-gcc-7-2017-q4-major_gdb-5_4-2016q3/bin/../lib/gcc/arm-none-eabi/7.2.1/../../../../arm-none-eabi/lib/thumb/v7-m/libc_nano.a(lib_a-nano-vfprintf_float.o)
                0x0000000008002780                __exponent
 *fill*         0x00000000080027ea        0x2 
 .text._printf_float
                0x00000000080027ec      0x46c /home/uli/.p2/pool/plugins/fr.ac6.mcu.externaltools.arm-none.linux64_1.16.0.201807130628/tools/st-gnu-arm-gcc-7-2017-q4-major_gdb-5_4-2016q3/bin/../lib/gcc/arm-none-eabi/7.2.1/../../../../arm-none-eabi/lib/thumb/v7-m/libc_nano.a(lib_a-nano-vfprintf_float.o)
                0x00000000080027ec                _printf_float
 .text._printf_common
                0x0000000008002c58       0xec /home/uli/.p2/pool/plugins/fr.ac6.mcu.externaltools.arm-none.linux64_1.16.0.201807130628/tools/st-gnu-arm-gcc-7-2017-q4-major_gdb-5_4-2016q3/bin/../lib/gcc/arm-none-eabi/7.2.1/../../../../arm-none-eabi/lib/thumb/v7-m/libc_nano.a(lib_a-nano-vfprintf_i.o)
                0x0000000008002c58                _printf_common
 .text._printf_i
                0x0000000008002d44      0x224 /home/uli/.p2/pool/plugins/fr.ac6.mcu.externaltools.arm-none.linux64_1.16.0.201807130628/tools/st-gnu-arm-gcc-7-2017-q4-major_gdb-5_4-2016q3/bin/../lib/gcc/arm-none-eabi/7.2.1/../../../../arm-none-eabi/lib/thumb/v7-m/libc_nano.a(lib_a-nano-vfprintf_i.o)
                0x0000000008002d44                _printf_i
 .text._perror_r
                0x0000000008002f68       0x4c /home/uli/.p2/pool/plugins/fr.ac6.mcu.externaltools.arm-none.linux64_1.16.0.201807130628/tools/st-gnu-arm-gcc-7-2017-q4-major_gdb-5_4-2016q3/bin/../lib/gcc/arm-none-eabi/7.2.1/../../../../arm-none-eabi/lib/thumb/v7-m/libc_nano.a(lib_a-perror.o)
                0x0000000008002f68                _perror_r
 .text.perror   0x0000000008002fb4       0x10 /home/uli/.p2/pool/plugins/fr.ac6.mcu.externaltools.arm-none.linux64_1.16.0.201807130628/tools/st-gnu-arm-gcc-7-2017-q4-major_gdb-5_4-2016q3/bin/../lib/gcc/arm-none-eabi/7.2.1/../../../../arm-none-eabi/lib/thumb/v7-m/libc_nano.a(lib_a-perror.o)
                0x0000000008002fb4                perror
 .text.printf   0x0000000008002fc4       0x30 /home/uli/.p2/pool/plugins/fr.ac6.mcu.externaltools.arm-none.linux64_1.16.0.201807130628/tools/st-gnu-arm-gcc-7-2017-q4-major_gdb-5_4-2016q3/bin/../lib/gcc/arm-none-eabi/7.2.1/../../../../arm-none-eabi/lib/thumb/v7-m/libc_nano.a(lib_a-printf.o)
                0x0000000008002fc4                printf
                0x0000000008002fc4                iprintf
 .text.putchar  0x0000000008002ff4       0x28 /home/uli/.p2/pool/plugins/fr.ac6.mcu.externaltools.arm-none.linux64_1.16.0.201807130628/tools/st-gnu-arm-gcc-7-2017-q4-major_gdb-5_4-2016q3/bin/../lib/gcc/arm-none-eabi/7.2.1/../../../../arm-none-eabi/lib/thumb/v7-m/libc_nano.a(lib_a-putchar.o)
                0x0000000008002ff4                putchar
 .text._puts_r  0x000000000800301c       0xb8 /home/uli/.p2/pool/plugins/fr.ac6.mcu.externaltools.arm-none.linux64_1.16.0.201807130628/tools/st-gnu-arm-gcc-7-2017-q4-major_gdb-5_4-2016q3/bin/../lib/gcc/arm-none-eabi/7.2.1/../../../../arm-none-eabi/lib/thumb/v7-m/libc_nano.a(lib_a-puts.o)
                0x000000000800301c                _puts_r
 .text.puts     0x00000000080030d4       0x10 /home/uli/.p2/pool/plugins/fr.ac6.mcu.externaltools.arm-none.linux64_1.16.0.201807130628/tools/st-gnu-arm-gcc-7-2017-q4-major_gdb-5_4-2016q3/bin/../lib/gcc/arm-none-eabi/7.2.1/../../../../arm-none-eabi/lib/thumb/v7-m/libc_nano.a(lib_a-puts.o)
                0x00000000080030d4                puts
 .text._sbrk_r  0x00000000080030e4       0x20 /home/uli/.p2/pool/plugins/fr.ac6.mcu.externaltools.arm-none.linux64_1.16.0.201807130628/tools/st-gnu-arm-gcc-7-2017-q4-major_gdb-5_4-2016q3/bin/../lib/gcc/arm-none-eabi/7.2.1/../../../../arm-none-eabi/lib/thumb/v7-m/libc_nano.a(lib_a-sbrkr.o)
                0x00000000080030e4                _sbrk_r
 .text._strerror_r
                0x0000000008003104      0x3cc /home/uli/.p2/pool/plugins/fr.ac6.mcu.externaltools.arm-none.linux64_1.16.0.201807130628/tools/st-gnu-arm-gcc-7-2017-q4-major_gdb-5_4-2016q3/bin/../lib/gcc/arm-none-eabi/7.2.1/../../../../arm-none-eabi/lib/thumb/v7-m/libc_nano.a(lib_a-strerror.o)
                0x0000000008003104                _strerror_r
 .text._user_strerror
                0x00000000080034d0        0x4 /home/uli/.p2/pool/plugins/fr.ac6.mcu.externaltools.arm-none.linux64_1.16.0.201807130628/tools/st-gnu-arm-gcc-7-2017-q4-major_gdb-5_4-2016q3/bin/../lib/gcc/arm-none-eabi/7.2.1/../../../../arm-none-eabi/lib/thumb/v7-m/libc_nano.a(lib_a-u_strerr.o)
                0x00000000080034d0                _user_strerror
 .text.__swbuf_r
                0x00000000080034d4       0xa4 /home/uli/.p2/pool/plugins/fr.ac6.mcu.externaltools.arm-none.linux64_1.16.0.201807130628/tools/st-gnu-arm-gcc-7-2017-q4-major_gdb-5_4-2016q3/bin/../lib/gcc/arm-none-eabi/7.2.1/../../../../arm-none-eabi/lib/thumb/v7-m/libc_nano.a(lib_a-wbuf.o)
                0x00000000080034d4                __swbuf_r
 .text.__swsetup_r
                0x0000000008003578       0xdc /home/uli/.p2/pool/plugins/fr.ac6.mcu.externaltools.arm-none.linux64_1.16.0.201807130628/tools/st-gnu-arm-gcc-7-2017-q4-major_gdb-5_4-2016q3/bin/../lib/gcc/arm-none-eabi/7.2.1/../../../../arm-none-eabi/lib/thumb/v7-m/libc_nano.a(lib_a-wsetup.o)
                0x0000000008003578                __swsetup_r
 .text.quorem   0x0000000008003654      0x11c /home/uli/.p2/pool/plugins/fr.ac6.mcu.externaltools.arm-none.linux64_1.16.0.201807130628/tools/st-gnu-arm-gcc-7-2017-q4-major_gdb-5_4-2016q3/bin/../lib/gcc/arm-none-eabi/7.2.1/../../../../arm-none-eabi/lib/thumb/v7-m/libc_nano.a(lib_a-dtoa.o)
 .text._dtoa_r  0x0000000008003770      0xb68 /home/uli/.p2/pool/plugins/fr.ac6.mcu.externaltools.arm-none.linux64_1.16.0.201807130628/tools/st-gnu-arm-gcc-7-2017-q4-major_gdb-5_4-2016q3/bin/../lib/gcc/arm-none-eabi/7.2.1/../../../../arm-none-eabi/lib/thumb/v7-m/libc_nano.a(lib_a-dtoa.o)
                0x0000000008003770                _dtoa_r
 .text.__sflush_r
                0x00000000080042d8      0x10c /home/uli/.p2/pool/plugins/fr.ac6.mcu.externaltools.arm-none.linux64_1.16.0.201807130628/tools/st-gnu-arm-gcc-7-2017-q4-major_gdb-5_4-2016q3/bin/../lib/gcc/arm-none-eabi/7.2.1/../../../../arm-none-eabi/lib/thumb/v7-m/libc_nano.a(lib_a-fflush.o)
                0x00000000080042d8                __sflush_r
 .text._fflush_r
                0x00000000080043e4       0x54 /home/uli/.p2/pool/plugins/fr.ac6.mcu.externaltools.arm-none.linux64_1.16.0.201807130628/tools/st-gnu-arm-gcc-7-2017-q4-major_gdb-5_4-2016q3/bin/../lib/gcc/arm-none-eabi/7.2.1/../../../../arm-none-eabi/lib/thumb/v7-m/libc_nano.a(lib_a-fflush.o)
                0x00000000080043e4                _fflush_r
 .text.std      0x0000000008004438       0x48 /home/uli/.p2/pool/plugins/fr.ac6.mcu.externaltools.arm-none.linux64_1.16.0.201807130628/tools/st-gnu-arm-gcc-7-2017-q4-major_gdb-5_4-2016q3/bin/../lib/gcc/arm-none-eabi/7.2.1/../../../../arm-none-eabi/lib/thumb/v7-m/libc_nano.a(lib_a-findfp.o)
 .text._cleanup_r
                0x0000000008004480        0xc /home/uli/.p2/pool/plugins/fr.ac6.mcu.externaltools.arm-none.linux64_1.16.0.201807130628/tools/st-gnu-arm-gcc-7-2017-q4-major_gdb-5_4-2016q3/bin/../lib/gcc/arm-none-eabi/7.2.1/../../../../arm-none-eabi/lib/thumb/v7-m/libc_nano.a(lib_a-findfp.o)
                0x0000000008004480                _cleanup_r
 .text.__sfmoreglue
                0x000000000800448c       0x2c /home/uli/.p2/pool/plugins/fr.ac6.mcu.externaltools.arm-none.linux64_1.16.0.201807130628/tools/st-gnu-arm-gcc-7-2017-q4-major_gdb-5_4-2016q3/bin/../lib/gcc/arm-none-eabi/7.2.1/../../../../arm-none-eabi/lib/thumb/v7-m/libc_nano.a(lib_a-findfp.o)
                0x000000000800448c                __sfmoreglue
 .text.__sinit  0x00000000080044b8       0x60 /home/uli/.p2/pool/plugins/fr.ac6.mcu.externaltools.arm-none.linux64_1.16.0.201807130628/tools/st-gnu-arm-gcc-7-2017-q4-major_gdb-5_4-2016q3/bin/../lib/gcc/arm-none-eabi/7.2.1/../../../../arm-none-eabi/lib/thumb/v7-m/libc_nano.a(lib_a-findfp.o)
                0x00000000080044b8                __sinit
 .text.__sfp    0x0000000008004518       0x78 /home/uli/.p2/pool/plugins/fr.ac6.mcu.externaltools.arm-none.linux64_1.16.0.201807130628/tools/st-gnu-arm-gcc-7-2017-q4-major_gdb-5_4-2016q3/bin/../lib/gcc/arm-none-eabi/7.2.1/../../../../arm-none-eabi/lib/thumb/v7-m/libc_nano.a(lib_a-findfp.o)
                0x0000000008004518                __sfp
 .text._fputc_r
                0x0000000008004590       0x48 /home/uli/.p2/pool/plugins/fr.ac6.mcu.externaltools.arm-none.linux64_1.16.0.201807130628/tools/st-gnu-arm-gcc-7-2017-q4-major_gdb-5_4-2016q3/bin/../lib/gcc/arm-none-eabi/7.2.1/../../../../arm-none-eabi/lib/thumb/v7-m/libc_nano.a(lib_a-fputc.o)
                0x0000000008004590                _fputc_r
 .text.fputc    0x00000000080045d8       0x10 /home/uli/.p2/pool/plugins/fr.ac6.mcu.externaltools.arm-none.linux64_1.16.0.201807130628/tools/st-gnu-arm-gcc-7-2017-q4-major_gdb-5_4-2016q3/bin/../lib/gcc/arm-none-eabi/7.2.1/../../../../arm-none-eabi/lib/thumb/v7-m/libc_nano.a(lib_a-fputc.o)
                0x00000000080045d8                fputc
 .text._fputs_r
                0x00000000080045e8       0x90 /home/uli/.p2/pool/plugins/fr.ac6.mcu.externaltools.arm-none.linux64_1.16.0.201807130628/tools/st-gnu-arm-gcc-7-2017-q4-major_gdb-5_4-2016q3/bin/../lib/gcc/arm-none-eabi/7.2.1/../../../../arm-none-eabi/lib/thumb/v7-m/libc_nano.a(lib_a-fputs.o)
                0x00000000080045e8                _fputs_r
 .text.fputs    0x0000000008004678       0x10 /home/uli/.p2/pool/plugins/fr.ac6.mcu.externaltools.arm-none.linux64_1.16.0.201807130628/tools/st-gnu-arm-gcc-7-2017-q4-major_gdb-5_4-2016q3/bin/../lib/gcc/arm-none-eabi/7.2.1/../../../../arm-none-eabi/lib/thumb/v7-m/libc_nano.a(lib_a-fputs.o)
                0x0000000008004678                fputs
 .text._fwalk_reent
                0x0000000008004688       0x3c /home/uli/.p2/pool/plugins/fr.ac6.mcu.externaltools.arm-none.linux64_1.16.0.201807130628/tools/st-gnu-arm-gcc-7-2017-q4-major_gdb-5_4-2016q3/bin/../lib/gcc/arm-none-eabi/7.2.1/../../../../arm-none-eabi/lib/thumb/v7-m/libc_nano.a(lib_a-fwalk.o)
                0x0000000008004688                _fwalk_reent
 .text._localeconv_r
                0x00000000080046c4       0x1c /home/uli/.p2/pool/plugins/fr.ac6.mcu.externaltools.arm-none.linux64_1.16.0.201807130628/tools/st-gnu-arm-gcc-7-2017-q4-major_gdb-5_4-2016q3/bin/../lib/gcc/arm-none-eabi/7.2.1/../../../../arm-none-eabi/lib/thumb/v7-m/libc_nano.a(lib_a-localeconv.o)
                0x00000000080046c4                _localeconv_r
 .text.__swhatbuf_r
                0x00000000080046e0       0x48 /home/uli/.p2/pool/plugins/fr.ac6.mcu.externaltools.arm-none.linux64_1.16.0.201807130628/tools/st-gnu-arm-gcc-7-2017-q4-major_gdb-5_4-2016q3/bin/../lib/gcc/arm-none-eabi/7.2.1/../../../../arm-none-eabi/lib/thumb/v7-m/libc_nano.a(lib_a-makebuf.o)
                0x00000000080046e0                __swhatbuf_r
 .text.__smakebuf_r
                0x0000000008004728       0x80 /home/uli/.p2/pool/plugins/fr.ac6.mcu.externaltools.arm-none.linux64_1.16.0.201807130628/tools/st-gnu-arm-gcc-7-2017-q4-major_gdb-5_4-2016q3/bin/../lib/gcc/arm-none-eabi/7.2.1/../../../../arm-none-eabi/lib/thumb/v7-m/libc_nano.a(lib_a-makebuf.o)
                0x0000000008004728                __smakebuf_r
 .text.memchr   0x00000000080047a8       0x1c /home/uli/.p2/pool/plugins/fr.ac6.mcu.externaltools.arm-none.linux64_1.16.0.201807130628/tools/st-gnu-arm-gcc-7-2017-q4-major_gdb-5_4-2016q3/bin/../lib/gcc/arm-none-eabi/7.2.1/../../../../arm-none-eabi/lib/thumb/v7-m/libc_nano.a(lib_a-memchr-stub.o)
                0x00000000080047a8                memchr
 .text.memcpy   0x00000000080047c4       0x16 /home/uli/.p2/pool/plugins/fr.ac6.mcu.externaltools.arm-none.linux64_1.16.0.201807130628/tools/st-gnu-arm-gcc-7-2017-q4-major_gdb-5_4-2016q3/bin/../lib/gcc/arm-none-eabi/7.2.1/../../../../arm-none-eabi/lib/thumb/v7-m/libc_nano.a(lib_a-memcpy-stub.o)
                0x00000000080047c4                memcpy
 .text.__malloc_lock
                0x00000000080047da        0x2 /home/uli/.p2/pool/plugins/fr.ac6.mcu.externaltools.arm-none.linux64_1.16.0.201807130628/tools/st-gnu-arm-gcc-7-2017-q4-major_gdb-5_4-2016q3/bin/../lib/gcc/arm-none-eabi/7.2.1/../../../../arm-none-eabi/lib/thumb/v7-m/libc_nano.a(lib_a-mlock.o)
                0x00000000080047da                __malloc_lock
 .text.__malloc_unlock
                0x00000000080047dc        0x2 /home/uli/.p2/pool/plugins/fr.ac6.mcu.externaltools.arm-none.linux64_1.16.0.201807130628/tools/st-gnu-arm-gcc-7-2017-q4-major_gdb-5_4-2016q3/bin/../lib/gcc/arm-none-eabi/7.2.1/../../../../arm-none-eabi/lib/thumb/v7-m/libc_nano.a(lib_a-mlock.o)
                0x00000000080047dc                __malloc_unlock
 .text._Balloc  0x00000000080047de       0x68 /home/uli/.p2/pool/plugins/fr.ac6.mcu.externaltools.arm-none.linux64_1.16.0.201807130628/tools/st-gnu-arm-gcc-7-2017-q4-major_gdb-5_4-2016q3/bin/../lib/gcc/arm-none-eabi/7.2.1/../../../../arm-none-eabi/lib/thumb/v7-m/libc_nano.a(lib_a-mprec.o)
                0x00000000080047de                _Balloc
 .text._Bfree   0x0000000008004846       0x2e /home/uli/.p2/pool/plugins/fr.ac6.mcu.externaltools.arm-none.linux64_1.16.0.201807130628/tools/st-gnu-arm-gcc-7-2017-q4-major_gdb-5_4-2016q3/bin/../lib/gcc/arm-none-eabi/7.2.1/../../../../arm-none-eabi/lib/thumb/v7-m/libc_nano.a(lib_a-mprec.o)
                0x0000000008004846                _Bfree
 .text.__multadd
                0x0000000008004874       0x76 /home/uli/.p2/pool/plugins/fr.ac6.mcu.externaltools.arm-none.linux64_1.16.0.201807130628/tools/st-gnu-arm-gcc-7-2017-q4-major_gdb-5_4-2016q3/bin/../lib/gcc/arm-none-eabi/7.2.1/../../../../arm-none-eabi/lib/thumb/v7-m/libc_nano.a(lib_a-mprec.o)
                0x0000000008004874                __multadd
 .text.__hi0bits
                0x00000000080048ea       0x3e /home/uli/.p2/pool/plugins/fr.ac6.mcu.externaltools.arm-none.linux64_1.16.0.201807130628/tools/st-gnu-arm-gcc-7-2017-q4-major_gdb-5_4-2016q3/bin/../lib/gcc/arm-none-eabi/7.2.1/../../../../arm-none-eabi/lib/thumb/v7-m/libc_nano.a(lib_a-mprec.o)
                0x00000000080048ea                __hi0bits
 .text.__lo0bits
                0x0000000008004928       0x5e /home/uli/.p2/pool/plugins/fr.ac6.mcu.externaltools.arm-none.linux64_1.16.0.201807130628/tools/st-gnu-arm-gcc-7-2017-q4-major_gdb-5_4-2016q3/bin/../lib/gcc/arm-none-eabi/7.2.1/../../../../arm-none-eabi/lib/thumb/v7-m/libc_nano.a(lib_a-mprec.o)
                0x0000000008004928                __lo0bits
 .text.__i2b    0x0000000008004986       0x12 /home/uli/.p2/pool/plugins/fr.ac6.mcu.externaltools.arm-none.linux64_1.16.0.201807130628/tools/st-gnu-arm-gcc-7-2017-q4-major_gdb-5_4-2016q3/bin/../lib/gcc/arm-none-eabi/7.2.1/../../../../arm-none-eabi/lib/thumb/v7-m/libc_nano.a(lib_a-mprec.o)
                0x0000000008004986                __i2b
 .text.__multiply
                0x0000000008004998      0x12a /home/uli/.p2/pool/plugins/fr.ac6.mcu.externaltools.arm-none.linux64_1.16.0.201807130628/tools/st-gnu-arm-gcc-7-2017-q4-major_gdb-5_4-2016q3/bin/../lib/gcc/arm-none-eabi/7.2.1/../../../../arm-none-eabi/lib/thumb/v7-m/libc_nano.a(lib_a-mprec.o)
                0x0000000008004998                __multiply
 *fill*         0x0000000008004ac2        0x2 
 .text.__pow5mult
                0x0000000008004ac4       0x9c /home/uli/.p2/pool/plugins/fr.ac6.mcu.externaltools.arm-none.linux64_1.16.0.201807130628/tools/st-gnu-arm-gcc-7-2017-q4-major_gdb-5_4-2016q3/bin/../lib/gcc/arm-none-eabi/7.2.1/../../../../arm-none-eabi/lib/thumb/v7-m/libc_nano.a(lib_a-mprec.o)
                0x0000000008004ac4                __pow5mult
 .text.__lshift
                0x0000000008004b60       0xa8 /home/uli/.p2/pool/plugins/fr.ac6.mcu.externaltools.arm-none.linux64_1.16.0.201807130628/tools/st-gnu-arm-gcc-7-2017-q4-major_gdb-5_4-2016q3/bin/../lib/gcc/arm-none-eabi/7.2.1/../../../../arm-none-eabi/lib/thumb/v7-m/libc_nano.a(lib_a-mprec.o)
                0x0000000008004b60                __lshift
 .text.__mcmp   0x0000000008004c08       0x34 /home/uli/.p2/pool/plugins/fr.ac6.mcu.externaltools.arm-none.linux64_1.16.0.201807130628/tools/st-gnu-arm-gcc-7-2017-q4-major_gdb-5_4-2016q3/bin/../lib/gcc/arm-none-eabi/7.2.1/../../../../arm-none-eabi/lib/thumb/v7-m/libc_nano.a(lib_a-mprec.o)
                0x0000000008004c08                __mcmp
 .text.__mdiff  0x0000000008004c3c       0xbc /home/uli/.p2/pool/plugins/fr.ac6.mcu.externaltools.arm-none.linux64_1.16.0.201807130628/tools/st-gnu-arm-gcc-7-2017-q4-major_gdb-5_4-2016q3/bin/../lib/gcc/arm-none-eabi/7.2.1/../../../../arm-none-eabi/lib/thumb/v7-m/libc_nano.a(lib_a-mprec.o)
                0x0000000008004c3c                __mdiff
 .text.__d2b    0x0000000008004cf8       0x9e /home/uli/.p2/pool/plugins/fr.ac6.mcu.externaltools.arm-none.linux64_1.16.0.201807130628/tools/st-gnu-arm-gcc-7-2017-q4-major_gdb-5_4-2016q3/bin/../lib/gcc/arm-none-eabi/7.2.1/../../../../arm-none-eabi/lib/thumb/v7-m/libc_nano.a(lib_a-mprec.o)
                0x0000000008004cf8                __d2b
 .text._calloc_r
                0x0000000008004d96       0x1c /home/uli/.p2/pool/plugins/fr.ac6.mcu.externaltools.arm-none.linux64_1.16.0.201807130628/tools/st-gnu-arm-gcc-7-2017-q4-major_gdb-5_4-2016q3/bin/../lib/gcc/arm-none-eabi/7.2.1/../../../../arm-none-eabi/lib/thumb/v7-m/libc_nano.a(lib_a-nano-callocr.o)
                0x0000000008004d96                _calloc_r
 .text.__sfputc_r
                0x0000000008004db2       0x2a /home/uli/.p2/pool/plugins/fr.ac6.mcu.externaltools.arm-none.linux64_1.16.0.201807130628/tools/st-gnu-arm-gcc-7-2017-q4-major_gdb-5_4-2016q3/bin/../lib/gcc/arm-none-eabi/7.2.1/../../../../arm-none-eabi/lib/thumb/v7-m/libc_nano.a(lib_a-nano-vfprintf.o)
 .text.__sfputs_r
                0x0000000008004ddc       0x24 /home/uli/.p2/pool/plugins/fr.ac6.mcu.externaltools.arm-none.linux64_1.16.0.201807130628/tools/st-gnu-arm-gcc-7-2017-q4-major_gdb-5_4-2016q3/bin/../lib/gcc/arm-none-eabi/7.2.1/../../../../arm-none-eabi/lib/thumb/v7-m/libc_nano.a(lib_a-nano-vfprintf.o)
                0x0000000008004ddc                __sfputs_r
 .text._vfprintf_r
                0x0000000008004e00      0x228 /home/uli/.p2/pool/plugins/fr.ac6.mcu.externaltools.arm-none.linux64_1.16.0.201807130628/tools/st-gnu-arm-gcc-7-2017-q4-major_gdb-5_4-2016q3/bin/../lib/gcc/arm-none-eabi/7.2.1/../../../../arm-none-eabi/lib/thumb/v7-m/libc_nano.a(lib_a-nano-vfprintf.o)
                0x0000000008004e00                _vfiprintf_r
                0x0000000008004e00                _vfprintf_r
 .text._putc_r  0x0000000008005028       0x6c /home/uli/.p2/pool/plugins/fr.ac6.mcu.externaltools.arm-none.linux64_1.16.0.201807130628/tools/st-gnu-arm-gcc-7-2017-q4-major_gdb-5_4-2016q3/bin/../lib/gcc/arm-none-eabi/7.2.1/../../../../arm-none-eabi/lib/thumb/v7-m/libc_nano.a(lib_a-putc.o)
                0x0000000008005028                _putc_r
 .text.__sread  0x0000000008005094       0x22 /home/uli/.p2/pool/plugins/fr.ac6.mcu.externaltools.arm-none.linux64_1.16.0.201807130628/tools/st-gnu-arm-gcc-7-2017-q4-major_gdb-5_4-2016q3/bin/../lib/gcc/arm-none-eabi/7.2.1/../../../../arm-none-eabi/lib/thumb/v7-m/libc_nano.a(lib_a-stdio.o)
                0x0000000008005094                __sread
 .text.__swrite
                0x00000000080050b6       0x38 /home/uli/.p2/pool/plugins/fr.ac6.mcu.externaltools.arm-none.linux64_1.16.0.201807130628/tools/st-gnu-arm-gcc-7-2017-q4-major_gdb-5_4-2016q3/bin/../lib/gcc/arm-none-eabi/7.2.1/../../../../arm-none-eabi/lib/thumb/v7-m/libc_nano.a(lib_a-stdio.o)
                0x00000000080050b6                __swrite
 .text.__sseek  0x00000000080050ee       0x24 /home/uli/.p2/pool/plugins/fr.ac6.mcu.externaltools.arm-none.linux64_1.16.0.201807130628/tools/st-gnu-arm-gcc-7-2017-q4-major_gdb-5_4-2016q3/bin/../lib/gcc/arm-none-eabi/7.2.1/../../../../arm-none-eabi/lib/thumb/v7-m/libc_nano.a(lib_a-stdio.o)
                0x00000000080050ee                __sseek
 .text.__sclose
                0x0000000008005112        0x8 /home/uli/.p2/pool/plugins/fr.ac6.mcu.externaltools.arm-none.linux64_1.16.0.201807130628/tools/st-gnu-arm-gcc-7-2017-q4-major_gdb-5_4-2016q3/bin/../lib/gcc/arm-none-eabi/7.2.1/../../../../arm-none-eabi/lib/thumb/v7-m/libc_nano.a(lib_a-stdio.o)
                0x0000000008005112                __sclose
 *fill*         0x000000000800511a        0x2 
 .text._write_r
                0x000000000800511c       0x24 /home/uli/.p2/pool/plugins/fr.ac6.mcu.externaltools.arm-none.linux64_1.16.0.201807130628/tools/st-gnu-arm-gcc-7-2017-q4-major_gdb-5_4-2016q3/bin/../lib/gcc/arm-none-eabi/7.2.1/../../../../arm-none-eabi/lib/thumb/v7-m/libc_nano.a(lib_a-writer.o)
                0x000000000800511c                _write_r
 .text._close_r
                0x0000000008005140       0x20 /home/uli/.p2/pool/plugins/fr.ac6.mcu.externaltools.arm-none.linux64_1.16.0.201807130628/tools/st-gnu-arm-gcc-7-2017-q4-major_gdb-5_4-2016q3/bin/../lib/gcc/arm-none-eabi/7.2.1/../../../../arm-none-eabi/lib/thumb/v7-m/libc_nano.a(lib_a-closer.o)
                0x0000000008005140                _close_r
 .text._fstat_r
                0x0000000008005160       0x24 /home/uli/.p2/pool/plugins/fr.ac6.mcu.externaltools.arm-none.linux64_1.16.0.201807130628/tools/st-gnu-arm-gcc-7-2017-q4-major_gdb-5_4-2016q3/bin/../lib/gcc/arm-none-eabi/7.2.1/../../../../arm-none-eabi/lib/thumb/v7-m/libc_nano.a(lib_a-fstatr.o)
                0x0000000008005160                _fstat_r
 .text._isatty_r
                0x0000000008005184       0x20 /home/uli/.p2/pool/plugins/fr.ac6.mcu.externaltools.arm-none.linux64_1.16.0.201807130628/tools/st-gnu-arm-gcc-7-2017-q4-major_gdb-5_4-2016q3/bin/../lib/gcc/arm-none-eabi/7.2.1/../../../../arm-none-eabi/lib/thumb/v7-m/libc_nano.a(lib_a-isattyr.o)
                0x0000000008005184                _isatty_r
 .text._lseek_r
                0x00000000080051a4       0x24 /home/uli/.p2/pool/plugins/fr.ac6.mcu.externaltools.arm-none.linux64_1.16.0.201807130628/tools/st-gnu-arm-gcc-7-2017-q4-major_gdb-5_4-2016q3/bin/../lib/gcc/arm-none-eabi/7.2.1/../../../../arm-none-eabi/lib/thumb/v7-m/libc_nano.a(lib_a-lseekr.o)
                0x00000000080051a4                _lseek_r
 .text.__ascii_mbtowc
                0x00000000080051c8       0x24 /home/uli/.p2/pool/plugins/fr.ac6.mcu.externaltools.arm-none.linux64_1.16.0.201807130628/tools/st-gnu-arm-gcc-7-2017-q4-major_gdb-5_4-2016q3/bin/../lib/gcc/arm-none-eabi/7.2.1/../../../../arm-none-eabi/lib/thumb/v7-m/libc_nano.a(lib_a-mbtowc_r.o)
                0x00000000080051c8                __ascii_mbtowc
 .text._read_r  0x00000000080051ec       0x24 /home/uli/.p2/pool/plugins/fr.ac6.mcu.externaltools.arm-none.linux64_1.16.0.201807130628/tools/st-gnu-arm-gcc-7-2017-q4-major_gdb-5_4-2016q3/bin/../lib/gcc/arm-none-eabi/7.2.1/../../../../arm-none-eabi/lib/thumb/v7-m/libc_nano.a(lib_a-readr.o)
                0x00000000080051ec                _read_r
 .text.__ascii_wctomb
                0x0000000008005210       0x1a /home/uli/.p2/pool/plugins/fr.ac6.mcu.externaltools.arm-none.linux64_1.16.0.201807130628/tools/st-gnu-arm-gcc-7-2017-q4-major_gdb-5_4-2016q3/bin/../lib/gcc/arm-none-eabi/7.2.1/../../../../arm-none-eabi/lib/thumb/v7-m/libc_nano.a(lib_a-wctomb_r.o)
                0x0000000008005210                __ascii_wctomb
 *(.glue_7)
 .glue_7        0x000000000800522a        0x0 linker stubs
 *(.glue_7t)
 .glue_7t       0x000000000800522a        0x0 linker stubs
 *(.eh_frame)
 *fill*         0x000000000800522a        0x2 
 .eh_frame      0x000000000800522c        0x0 /home/uli/.p2/pool/plugins/fr.ac6.mcu.externaltools.arm-none.linux64_1.16.0.201807130628/tools/st-gnu-arm-gcc-7-2017-q4-major_gdb-5_4-2016q3/bin/../lib/gcc/arm-none-eabi/7.2.1/thumb/v7-m/crtbegin.o
 *(.init)
 .init          0x000000000800522c        0x4 /home/uli/.p2/pool/plugins/fr.ac6.mcu.externaltools.arm-none.linux64_1.16.0.201807130628/tools/st-gnu-arm-gcc-7-2017-q4-major_gdb-5_4-2016q3/bin/../lib/gcc/arm-none-eabi/7.2.1/thumb/v7-m/crti.o
                0x000000000800522c                _init
 .init          0x0000000008005230        0x8 /home/uli/.p2/pool/plugins/fr.ac6.mcu.externaltools.arm-none.linux64_1.16.0.201807130628/tools/st-gnu-arm-gcc-7-2017-q4-major_gdb-5_4-2016q3/bin/../lib/gcc/arm-none-eabi/7.2.1/thumb/v7-m/crtn.o
 *(.fini)
 .fini          0x0000000008005238        0x4 /home/uli/.p2/pool/plugins/fr.ac6.mcu.externaltools.arm-none.linux64_1.16.0.201807130628/tools/st-gnu-arm-gcc-7-2017-q4-major_gdb-5_4-2016q3/bin/../lib/gcc/arm-none-eabi/7.2.1/thumb/v7-m/crti.o
                0x0000000008005238                _fini
 .fini          0x000000000800523c        0x8 /home/uli/.p2/pool/plugins/fr.ac6.mcu.externaltools.arm-none.linux64_1.16.0.201807130628/tools/st-gnu-arm-gcc-7-2017-q4-major_gdb-5_4-2016q3/bin/../lib/gcc/arm-none-eabi/7.2.1/thumb/v7-m/crtn.o
                0x0000000008005244                . = ALIGN (0x4)
                0x0000000008005244                _etext = .

.vfp11_veneer   0x0000000008005244        0x0
 .vfp11_veneer  0x0000000008005244        0x0 linker stubs

.v4_bx          0x0000000008005244        0x0
 .v4_bx         0x0000000008005244        0x0 linker stubs

.iplt           0x0000000008005244        0x0
 .iplt          0x0000000008005244        0x0 /home/uli/.p2/pool/plugins/fr.ac6.mcu.externaltools.arm-none.linux64_1.16.0.201807130628/tools/st-gnu-arm-gcc-7-2017-q4-major_gdb-5_4-2016q3/bin/../lib/gcc/arm-none-eabi/7.2.1/thumb/v7-m/crtbegin.o

.rodata         0x0000000008005248      0xac0
                0x0000000008005248                . = ALIGN (0x4)
 *(.rodata)
 .rodata        0x0000000008005248       0x24 Src/system_stm32l1xx.o
                0x0000000008005248                PLLMulTable
                0x0000000008005254                AHBPrescTable
                0x0000000008005264                APBPrescTable
 *(.rodata*)
 .rodata.str1.4
                0x000000000800526c        0xe Src/callbacks.o
 *fill*         0x000000000800527a        0x2 
 .rodata.str1.4
                0x000000000800527c      0x134 Src/main.o
                                        0x133 (size before relaxing)
 .rodata._global_impure_ptr
                0x00000000080053b0        0x4 /home/uli/.p2/pool/plugins/fr.ac6.mcu.externaltools.arm-none.linux64_1.16.0.201807130628/tools/st-gnu-arm-gcc-7-2017-q4-major_gdb-5_4-2016q3/bin/../lib/gcc/arm-none-eabi/7.2.1/../../../../arm-none-eabi/lib/thumb/v7-m/libc_nano.a(lib_a-impure.o)
                0x00000000080053b0                _global_impure_ptr
 .rodata._printf_float.str1.1
                0x00000000080053b4       0x12 /home/uli/.p2/pool/plugins/fr.ac6.mcu.externaltools.arm-none.linux64_1.16.0.201807130628/tools/st-gnu-arm-gcc-7-2017-q4-major_gdb-5_4-2016q3/bin/../lib/gcc/arm-none-eabi/7.2.1/../../../../arm-none-eabi/lib/thumb/v7-m/libc_nano.a(lib_a-nano-vfprintf_float.o)
 .rodata._printf_i.str1.1
                0x00000000080053c6       0x22 /home/uli/.p2/pool/plugins/fr.ac6.mcu.externaltools.arm-none.linux64_1.16.0.201807130628/tools/st-gnu-arm-gcc-7-2017-q4-major_gdb-5_4-2016q3/bin/../lib/gcc/arm-none-eabi/7.2.1/../../../../arm-none-eabi/lib/thumb/v7-m/libc_nano.a(lib_a-nano-vfprintf_i.o)
 .rodata._perror_r.str1.1
                0x00000000080053e8        0x3 /home/uli/.p2/pool/plugins/fr.ac6.mcu.externaltools.arm-none.linux64_1.16.0.201807130628/tools/st-gnu-arm-gcc-7-2017-q4-major_gdb-5_4-2016q3/bin/../lib/gcc/arm-none-eabi/7.2.1/../../../../arm-none-eabi/lib/thumb/v7-m/libc_nano.a(lib_a-perror.o)
 .rodata._strerror_r.str1.1
                0x00000000080053eb      0x696 /home/uli/.p2/pool/plugins/fr.ac6.mcu.externaltools.arm-none.linux64_1.16.0.201807130628/tools/st-gnu-arm-gcc-7-2017-q4-major_gdb-5_4-2016q3/bin/../lib/gcc/arm-none-eabi/7.2.1/../../../../arm-none-eabi/lib/thumb/v7-m/libc_nano.a(lib_a-strerror.o)
                                        0x697 (size before relaxing)
 .rodata._dtoa_r.str1.1
                0x0000000008005a81        0xd /home/uli/.p2/pool/plugins/fr.ac6.mcu.externaltools.arm-none.linux64_1.16.0.201807130628/tools/st-gnu-arm-gcc-7-2017-q4-major_gdb-5_4-2016q3/bin/../lib/gcc/arm-none-eabi/7.2.1/../../../../arm-none-eabi/lib/thumb/v7-m/libc_nano.a(lib_a-dtoa.o)
                                          0xf (size before relaxing)
 *fill*         0x0000000008005a8e        0x2 
 .rodata.__sf_fake_stderr
                0x0000000008005a90       0x20 /home/uli/.p2/pool/plugins/fr.ac6.mcu.externaltools.arm-none.linux64_1.16.0.201807130628/tools/st-gnu-arm-gcc-7-2017-q4-major_gdb-5_4-2016q3/bin/../lib/gcc/arm-none-eabi/7.2.1/../../../../arm-none-eabi/lib/thumb/v7-m/libc_nano.a(lib_a-findfp.o)
                0x0000000008005a90                __sf_fake_stderr
 .rodata.__sf_fake_stdin
                0x0000000008005ab0       0x20 /home/uli/.p2/pool/plugins/fr.ac6.mcu.externaltools.arm-none.linux64_1.16.0.201807130628/tools/st-gnu-arm-gcc-7-2017-q4-major_gdb-5_4-2016q3/bin/../lib/gcc/arm-none-eabi/7.2.1/../../../../arm-none-eabi/lib/thumb/v7-m/libc_nano.a(lib_a-findfp.o)
                0x0000000008005ab0                __sf_fake_stdin
 .rodata.__sf_fake_stdout
                0x0000000008005ad0       0x20 /home/uli/.p2/pool/plugins/fr.ac6.mcu.externaltools.arm-none.linux64_1.16.0.201807130628/tools/st-gnu-arm-gcc-7-2017-q4-major_gdb-5_4-2016q3/bin/../lib/gcc/arm-none-eabi/7.2.1/../../../../arm-none-eabi/lib/thumb/v7-m/libc_nano.a(lib_a-findfp.o)
                0x0000000008005ad0                __sf_fake_stdout
 .rodata.__mprec_bigtens
                0x0000000008005af0       0x28 /home/uli/.p2/pool/plugins/fr.ac6.mcu.externaltools.arm-none.linux64_1.16.0.201807130628/tools/st-gnu-arm-gcc-7-2017-q4-major_gdb-5_4-2016q3/bin/../lib/gcc/arm-none-eabi/7.2.1/../../../../arm-none-eabi/lib/thumb/v7-m/libc_nano.a(lib_a-mprec.o)
                0x0000000008005af0                __mprec_bigtens
 .rodata.__mprec_tens
                0x0000000008005b18       0xc8 /home/uli/.p2/pool/plugins/fr.ac6.mcu.externaltools.arm-none.linux64_1.16.0.201807130628/tools/st-gnu-arm-gcc-7-2017-q4-major_gdb-5_4-2016q3/bin/../lib/gcc/arm-none-eabi/7.2.1/../../../../arm-none-eabi/lib/thumb/v7-m/libc_nano.a(lib_a-mprec.o)
                0x0000000008005b18                __mprec_tens
 .rodata.p05.6084
                0x0000000008005be0        0xc /home/uli/.p2/pool/plugins/fr.ac6.mcu.externaltools.arm-none.linux64_1.16.0.201807130628/tools/st-gnu-arm-gcc-7-2017-q4-major_gdb-5_4-2016q3/bin/../lib/gcc/arm-none-eabi/7.2.1/../../../../arm-none-eabi/lib/thumb/v7-m/libc_nano.a(lib_a-mprec.o)
 .rodata._vfprintf_r.str1.1
                0x0000000008005bec       0x11 /home/uli/.p2/pool/plugins/fr.ac6.mcu.externaltools.arm-none.linux64_1.16.0.201807130628/tools/st-gnu-arm-gcc-7-2017-q4-major_gdb-5_4-2016q3/bin/../lib/gcc/arm-none-eabi/7.2.1/../../../../arm-none-eabi/lib/thumb/v7-m/libc_nano.a(lib_a-nano-vfprintf.o)
 .rodata._setlocale_r.str1.1
                0x0000000008005bfd        0x8 /home/uli/.p2/pool/plugins/fr.ac6.mcu.externaltools.arm-none.linux64_1.16.0.201807130628/tools/st-gnu-arm-gcc-7-2017-q4-major_gdb-5_4-2016q3/bin/../lib/gcc/arm-none-eabi/7.2.1/../../../../arm-none-eabi/lib/thumb/v7-m/libc_nano.a(lib_a-locale.o)
                                          0x9 (size before relaxing)
 .rodata.str1.1
                0x0000000008005c05        0x2 /home/uli/.p2/pool/plugins/fr.ac6.mcu.externaltools.arm-none.linux64_1.16.0.201807130628/tools/st-gnu-arm-gcc-7-2017-q4-major_gdb-5_4-2016q3/bin/../lib/gcc/arm-none-eabi/7.2.1/../../../../arm-none-eabi/lib/thumb/v7-m/libc_nano.a(lib_a-locale.o)
 .rodata._ctype_
                0x0000000008005c07      0x101 /home/uli/.p2/pool/plugins/fr.ac6.mcu.externaltools.arm-none.linux64_1.16.0.201807130628/tools/st-gnu-arm-gcc-7-2017-q4-major_gdb-5_4-2016q3/bin/../lib/gcc/arm-none-eabi/7.2.1/../../../../arm-none-eabi/lib/thumb/v7-m/libc_nano.a(lib_a-ctype_.o)
                0x0000000008005c07                _ctype_
                0x0000000008005d08                . = ALIGN (0x4)

.rel.dyn        0x0000000008005d08        0x0
 .rel.iplt      0x0000000008005d08        0x0 /home/uli/.p2/pool/plugins/fr.ac6.mcu.externaltools.arm-none.linux64_1.16.0.201807130628/tools/st-gnu-arm-gcc-7-2017-q4-major_gdb-5_4-2016q3/bin/../lib/gcc/arm-none-eabi/7.2.1/thumb/v7-m/crtbegin.o

.ARM.extab
 *(.ARM.extab* .gnu.linkonce.armextab.*)

.ARM            0x0000000008005d08        0x0
                0x0000000008005d08                __exidx_start = .
 *(.ARM.exidx*)
                0x0000000008005d08                __exidx_end = .

.preinit_array  0x0000000008005d08        0x0
                0x0000000008005d08                PROVIDE (__preinit_array_start, .)
 *(.preinit_array*)
                0x0000000008005d08                PROVIDE (__preinit_array_end, .)

.init_array     0x0000000008005d08        0x4
                0x0000000008005d08                PROVIDE (__init_array_start, .)
 *(SORT_BY_NAME(.init_array.*))
 *(.init_array*)
 .init_array    0x0000000008005d08        0x4 /home/uli/.p2/pool/plugins/fr.ac6.mcu.externaltools.arm-none.linux64_1.16.0.201807130628/tools/st-gnu-arm-gcc-7-2017-q4-major_gdb-5_4-2016q3/bin/../lib/gcc/arm-none-eabi/7.2.1/thumb/v7-m/crtbegin.o
                0x0000000008005d0c                PROVIDE (__init_array_end, .)

.fini_array     0x0000000008005d0c        0x4
                [!provide]                        PROVIDE (__fini_array_start, .)
 *(SORT_BY_NAME(.fini_array.*))
 *(.fini_array*)
 .fini_array    0x0000000008005d0c        0x4 /home/uli/.p2/pool/plugins/fr.ac6.mcu.externaltools.arm-none.linux64_1.16.0.201807130628/tools/st-gnu-arm-gcc-7-2017-q4-major_gdb-5_4-2016q3/bin/../lib/gcc/arm-none-eabi/7.2.1/thumb/v7-m/crtbegin.o
                [!provide]                        PROVIDE (__fini_array_end, .)
                0x0000000008005d10                _sidata = LOADADDR (.data)

.data           0x0000000020000000      0x1d4 load address 0x0000000008005d10
                0x0000000020000000                . = ALIGN (0x4)
                0x0000000020000000                _sdata = .
 *(.data)
 .data          0x0000000020000000        0x4 Src/system_stm32l1xx.o
                0x0000000020000000                SystemCoreClock
 *(.data*)
 .data._impure_ptr
                0x0000000020000004        0x4 /home/uli/.p2/pool/plugins/fr.ac6.mcu.externaltools.arm-none.linux64_1.16.0.201807130628/tools/st-gnu-arm-gcc-7-2017-q4-major_gdb-5_4-2016q3/bin/../lib/gcc/arm-none-eabi/7.2.1/../../../../arm-none-eabi/lib/thumb/v7-m/libc_nano.a(lib_a-impure.o)
                0x0000000020000004                _impure_ptr
 .data.impure_data
                0x0000000020000008       0x60 /home/uli/.p2/pool/plugins/fr.ac6.mcu.externaltools.arm-none.linux64_1.16.0.201807130628/tools/st-gnu-arm-gcc-7-2017-q4-major_gdb-5_4-2016q3/bin/../lib/gcc/arm-none-eabi/7.2.1/../../../../arm-none-eabi/lib/thumb/v7-m/libc_nano.a(lib_a-impure.o)
 .data.__global_locale
                0x0000000020000068      0x16c /home/uli/.p2/pool/plugins/fr.ac6.mcu.externaltools.arm-none.linux64_1.16.0.201807130628/tools/st-gnu-arm-gcc-7-2017-q4-major_gdb-5_4-2016q3/bin/../lib/gcc/arm-none-eabi/7.2.1/../../../../arm-none-eabi/lib/thumb/v7-m/libc_nano.a(lib_a-locale.o)
                0x0000000020000068                __global_locale
                0x00000000200001d4                . = ALIGN (0x4)
                0x00000000200001d4                _edata = .

.igot.plt       0x00000000200001d4        0x0 load address 0x0000000008005ee4
 .igot.plt      0x00000000200001d4        0x0 /home/uli/.p2/pool/plugins/fr.ac6.mcu.externaltools.arm-none.linux64_1.16.0.201807130628/tools/st-gnu-arm-gcc-7-2017-q4-major_gdb-5_4-2016q3/bin/../lib/gcc/arm-none-eabi/7.2.1/thumb/v7-m/crtbegin.o
                0x00000000200001d4                . = ALIGN (0x4)

.bss            0x00000000200001d4      0x108 load address 0x0000000008005ee4
                0x00000000200001d4                _sbss = .
                0x00000000200001d4                __bss_start__ = _sbss
 *(.bss)
 .bss           0x00000000200001d4       0x1c /home/uli/.p2/pool/plugins/fr.ac6.mcu.externaltools.arm-none.linux64_1.16.0.201807130628/tools/st-gnu-arm-gcc-7-2017-q4-major_gdb-5_4-2016q3/bin/../lib/gcc/arm-none-eabi/7.2.1/thumb/v7-m/crtbegin.o
 .bss           0x00000000200001f0        0x8 Src/syscalls.o
                0x00000000200001f4                __env
 *(.bss*)
 .bss.__malloc_free_list
                0x00000000200001f8        0x4 /home/uli/.p2/pool/plugins/fr.ac6.mcu.externaltools.arm-none.linux64_1.16.0.201807130628/tools/st-gnu-arm-gcc-7-2017-q4-major_gdb-5_4-2016q3/bin/../lib/gcc/arm-none-eabi/7.2.1/../../../../arm-none-eabi/lib/thumb/v7-m/libc_nano.a(lib_a-nano-mallocr.o)
                0x00000000200001f8                __malloc_free_list
 .bss.__malloc_sbrk_start
                0x00000000200001fc        0x4 /home/uli/.p2/pool/plugins/fr.ac6.mcu.externaltools.arm-none.linux64_1.16.0.201807130628/tools/st-gnu-arm-gcc-7-2017-q4-major_gdb-5_4-2016q3/bin/../lib/gcc/arm-none-eabi/7.2.1/../../../../arm-none-eabi/lib/thumb/v7-m/libc_nano.a(lib_a-nano-mallocr.o)
                0x00000000200001fc                __malloc_sbrk_start
 *(COMMON)
 COMMON         0x0000000020000200        0x4 Drivers/STM32L1xx_HAL_Driver/Src/stm32l1xx_hal.o
                0x0000000020000200                uwTick
 COMMON         0x0000000020000204       0x44 Src/callbacks.o
                0x0000000020000204                UartContext
 COMMON         0x0000000020000248       0x8d Src/main.o
                0x0000000020000248                huart3
                0x0000000020000288                huart1
                0x00000000200002c8                rxFifo
                0x00000000200002d4                endOfNmeaMessage
 *fill*         0x00000000200002d5        0x3 
 COMMON         0x00000000200002d8        0x4 /home/uli/.p2/pool/plugins/fr.ac6.mcu.externaltools.arm-none.linux64_1.16.0.201807130628/tools/st-gnu-arm-gcc-7-2017-q4-major_gdb-5_4-2016q3/bin/../lib/gcc/arm-none-eabi/7.2.1/../../../../arm-none-eabi/lib/thumb/v7-m/libc_nano.a(lib_a-reent.o)
                0x00000000200002d8                errno
                0x00000000200002dc                . = ALIGN (0x4)
                0x00000000200002dc                _ebss = .
                0x00000000200002dc                __bss_end__ = _ebss

._user_heap_stack
                0x00000000200002dc      0x604 load address 0x0000000008005ee4
                0x00000000200002e0                . = ALIGN (0x8)
 *fill*         0x00000000200002dc        0x4 
                0x00000000200002e0                PROVIDE (end, .)
                [!provide]                        PROVIDE (_end, .)
                0x00000000200004e0                . = (. + _Min_Heap_Size)
 *fill*         0x00000000200002e0      0x200 
                0x00000000200008e0                . = (. + _Min_Stack_Size)
 *fill*         0x00000000200004e0      0x400 
                0x00000000200008e0                . = ALIGN (0x8)

/DISCARD/
 libc.a(*)
 libm.a(*)
 libgcc.a(*)

.ARM.attributes
                0x0000000000000000       0x29
 *(.ARM.attributes)
 .ARM.attributes
                0x0000000000000000       0x1d /home/uli/.p2/pool/plugins/fr.ac6.mcu.externaltools.arm-none.linux64_1.16.0.201807130628/tools/st-gnu-arm-gcc-7-2017-q4-major_gdb-5_4-2016q3/bin/../lib/gcc/arm-none-eabi/7.2.1/thumb/v7-m/crti.o
 .ARM.attributes
                0x000000000000001d       0x2d /home/uli/.p2/pool/plugins/fr.ac6.mcu.externaltools.arm-none.linux64_1.16.0.201807130628/tools/st-gnu-arm-gcc-7-2017-q4-major_gdb-5_4-2016q3/bin/../lib/gcc/arm-none-eabi/7.2.1/thumb/v7-m/crtbegin.o
 .ARM.attributes
                0x000000000000004a       0x33 Drivers/STM32L1xx_HAL_Driver/Src/stm32l1xx_hal.o
 .ARM.attributes
                0x000000000000007d       0x33 Drivers/STM32L1xx_HAL_Driver/Src/stm32l1xx_hal_cortex.o
 .ARM.attributes
                0x00000000000000b0       0x33 Drivers/STM32L1xx_HAL_Driver/Src/stm32l1xx_hal_gpio.o
 .ARM.attributes
                0x00000000000000e3       0x33 Drivers/STM32L1xx_HAL_Driver/Src/stm32l1xx_hal_rcc.o
 .ARM.attributes
                0x0000000000000116       0x33 Drivers/STM32L1xx_HAL_Driver/Src/stm32l1xx_hal_uart.o
 .ARM.attributes
                0x0000000000000149       0x33 Src/callbacks.o
 .ARM.attributes
                0x000000000000017c       0x33 Src/main.o
 .ARM.attributes
                0x00000000000001af       0x33 Src/stm32l1xx_hal_msp.o
 .ARM.attributes
                0x00000000000001e2       0x33 Src/stm32l1xx_it.o
 .ARM.attributes
                0x0000000000000215       0x33 Src/syscalls.o
 .ARM.attributes
                0x0000000000000248       0x33 Src/system_stm32l1xx.o
 .ARM.attributes
                0x000000000000027b       0x33 Src/uart_io.o
 .ARM.attributes
                0x00000000000002ae       0x33 Src/system/fifo.o
 .ARM.attributes
                0x00000000000002e1       0x21 startup/startup_stm32l151xba.o
 .ARM.attributes
                0x0000000000000302       0x2d /home/uli/.p2/pool/plugins/fr.ac6.mcu.externaltools.arm-none.linux64_1.16.0.201807130628/tools/st-gnu-arm-gcc-7-2017-q4-major_gdb-5_4-2016q3/bin/../lib/gcc/arm-none-eabi/7.2.1/../../../../arm-none-eabi/lib/thumb/v7-m/libc_nano.a(lib_a-errno.o)
 .ARM.attributes
                0x000000000000032f       0x2d /home/uli/.p2/pool/plugins/fr.ac6.mcu.externaltools.arm-none.linux64_1.16.0.201807130628/tools/st-gnu-arm-gcc-7-2017-q4-major_gdb-5_4-2016q3/bin/../lib/gcc/arm-none-eabi/7.2.1/../../../../arm-none-eabi/lib/thumb/v7-m/libc_nano.a(lib_a-impure.o)
 .ARM.attributes
                0x000000000000035c       0x2d /home/uli/.p2/pool/plugins/fr.ac6.mcu.externaltools.arm-none.linux64_1.16.0.201807130628/tools/st-gnu-arm-gcc-7-2017-q4-major_gdb-5_4-2016q3/bin/../lib/gcc/arm-none-eabi/7.2.1/../../../../arm-none-eabi/lib/thumb/v7-m/libc_nano.a(lib_a-init.o)
 .ARM.attributes
                0x0000000000000389       0x2d /home/uli/.p2/pool/plugins/fr.ac6.mcu.externaltools.arm-none.linux64_1.16.0.201807130628/tools/st-gnu-arm-gcc-7-2017-q4-major_gdb-5_4-2016q3/bin/../lib/gcc/arm-none-eabi/7.2.1/../../../../arm-none-eabi/lib/thumb/v7-m/libc_nano.a(lib_a-malloc.o)
 .ARM.attributes
                0x00000000000003b6       0x2d /home/uli/.p2/pool/plugins/fr.ac6.mcu.externaltools.arm-none.linux64_1.16.0.201807130628/tools/st-gnu-arm-gcc-7-2017-q4-major_gdb-5_4-2016q3/bin/../lib/gcc/arm-none-eabi/7.2.1/../../../../arm-none-eabi/lib/thumb/v7-m/libc_nano.a(lib_a-memset.o)
 .ARM.attributes
                0x00000000000003e3       0x2d /home/uli/.p2/pool/plugins/fr.ac6.mcu.externaltools.arm-none.linux64_1.16.0.201807130628/tools/st-gnu-arm-gcc-7-2017-q4-major_gdb-5_4-2016q3/bin/../lib/gcc/arm-none-eabi/7.2.1/../../../../arm-none-eabi/lib/thumb/v7-m/libc_nano.a(lib_a-nano-freer.o)
 .ARM.attributes
                0x0000000000000410       0x2d /home/uli/.p2/pool/plugins/fr.ac6.mcu.externaltools.arm-none.linux64_1.16.0.201807130628/tools/st-gnu-arm-gcc-7-2017-q4-major_gdb-5_4-2016q3/bin/../lib/gcc/arm-none-eabi/7.2.1/../../../../arm-none-eabi/lib/thumb/v7-m/libc_nano.a(lib_a-nano-mallocr.o)
 .ARM.attributes
                0x000000000000043d       0x2d /home/uli/.p2/pool/plugins/fr.ac6.mcu.externaltools.arm-none.linux64_1.16.0.201807130628/tools/st-gnu-arm-gcc-7-2017-q4-major_gdb-5_4-2016q3/bin/../lib/gcc/arm-none-eabi/7.2.1/../../../../arm-none-eabi/lib/thumb/v7-m/libc_nano.a(lib_a-nano-vfprintf_float.o)
 .ARM.attributes
                0x000000000000046a       0x2d /home/uli/.p2/pool/plugins/fr.ac6.mcu.externaltools.arm-none.linux64_1.16.0.201807130628/tools/st-gnu-arm-gcc-7-2017-q4-major_gdb-5_4-2016q3/bin/../lib/gcc/arm-none-eabi/7.2.1/../../../../arm-none-eabi/lib/thumb/v7-m/libc_nano.a(lib_a-nano-vfprintf_i.o)
 .ARM.attributes
                0x0000000000000497       0x2d /home/uli/.p2/pool/plugins/fr.ac6.mcu.externaltools.arm-none.linux64_1.16.0.201807130628/tools/st-gnu-arm-gcc-7-2017-q4-major_gdb-5_4-2016q3/bin/../lib/gcc/arm-none-eabi/7.2.1/../../../../arm-none-eabi/lib/thumb/v7-m/libc_nano.a(lib_a-perror.o)
 .ARM.attributes
                0x00000000000004c4       0x2d /home/uli/.p2/pool/plugins/fr.ac6.mcu.externaltools.arm-none.linux64_1.16.0.201807130628/tools/st-gnu-arm-gcc-7-2017-q4-major_gdb-5_4-2016q3/bin/../lib/gcc/arm-none-eabi/7.2.1/../../../../arm-none-eabi/lib/thumb/v7-m/libc_nano.a(lib_a-printf.o)
 .ARM.attributes
                0x00000000000004f1       0x2d /home/uli/.p2/pool/plugins/fr.ac6.mcu.externaltools.arm-none.linux64_1.16.0.201807130628/tools/st-gnu-arm-gcc-7-2017-q4-major_gdb-5_4-2016q3/bin/../lib/gcc/arm-none-eabi/7.2.1/../../../../arm-none-eabi/lib/thumb/v7-m/libc_nano.a(lib_a-putchar.o)
 .ARM.attributes
                0x000000000000051e       0x2d /home/uli/.p2/pool/plugins/fr.ac6.mcu.externaltools.arm-none.linux64_1.16.0.201807130628/tools/st-gnu-arm-gcc-7-2017-q4-major_gdb-5_4-2016q3/bin/../lib/gcc/arm-none-eabi/7.2.1/../../../../arm-none-eabi/lib/thumb/v7-m/libc_nano.a(lib_a-puts.o)
 .ARM.attributes
                0x000000000000054b       0x2d /home/uli/.p2/pool/plugins/fr.ac6.mcu.externaltools.arm-none.linux64_1.16.0.201807130628/tools/st-gnu-arm-gcc-7-2017-q4-major_gdb-5_4-2016q3/bin/../lib/gcc/arm-none-eabi/7.2.1/../../../../arm-none-eabi/lib/thumb/v7-m/libc_nano.a(lib_a-sbrkr.o)
 .ARM.attributes
                0x0000000000000578       0x2d /home/uli/.p2/pool/plugins/fr.ac6.mcu.externaltools.arm-none.linux64_1.16.0.201807130628/tools/st-gnu-arm-gcc-7-2017-q4-major_gdb-5_4-2016q3/bin/../lib/gcc/arm-none-eabi/7.2.1/../../../../arm-none-eabi/lib/thumb/v7-m/libc_nano.a(lib_a-strerror.o)
 .ARM.attributes
                0x00000000000005a5       0x17 /home/uli/.p2/pool/plugins/fr.ac6.mcu.externaltools.arm-none.linux64_1.16.0.201807130628/tools/st-gnu-arm-gcc-7-2017-q4-major_gdb-5_4-2016q3/bin/../lib/gcc/arm-none-eabi/7.2.1/../../../../arm-none-eabi/lib/thumb/v7-m/libc_nano.a(lib_a-strlen.o)
 .ARM.attributes
                0x00000000000005bc       0x2d /home/uli/.p2/pool/plugins/fr.ac6.mcu.externaltools.arm-none.linux64_1.16.0.201807130628/tools/st-gnu-arm-gcc-7-2017-q4-major_gdb-5_4-2016q3/bin/../lib/gcc/arm-none-eabi/7.2.1/../../../../arm-none-eabi/lib/thumb/v7-m/libc_nano.a(lib_a-u_strerr.o)
 .ARM.attributes
                0x00000000000005e9       0x2d /home/uli/.p2/pool/plugins/fr.ac6.mcu.externaltools.arm-none.linux64_1.16.0.201807130628/tools/st-gnu-arm-gcc-7-2017-q4-major_gdb-5_4-2016q3/bin/../lib/gcc/arm-none-eabi/7.2.1/../../../../arm-none-eabi/lib/thumb/v7-m/libc_nano.a(lib_a-wbuf.o)
 .ARM.attributes
                0x0000000000000616       0x2d /home/uli/.p2/pool/plugins/fr.ac6.mcu.externaltools.arm-none.linux64_1.16.0.201807130628/tools/st-gnu-arm-gcc-7-2017-q4-major_gdb-5_4-2016q3/bin/../lib/gcc/arm-none-eabi/7.2.1/../../../../arm-none-eabi/lib/thumb/v7-m/libc_nano.a(lib_a-wsetup.o)
 .ARM.attributes
                0x0000000000000643       0x2d /home/uli/.p2/pool/plugins/fr.ac6.mcu.externaltools.arm-none.linux64_1.16.0.201807130628/tools/st-gnu-arm-gcc-7-2017-q4-major_gdb-5_4-2016q3/bin/../lib/gcc/arm-none-eabi/7.2.1/../../../../arm-none-eabi/lib/thumb/v7-m/libc_nano.a(lib_a-dtoa.o)
 .ARM.attributes
                0x0000000000000670       0x2d /home/uli/.p2/pool/plugins/fr.ac6.mcu.externaltools.arm-none.linux64_1.16.0.201807130628/tools/st-gnu-arm-gcc-7-2017-q4-major_gdb-5_4-2016q3/bin/../lib/gcc/arm-none-eabi/7.2.1/../../../../arm-none-eabi/lib/thumb/v7-m/libc_nano.a(lib_a-fflush.o)
 .ARM.attributes
                0x000000000000069d       0x2d /home/uli/.p2/pool/plugins/fr.ac6.mcu.externaltools.arm-none.linux64_1.16.0.201807130628/tools/st-gnu-arm-gcc-7-2017-q4-major_gdb-5_4-2016q3/bin/../lib/gcc/arm-none-eabi/7.2.1/../../../../arm-none-eabi/lib/thumb/v7-m/libc_nano.a(lib_a-findfp.o)
 .ARM.attributes
                0x00000000000006ca       0x2d /home/uli/.p2/pool/plugins/fr.ac6.mcu.externaltools.arm-none.linux64_1.16.0.201807130628/tools/st-gnu-arm-gcc-7-2017-q4-major_gdb-5_4-2016q3/bin/../lib/gcc/arm-none-eabi/7.2.1/../../../../arm-none-eabi/lib/thumb/v7-m/libc_nano.a(lib_a-fputc.o)
 .ARM.attributes
                0x00000000000006f7       0x2d /home/uli/.p2/pool/plugins/fr.ac6.mcu.externaltools.arm-none.linux64_1.16.0.201807130628/tools/st-gnu-arm-gcc-7-2017-q4-major_gdb-5_4-2016q3/bin/../lib/gcc/arm-none-eabi/7.2.1/../../../../arm-none-eabi/lib/thumb/v7-m/libc_nano.a(lib_a-fputs.o)
 .ARM.attributes
                0x0000000000000724       0x2d /home/uli/.p2/pool/plugins/fr.ac6.mcu.externaltools.arm-none.linux64_1.16.0.201807130628/tools/st-gnu-arm-gcc-7-2017-q4-major_gdb-5_4-2016q3/bin/../lib/gcc/arm-none-eabi/7.2.1/../../../../arm-none-eabi/lib/thumb/v7-m/libc_nano.a(lib_a-fwalk.o)
 .ARM.attributes
                0x0000000000000751       0x2d /home/uli/.p2/pool/plugins/fr.ac6.mcu.externaltools.arm-none.linux64_1.16.0.201807130628/tools/st-gnu-arm-gcc-7-2017-q4-major_gdb-5_4-2016q3/bin/../lib/gcc/arm-none-eabi/7.2.1/../../../../arm-none-eabi/lib/thumb/v7-m/libc_nano.a(lib_a-localeconv.o)
 .ARM.attributes
                0x000000000000077e       0x2d /home/uli/.p2/pool/plugins/fr.ac6.mcu.externaltools.arm-none.linux64_1.16.0.201807130628/tools/st-gnu-arm-gcc-7-2017-q4-major_gdb-5_4-2016q3/bin/../lib/gcc/arm-none-eabi/7.2.1/../../../../arm-none-eabi/lib/thumb/v7-m/libc_nano.a(lib_a-makebuf.o)
 .ARM.attributes
                0x00000000000007ab       0x2d /home/uli/.p2/pool/plugins/fr.ac6.mcu.externaltools.arm-none.linux64_1.16.0.201807130628/tools/st-gnu-arm-gcc-7-2017-q4-major_gdb-5_4-2016q3/bin/../lib/gcc/arm-none-eabi/7.2.1/../../../../arm-none-eabi/lib/thumb/v7-m/libc_nano.a(lib_a-memchr-stub.o)
 .ARM.attributes
                0x00000000000007d8       0x2d /home/uli/.p2/pool/plugins/fr.ac6.mcu.externaltools.arm-none.linux64_1.16.0.201807130628/tools/st-gnu-arm-gcc-7-2017-q4-major_gdb-5_4-2016q3/bin/../lib/gcc/arm-none-eabi/7.2.1/../../../../arm-none-eabi/lib/thumb/v7-m/libc_nano.a(lib_a-memcpy-stub.o)
 .ARM.attributes
                0x0000000000000805       0x2d /home/uli/.p2/pool/plugins/fr.ac6.mcu.externaltools.arm-none.linux64_1.16.0.201807130628/tools/st-gnu-arm-gcc-7-2017-q4-major_gdb-5_4-2016q3/bin/../lib/gcc/arm-none-eabi/7.2.1/../../../../arm-none-eabi/lib/thumb/v7-m/libc_nano.a(lib_a-mlock.o)
 .ARM.attributes
                0x0000000000000832       0x2d /home/uli/.p2/pool/plugins/fr.ac6.mcu.externaltools.arm-none.linux64_1.16.0.201807130628/tools/st-gnu-arm-gcc-7-2017-q4-major_gdb-5_4-2016q3/bin/../lib/gcc/arm-none-eabi/7.2.1/../../../../arm-none-eabi/lib/thumb/v7-m/libc_nano.a(lib_a-mprec.o)
 .ARM.attributes
                0x000000000000085f       0x2d /home/uli/.p2/pool/plugins/fr.ac6.mcu.externaltools.arm-none.linux64_1.16.0.201807130628/tools/st-gnu-arm-gcc-7-2017-q4-major_gdb-5_4-2016q3/bin/../lib/gcc/arm-none-eabi/7.2.1/../../../../arm-none-eabi/lib/thumb/v7-m/libc_nano.a(lib_a-nano-callocr.o)
 .ARM.attributes
                0x000000000000088c       0x2d /home/uli/.p2/pool/plugins/fr.ac6.mcu.externaltools.arm-none.linux64_1.16.0.201807130628/tools/st-gnu-arm-gcc-7-2017-q4-major_gdb-5_4-2016q3/bin/../lib/gcc/arm-none-eabi/7.2.1/../../../../arm-none-eabi/lib/thumb/v7-m/libc_nano.a(lib_a-nano-vfprintf.o)
 .ARM.attributes
                0x00000000000008b9       0x2d /home/uli/.p2/pool/plugins/fr.ac6.mcu.externaltools.arm-none.linux64_1.16.0.201807130628/tools/st-gnu-arm-gcc-7-2017-q4-major_gdb-5_4-2016q3/bin/../lib/gcc/arm-none-eabi/7.2.1/../../../../arm-none-eabi/lib/thumb/v7-m/libc_nano.a(lib_a-putc.o)
 .ARM.attributes
                0x00000000000008e6       0x2d /home/uli/.p2/pool/plugins/fr.ac6.mcu.externaltools.arm-none.linux64_1.16.0.201807130628/tools/st-gnu-arm-gcc-7-2017-q4-major_gdb-5_4-2016q3/bin/../lib/gcc/arm-none-eabi/7.2.1/../../../../arm-none-eabi/lib/thumb/v7-m/libc_nano.a(lib_a-reent.o)
 .ARM.attributes
                0x0000000000000913       0x2d /home/uli/.p2/pool/plugins/fr.ac6.mcu.externaltools.arm-none.linux64_1.16.0.201807130628/tools/st-gnu-arm-gcc-7-2017-q4-major_gdb-5_4-2016q3/bin/../lib/gcc/arm-none-eabi/7.2.1/../../../../arm-none-eabi/lib/thumb/v7-m/libc_nano.a(lib_a-stdio.o)
 .ARM.attributes
                0x0000000000000940       0x2d /home/uli/.p2/pool/plugins/fr.ac6.mcu.externaltools.arm-none.linux64_1.16.0.201807130628/tools/st-gnu-arm-gcc-7-2017-q4-major_gdb-5_4-2016q3/bin/../lib/gcc/arm-none-eabi/7.2.1/../../../../arm-none-eabi/lib/thumb/v7-m/libc_nano.a(lib_a-writer.o)
 .ARM.attributes
                0x000000000000096d       0x2d /home/uli/.p2/pool/plugins/fr.ac6.mcu.externaltools.arm-none.linux64_1.16.0.201807130628/tools/st-gnu-arm-gcc-7-2017-q4-major_gdb-5_4-2016q3/bin/../lib/gcc/arm-none-eabi/7.2.1/../../../../arm-none-eabi/lib/thumb/v7-m/libc_nano.a(lib_a-closer.o)
 .ARM.attributes
                0x000000000000099a       0x2d /home/uli/.p2/pool/plugins/fr.ac6.mcu.externaltools.arm-none.linux64_1.16.0.201807130628/tools/st-gnu-arm-gcc-7-2017-q4-major_gdb-5_4-2016q3/bin/../lib/gcc/arm-none-eabi/7.2.1/../../../../arm-none-eabi/lib/thumb/v7-m/libc_nano.a(lib_a-fstatr.o)
 .ARM.attributes
                0x00000000000009c7       0x2d /home/uli/.p2/pool/plugins/fr.ac6.mcu.externaltools.arm-none.linux64_1.16.0.201807130628/tools/st-gnu-arm-gcc-7-2017-q4-major_gdb-5_4-2016q3/bin/../lib/gcc/arm-none-eabi/7.2.1/../../../../arm-none-eabi/lib/thumb/v7-m/libc_nano.a(lib_a-isattyr.o)
 .ARM.attributes
                0x00000000000009f4       0x2d /home/uli/.p2/pool/plugins/fr.ac6.mcu.externaltools.arm-none.linux64_1.16.0.201807130628/tools/st-gnu-arm-gcc-7-2017-q4-major_gdb-5_4-2016q3/bin/../lib/gcc/arm-none-eabi/7.2.1/../../../../arm-none-eabi/lib/thumb/v7-m/libc_nano.a(lib_a-locale.o)
 .ARM.attributes
                0x0000000000000a21       0x2d /home/uli/.p2/pool/plugins/fr.ac6.mcu.externaltools.arm-none.linux64_1.16.0.201807130628/tools/st-gnu-arm-gcc-7-2017-q4-major_gdb-5_4-2016q3/bin/../lib/gcc/arm-none-eabi/7.2.1/../../../../arm-none-eabi/lib/thumb/v7-m/libc_nano.a(lib_a-lseekr.o)
 .ARM.attributes
                0x0000000000000a4e       0x2d /home/uli/.p2/pool/plugins/fr.ac6.mcu.externaltools.arm-none.linux64_1.16.0.201807130628/tools/st-gnu-arm-gcc-7-2017-q4-major_gdb-5_4-2016q3/bin/../lib/gcc/arm-none-eabi/7.2.1/../../../../arm-none-eabi/lib/thumb/v7-m/libc_nano.a(lib_a-mbtowc_r.o)
 .ARM.attributes
                0x0000000000000a7b       0x2d /home/uli/.p2/pool/plugins/fr.ac6.mcu.externaltools.arm-none.linux64_1.16.0.201807130628/tools/st-gnu-arm-gcc-7-2017-q4-major_gdb-5_4-2016q3/bin/../lib/gcc/arm-none-eabi/7.2.1/../../../../arm-none-eabi/lib/thumb/v7-m/libc_nano.a(lib_a-readr.o)
 .ARM.attributes
                0x0000000000000aa8       0x2d /home/uli/.p2/pool/plugins/fr.ac6.mcu.externaltools.arm-none.linux64_1.16.0.201807130628/tools/st-gnu-arm-gcc-7-2017-q4-major_gdb-5_4-2016q3/bin/../lib/gcc/arm-none-eabi/7.2.1/../../../../arm-none-eabi/lib/thumb/v7-m/libc_nano.a(lib_a-wctomb_r.o)
 .ARM.attributes
                0x0000000000000ad5       0x2d /home/uli/.p2/pool/plugins/fr.ac6.mcu.externaltools.arm-none.linux64_1.16.0.201807130628/tools/st-gnu-arm-gcc-7-2017-q4-major_gdb-5_4-2016q3/bin/../lib/gcc/arm-none-eabi/7.2.1/../../../../arm-none-eabi/lib/thumb/v7-m/libc_nano.a(lib_a-ctype_.o)
 .ARM.attributes
                0x0000000000000b02       0x1d /home/uli/.p2/pool/plugins/fr.ac6.mcu.externaltools.arm-none.linux64_1.16.0.201807130628/tools/st-gnu-arm-gcc-7-2017-q4-major_gdb-5_4-2016q3/bin/../lib/gcc/arm-none-eabi/7.2.1/thumb/v7-m/libgcc.a(_arm_addsubdf3.o)
 .ARM.attributes
                0x0000000000000b1f       0x1d /home/uli/.p2/pool/plugins/fr.ac6.mcu.externaltools.arm-none.linux64_1.16.0.201807130628/tools/st-gnu-arm-gcc-7-2017-q4-major_gdb-5_4-2016q3/bin/../lib/gcc/arm-none-eabi/7.2.1/thumb/v7-m/libgcc.a(_arm_muldivdf3.o)
 .ARM.attributes
                0x0000000000000b3c       0x1d /home/uli/.p2/pool/plugins/fr.ac6.mcu.externaltools.arm-none.linux64_1.16.0.201807130628/tools/st-gnu-arm-gcc-7-2017-q4-major_gdb-5_4-2016q3/bin/../lib/gcc/arm-none-eabi/7.2.1/thumb/v7-m/libgcc.a(_arm_cmpdf2.o)
 .ARM.attributes
                0x0000000000000b59       0x1d /home/uli/.p2/pool/plugins/fr.ac6.mcu.externaltools.arm-none.linux64_1.16.0.201807130628/tools/st-gnu-arm-gcc-7-2017-q4-major_gdb-5_4-2016q3/bin/../lib/gcc/arm-none-eabi/7.2.1/thumb/v7-m/libgcc.a(_arm_unorddf2.o)
 .ARM.attributes
                0x0000000000000b76       0x1d /home/uli/.p2/pool/plugins/fr.ac6.mcu.externaltools.arm-none.linux64_1.16.0.201807130628/tools/st-gnu-arm-gcc-7-2017-q4-major_gdb-5_4-2016q3/bin/../lib/gcc/arm-none-eabi/7.2.1/thumb/v7-m/libgcc.a(_arm_fixdfsi.o)
 .ARM.attributes
                0x0000000000000b93       0x1d /home/uli/.p2/pool/plugins/fr.ac6.mcu.externaltools.arm-none.linux64_1.16.0.201807130628/tools/st-gnu-arm-gcc-7-2017-q4-major_gdb-5_4-2016q3/bin/../lib/gcc/arm-none-eabi/7.2.1/thumb/v7-m/crtn.o
OUTPUT(RAK5205_GPS.elf elf32-littlearm)

.debug_info     0x0000000000000000     0xe770
 .debug_info    0x0000000000000000      0xe8e Drivers/STM32L1xx_HAL_Driver/Src/stm32l1xx_hal.o
 .debug_info    0x0000000000000e8e     0x16a2 Drivers/STM32L1xx_HAL_Driver/Src/stm32l1xx_hal_cortex.o
 .debug_info    0x0000000000002530      0xe9a Drivers/STM32L1xx_HAL_Driver/Src/stm32l1xx_hal_gpio.o
 .debug_info    0x00000000000033ca     0x1e8c Drivers/STM32L1xx_HAL_Driver/Src/stm32l1xx_hal_rcc.o
 .debug_info    0x0000000000005256     0x1a29 Drivers/STM32L1xx_HAL_Driver/Src/stm32l1xx_hal_uart.o
 .debug_info    0x0000000000006c7f      0xfaf Src/callbacks.o
 .debug_info    0x0000000000007c2e     0x1830 Src/main.o
 .debug_info    0x000000000000945e     0x1291 Src/stm32l1xx_hal_msp.o
 .debug_info    0x000000000000a6ef      0xe80 Src/stm32l1xx_it.o
 .debug_info    0x000000000000b56f      0xfd3 Src/syscalls.o
 .debug_info    0x000000000000c542      0xc76 Src/system_stm32l1xx.o
 .debug_info    0x000000000000d1b8      0xa49 Src/uart_io.o
 .debug_info    0x000000000000dc01      0xb4d Src/system/fifo.o
 .debug_info    0x000000000000e74e       0x22 startup/startup_stm32l151xba.o

.debug_abbrev   0x0000000000000000     0x22a9
 .debug_abbrev  0x0000000000000000      0x2c9 Drivers/STM32L1xx_HAL_Driver/Src/stm32l1xx_hal.o
 .debug_abbrev  0x00000000000002c9      0x3ba Drivers/STM32L1xx_HAL_Driver/Src/stm32l1xx_hal_cortex.o
 .debug_abbrev  0x0000000000000683      0x2a7 Drivers/STM32L1xx_HAL_Driver/Src/stm32l1xx_hal_gpio.o
 .debug_abbrev  0x000000000000092a      0x352 Drivers/STM32L1xx_HAL_Driver/Src/stm32l1xx_hal_rcc.o
 .debug_abbrev  0x0000000000000c7c      0x2fd Drivers/STM32L1xx_HAL_Driver/Src/stm32l1xx_hal_uart.o
 .debug_abbrev  0x0000000000000f79      0x26f Src/callbacks.o
 .debug_abbrev  0x00000000000011e8      0x319 Src/main.o
 .debug_abbrev  0x0000000000001501      0x24c Src/stm32l1xx_hal_msp.o
 .debug_abbrev  0x000000000000174d      0x227 Src/stm32l1xx_it.o
 .debug_abbrev  0x0000000000001974      0x2d4 Src/syscalls.o
 .debug_abbrev  0x0000000000001c48      0x205 Src/system_stm32l1xx.o
 .debug_abbrev  0x0000000000001e4d      0x21f Src/uart_io.o
 .debug_abbrev  0x000000000000206c      0x22b Src/system/fifo.o
 .debug_abbrev  0x0000000000002297       0x12 startup/startup_stm32l151xba.o

.debug_loc      0x0000000000000000     0x2ecb
 .debug_loc     0x0000000000000000       0x6a Drivers/STM32L1xx_HAL_Driver/Src/stm32l1xx_hal.o
 .debug_loc     0x000000000000006a      0x5ce Drivers/STM32L1xx_HAL_Driver/Src/stm32l1xx_hal_cortex.o
 .debug_loc     0x0000000000000638      0x38d Drivers/STM32L1xx_HAL_Driver/Src/stm32l1xx_hal_gpio.o
 .debug_loc     0x00000000000009c5      0xb22 Drivers/STM32L1xx_HAL_Driver/Src/stm32l1xx_hal_rcc.o
 .debug_loc     0x00000000000014e7     0x1268 Drivers/STM32L1xx_HAL_Driver/Src/stm32l1xx_hal_uart.o
 .debug_loc     0x000000000000274f       0x52 Src/callbacks.o
 .debug_loc     0x00000000000027a1       0x47 Src/main.o
 .debug_loc     0x00000000000027e8       0xa6 Src/stm32l1xx_hal_msp.o
 .debug_loc     0x000000000000288e      0x3af Src/syscalls.o
 .debug_loc     0x0000000000002c3d      0x18f Src/system_stm32l1xx.o
 .debug_loc     0x0000000000002dcc       0x21 Src/uart_io.o
 .debug_loc     0x0000000000002ded       0xde Src/system/fifo.o

.debug_aranges  0x0000000000000000      0x618
 .debug_aranges
                0x0000000000000000       0xb0 Drivers/STM32L1xx_HAL_Driver/Src/stm32l1xx_hal.o
 .debug_aranges
                0x00000000000000b0       0xa8 Drivers/STM32L1xx_HAL_Driver/Src/stm32l1xx_hal_cortex.o
 .debug_aranges
                0x0000000000000158       0x58 Drivers/STM32L1xx_HAL_Driver/Src/stm32l1xx_hal_gpio.o
 .debug_aranges
                0x00000000000001b0       0x90 Drivers/STM32L1xx_HAL_Driver/Src/stm32l1xx_hal_rcc.o
 .debug_aranges
                0x0000000000000240      0x150 Drivers/STM32L1xx_HAL_Driver/Src/stm32l1xx_hal_uart.o
 .debug_aranges
                0x0000000000000390       0x28 Src/callbacks.o
 .debug_aranges
                0x00000000000003b8       0x48 Src/main.o
 .debug_aranges
                0x0000000000000400       0x30 Src/stm32l1xx_hal_msp.o
 .debug_aranges
                0x0000000000000430       0x70 Src/stm32l1xx_it.o
 .debug_aranges
                0x00000000000004a0       0xb0 Src/syscalls.o
 .debug_aranges
                0x0000000000000550       0x28 Src/system_stm32l1xx.o
 .debug_aranges
                0x0000000000000578       0x28 Src/uart_io.o
 .debug_aranges
                0x00000000000005a0       0x50 Src/system/fifo.o
 .debug_aranges
                0x00000000000005f0       0x28 startup/startup_stm32l151xba.o

.debug_ranges   0x0000000000000000      0x5b8
 .debug_ranges  0x0000000000000000       0xa0 Drivers/STM32L1xx_HAL_Driver/Src/stm32l1xx_hal.o
 .debug_ranges  0x00000000000000a0       0xf8 Drivers/STM32L1xx_HAL_Driver/Src/stm32l1xx_hal_cortex.o
 .debug_ranges  0x0000000000000198       0x48 Drivers/STM32L1xx_HAL_Driver/Src/stm32l1xx_hal_gpio.o
 .debug_ranges  0x00000000000001e0       0x98 Drivers/STM32L1xx_HAL_Driver/Src/stm32l1xx_hal_rcc.o
 .debug_ranges  0x0000000000000278      0x140 Drivers/STM32L1xx_HAL_Driver/Src/stm32l1xx_hal_uart.o
 .debug_ranges  0x00000000000003b8       0x18 Src/callbacks.o
 .debug_ranges  0x00000000000003d0       0x38 Src/main.o
 .debug_ranges  0x0000000000000408       0x20 Src/stm32l1xx_hal_msp.o
 .debug_ranges  0x0000000000000428       0x60 Src/stm32l1xx_it.o
 .debug_ranges  0x0000000000000488       0xa0 Src/syscalls.o
 .debug_ranges  0x0000000000000528       0x18 Src/system_stm32l1xx.o
 .debug_ranges  0x0000000000000540       0x18 Src/uart_io.o
 .debug_ranges  0x0000000000000558       0x40 Src/system/fifo.o
 .debug_ranges  0x0000000000000598       0x20 startup/startup_stm32l151xba.o

.debug_macro    0x0000000000000000    0x155ed
 .debug_macro   0x0000000000000000      0x2f9 Drivers/STM32L1xx_HAL_Driver/Src/stm32l1xx_hal.o
 .debug_macro   0x00000000000002f9      0xa60 Drivers/STM32L1xx_HAL_Driver/Src/stm32l1xx_hal.o
 .debug_macro   0x0000000000000d59       0x88 Drivers/STM32L1xx_HAL_Driver/Src/stm32l1xx_hal.o
 .debug_macro   0x0000000000000de1       0x2e Drivers/STM32L1xx_HAL_Driver/Src/stm32l1xx_hal.o
 .debug_macro   0x0000000000000e0f       0x22 Drivers/STM32L1xx_HAL_Driver/Src/stm32l1xx_hal.o
 .debug_macro   0x0000000000000e31       0x22 Drivers/STM32L1xx_HAL_Driver/Src/stm32l1xx_hal.o
 .debug_macro   0x0000000000000e53       0x87 Drivers/STM32L1xx_HAL_Driver/Src/stm32l1xx_hal.o
 .debug_macro   0x0000000000000eda       0x51 Drivers/STM32L1xx_HAL_Driver/Src/stm32l1xx_hal.o
 .debug_macro   0x0000000000000f2b       0xef Drivers/STM32L1xx_HAL_Driver/Src/stm32l1xx_hal.o
 .debug_macro   0x000000000000101a       0x6a Drivers/STM32L1xx_HAL_Driver/Src/stm32l1xx_hal.o
 .debug_macro   0x0000000000001084      0x1df Drivers/STM32L1xx_HAL_Driver/Src/stm32l1xx_hal.o
 .debug_macro   0x0000000000001263       0x34 Drivers/STM32L1xx_HAL_Driver/Src/stm32l1xx_hal.o
 .debug_macro   0x0000000000001297       0x34 Drivers/STM32L1xx_HAL_Driver/Src/stm32l1xx_hal.o
 .debug_macro   0x00000000000012cb      0xcb4 Drivers/STM32L1xx_HAL_Driver/Src/stm32l1xx_hal.o
 .debug_macro   0x0000000000001f7f     0xa5aa Drivers/STM32L1xx_HAL_Driver/Src/stm32l1xx_hal.o
 .debug_macro   0x000000000000c529       0x43 Drivers/STM32L1xx_HAL_Driver/Src/stm32l1xx_hal.o
 .debug_macro   0x000000000000c56c     0x342b Drivers/STM32L1xx_HAL_Driver/Src/stm32l1xx_hal.o
 .debug_macro   0x000000000000f997       0x58 Drivers/STM32L1xx_HAL_Driver/Src/stm32l1xx_hal.o
 .debug_macro   0x000000000000f9ef       0x17 Drivers/STM32L1xx_HAL_Driver/Src/stm32l1xx_hal.o
 .debug_macro   0x000000000000fa06       0x35 Drivers/STM32L1xx_HAL_Driver/Src/stm32l1xx_hal.o
 .debug_macro   0x000000000000fa3b       0x9c Drivers/STM32L1xx_HAL_Driver/Src/stm32l1xx_hal.o
 .debug_macro   0x000000000000fad7       0x16 Drivers/STM32L1xx_HAL_Driver/Src/stm32l1xx_hal.o
 .debug_macro   0x000000000000faed       0x97 Drivers/STM32L1xx_HAL_Driver/Src/stm32l1xx_hal.o
 .debug_macro   0x000000000000fb84      0x330 Drivers/STM32L1xx_HAL_Driver/Src/stm32l1xx_hal.o
 .debug_macro   0x000000000000feb4       0xfd Drivers/STM32L1xx_HAL_Driver/Src/stm32l1xx_hal.o
 .debug_macro   0x000000000000ffb1       0x10 Drivers/STM32L1xx_HAL_Driver/Src/stm32l1xx_hal.o
 .debug_macro   0x000000000000ffc1       0x58 Drivers/STM32L1xx_HAL_Driver/Src/stm32l1xx_hal.o
 .debug_macro   0x0000000000010019       0x1f Drivers/STM32L1xx_HAL_Driver/Src/stm32l1xx_hal.o
 .debug_macro   0x0000000000010038       0x43 Drivers/STM32L1xx_HAL_Driver/Src/stm32l1xx_hal.o
 .debug_macro   0x000000000001007b       0x20 Drivers/STM32L1xx_HAL_Driver/Src/stm32l1xx_hal.o
 .debug_macro   0x000000000001009b      0x18e Drivers/STM32L1xx_HAL_Driver/Src/stm32l1xx_hal.o
 .debug_macro   0x0000000000010229       0x10 Drivers/STM32L1xx_HAL_Driver/Src/stm32l1xx_hal.o
 .debug_macro   0x0000000000010239       0x1c Drivers/STM32L1xx_HAL_Driver/Src/stm32l1xx_hal.o
 .debug_macro   0x0000000000010255       0x52 Drivers/STM32L1xx_HAL_Driver/Src/stm32l1xx_hal.o
 .debug_macro   0x00000000000102a7       0x40 Drivers/STM32L1xx_HAL_Driver/Src/stm32l1xx_hal.o
 .debug_macro   0x00000000000102e7       0x10 Drivers/STM32L1xx_HAL_Driver/Src/stm32l1xx_hal.o
 .debug_macro   0x00000000000102f7       0x40 Drivers/STM32L1xx_HAL_Driver/Src/stm32l1xx_hal.o
 .debug_macro   0x0000000000010337       0xd7 Drivers/STM32L1xx_HAL_Driver/Src/stm32l1xx_hal.o
 .debug_macro   0x000000000001040e       0x1c Drivers/STM32L1xx_HAL_Driver/Src/stm32l1xx_hal.o
 .debug_macro   0x000000000001042a       0x3d Drivers/STM32L1xx_HAL_Driver/Src/stm32l1xx_hal.o
 .debug_macro   0x0000000000010467       0x16 Drivers/STM32L1xx_HAL_Driver/Src/stm32l1xx_hal.o
 .debug_macro   0x000000000001047d      0x16f Drivers/STM32L1xx_HAL_Driver/Src/stm32l1xx_hal.o
 .debug_macro   0x00000000000105ec       0x50 Drivers/STM32L1xx_HAL_Driver/Src/stm32l1xx_hal.o
 .debug_macro   0x000000000001063c      0xe3e Drivers/STM32L1xx_HAL_Driver/Src/stm32l1xx_hal.o
 .debug_macro   0x000000000001147a       0xd1 Drivers/STM32L1xx_HAL_Driver/Src/stm32l1xx_hal.o
 .debug_macro   0x000000000001154b      0x141 Drivers/STM32L1xx_HAL_Driver/Src/stm32l1xx_hal.o
 .debug_macro   0x000000000001168c       0xa7 Drivers/STM32L1xx_HAL_Driver/Src/stm32l1xx_hal.o
 .debug_macro   0x0000000000011733      0x25d Drivers/STM32L1xx_HAL_Driver/Src/stm32l1xx_hal.o
 .debug_macro   0x0000000000011990      0x23a Drivers/STM32L1xx_HAL_Driver/Src/stm32l1xx_hal.o
 .debug_macro   0x0000000000011bca      0x113 Drivers/STM32L1xx_HAL_Driver/Src/stm32l1xx_hal.o
 .debug_macro   0x0000000000011cdd      0x3a5 Drivers/STM32L1xx_HAL_Driver/Src/stm32l1xx_hal.o
 .debug_macro   0x0000000000012082      0x1ed Drivers/STM32L1xx_HAL_Driver/Src/stm32l1xx_hal.o
 .debug_macro   0x000000000001226f       0x22 Drivers/STM32L1xx_HAL_Driver/Src/stm32l1xx_hal.o
 .debug_macro   0x0000000000012291      0x287 Drivers/STM32L1xx_HAL_Driver/Src/stm32l1xx_hal.o
 .debug_macro   0x0000000000012518      0x3ba Drivers/STM32L1xx_HAL_Driver/Src/stm32l1xx_hal.o
 .debug_macro   0x00000000000128d2      0x2d5 Drivers/STM32L1xx_HAL_Driver/Src/stm32l1xx_hal_cortex.o
 .debug_macro   0x0000000000012ba7      0x30e Drivers/STM32L1xx_HAL_Driver/Src/stm32l1xx_hal_gpio.o
 .debug_macro   0x0000000000012eb5      0x311 Drivers/STM32L1xx_HAL_Driver/Src/stm32l1xx_hal_rcc.o
 .debug_macro   0x00000000000131c6      0x2d6 Drivers/STM32L1xx_HAL_Driver/Src/stm32l1xx_hal_uart.o
 .debug_macro   0x000000000001349c      0x2f1 Src/callbacks.o
 .debug_macro   0x000000000001378d       0x22 Src/callbacks.o
 .debug_macro   0x00000000000137af       0x40 Src/callbacks.o
 .debug_macro   0x00000000000137ef      0x36e Src/main.o
 .debug_macro   0x0000000000013b5d       0x3a Src/main.o
 .debug_macro   0x0000000000013b97       0x16 Src/main.o
 .debug_macro   0x0000000000013bad       0x35 Src/main.o
 .debug_macro   0x0000000000013be2       0x16 Src/main.o
 .debug_macro   0x0000000000013bf8       0x29 Src/main.o
 .debug_macro   0x0000000000013c21       0x10 Src/main.o
 .debug_macro   0x0000000000013c31      0x241 Src/main.o
 .debug_macro   0x0000000000013e72       0x16 Src/main.o
 .debug_macro   0x0000000000013e88      0x2e4 Src/stm32l1xx_hal_msp.o
 .debug_macro   0x000000000001416c      0x2ee Src/stm32l1xx_it.o
 .debug_macro   0x000000000001445a      0x243 Src/syscalls.o
 .debug_macro   0x000000000001469d       0x52 Src/syscalls.o