Archive member included to satisfy reference by file (symbol)

/home/uli/.p2/pool/plugins/fr.ac6.mcu.externaltools.arm-none.linux64_1.16.0.201807130628/tools/st-gnu-arm-gcc-7-2017-q4-major_gdb-5_4-2016q3/bin/../lib/gcc/arm-none-eabi/7.2.1/../../../../arm-none-eabi/lib/thumb/v7-m/libc_nano.a(lib_a-errno.o)
                              Src/syscalls.o (__errno)
/home/uli/.p2/pool/plugins/fr.ac6.mcu.externaltools.arm-none.linux64_1.16.0.201807130628/tools/st-gnu-arm-gcc-7-2017-q4-major_gdb-5_4-2016q3/bin/../lib/gcc/arm-none-eabi/7.2.1/../../../../arm-none-eabi/lib/thumb/v7-m/libc_nano.a(lib_a-exit.o)
                              /home/uli/.p2/pool/plugins/fr.ac6.mcu.externaltools.arm-none.linux64_1.16.0.201807130628/tools/st-gnu-arm-gcc-7-2017-q4-major_gdb-5_4-2016q3/bin/../lib/gcc/arm-none-eabi/7.2.1/../../../../arm-none-eabi/lib/thumb/v7-m/crt0.o (exit)
/home/uli/.p2/pool/plugins/fr.ac6.mcu.externaltools.arm-none.linux64_1.16.0.201807130628/tools/st-gnu-arm-gcc-7-2017-q4-major_gdb-5_4-2016q3/bin/../lib/gcc/arm-none-eabi/7.2.1/../../../../arm-none-eabi/lib/thumb/v7-m/libc_nano.a(lib_a-impure.o)
                              /home/uli/.p2/pool/plugins/fr.ac6.mcu.externaltools.arm-none.linux64_1.16.0.201807130628/tools/st-gnu-arm-gcc-7-2017-q4-major_gdb-5_4-2016q3/bin/../lib/gcc/arm-none-eabi/7.2.1/../../../../arm-none-eabi/lib/thumb/v7-m/libc_nano.a(lib_a-exit.o) (_global_impure_ptr)
/home/uli/.p2/pool/plugins/fr.ac6.mcu.externaltools.arm-none.linux64_1.16.0.201807130628/tools/st-gnu-arm-gcc-7-2017-q4-major_gdb-5_4-2016q3/bin/../lib/gcc/arm-none-eabi/7.2.1/../../../../arm-none-eabi/lib/thumb/v7-m/libc_nano.a(lib_a-init.o)
                              /home/uli/.p2/pool/plugins/fr.ac6.mcu.externaltools.arm-none.linux64_1.16.0.201807130628/tools/st-gnu-arm-gcc-7-2017-q4-major_gdb-5_4-2016q3/bin/../lib/gcc/arm-none-eabi/7.2.1/../../../../arm-none-eabi/lib/thumb/v7-m/crt0.o (__libc_init_array)
/home/uli/.p2/pool/plugins/fr.ac6.mcu.externaltools.arm-none.linux64_1.16.0.201807130628/tools/st-gnu-arm-gcc-7-2017-q4-major_gdb-5_4-2016q3/bin/../lib/gcc/arm-none-eabi/7.2.1/../../../../arm-none-eabi/lib/thumb/v7-m/libc_nano.a(lib_a-memset.o)
                              /home/uli/.p2/pool/plugins/fr.ac6.mcu.externaltools.arm-none.linux64_1.16.0.201807130628/tools/st-gnu-arm-gcc-7-2017-q4-major_gdb-5_4-2016q3/bin/../lib/gcc/arm-none-eabi/7.2.1/../../../../arm-none-eabi/lib/thumb/v7-m/crt0.o (memset)
/home/uli/.p2/pool/plugins/fr.ac6.mcu.externaltools.arm-none.linux64_1.16.0.201807130628/tools/st-gnu-arm-gcc-7-2017-q4-major_gdb-5_4-2016q3/bin/../lib/gcc/arm-none-eabi/7.2.1/../../../../arm-none-eabi/lib/thumb/v7-m/libc_nano.a(lib_a-puts.o)
                              Src/main.o (puts)
/home/uli/.p2/pool/plugins/fr.ac6.mcu.externaltools.arm-none.linux64_1.16.0.201807130628/tools/st-gnu-arm-gcc-7-2017-q4-major_gdb-5_4-2016q3/bin/../lib/gcc/arm-none-eabi/7.2.1/../../../../arm-none-eabi/lib/thumb/v7-m/libc_nano.a(lib_a-wbuf.o)
                              /home/uli/.p2/pool/plugins/fr.ac6.mcu.externaltools.arm-none.linux64_1.16.0.201807130628/tools/st-gnu-arm-gcc-7-2017-q4-major_gdb-5_4-2016q3/bin/../lib/gcc/arm-none-eabi/7.2.1/../../../../arm-none-eabi/lib/thumb/v7-m/libc_nano.a(lib_a-puts.o) (__swbuf_r)
/home/uli/.p2/pool/plugins/fr.ac6.mcu.externaltools.arm-none.linux64_1.16.0.201807130628/tools/st-gnu-arm-gcc-7-2017-q4-major_gdb-5_4-2016q3/bin/../lib/gcc/arm-none-eabi/7.2.1/../../../../arm-none-eabi/lib/thumb/v7-m/libc_nano.a(lib_a-wsetup.o)
                              /home/uli/.p2/pool/plugins/fr.ac6.mcu.externaltools.arm-none.linux64_1.16.0.201807130628/tools/st-gnu-arm-gcc-7-2017-q4-major_gdb-5_4-2016q3/bin/../lib/gcc/arm-none-eabi/7.2.1/../../../../arm-none-eabi/lib/thumb/v7-m/libc_nano.a(lib_a-puts.o) (__swsetup_r)
/home/uli/.p2/pool/plugins/fr.ac6.mcu.externaltools.arm-none.linux64_1.16.0.201807130628/tools/st-gnu-arm-gcc-7-2017-q4-major_gdb-5_4-2016q3/bin/../lib/gcc/arm-none-eabi/7.2.1/../../../../arm-none-eabi/lib/thumb/v7-m/libc_nano.a(lib_a-fflush.o)
                              /home/uli/.p2/pool/plugins/fr.ac6.mcu.externaltools.arm-none.linux64_1.16.0.201807130628/tools/st-gnu-arm-gcc-7-2017-q4-major_gdb-5_4-2016q3/bin/../lib/gcc/arm-none-eabi/7.2.1/../../../../arm-none-eabi/lib/thumb/v7-m/libc_nano.a(lib_a-wbuf.o) (_fflush_r)
/home/uli/.p2/pool/plugins/fr.ac6.mcu.externaltools.arm-none.linux64_1.16.0.201807130628/tools/st-gnu-arm-gcc-7-2017-q4-major_gdb-5_4-2016q3/bin/../lib/gcc/arm-none-eabi/7.2.1/../../../../arm-none-eabi/lib/thumb/v7-m/libc_nano.a(lib_a-findfp.o)
                              /home/uli/.p2/pool/plugins/fr.ac6.mcu.externaltools.arm-none.linux64_1.16.0.201807130628/tools/st-gnu-arm-gcc-7-2017-q4-major_gdb-5_4-2016q3/bin/../lib/gcc/arm-none-eabi/7.2.1/../../../../arm-none-eabi/lib/thumb/v7-m/libc_nano.a(lib_a-puts.o) (__sinit)
[...]
Memory Configuration

Name             Origin             Length             Attributes
RAM              0x0000000020000000 0x0000000000008000 xrw
FLASH            0x0000000008000000 0x0000000000020000 xr
*default*        0x0000000000000000 0xffffffffffffffff

Linker script and memory map

LOAD /home/uli/.p2/pool/plugins/fr.ac6.mcu.externaltools.arm-none.linux64_1.16.0.201807130628/tools/st-gnu-arm-gcc-7-2017-q4-major_gdb-5_4-2016q3/bin/../lib/gcc/arm-none-eabi/7.2.1/thumb/v7-m/crti.o
LOAD /home/uli/.p2/pool/plugins/fr.ac6.mcu.externaltools.arm-none.linux64_1.16.0.201807130628/tools/st-gnu-arm-gcc-7-2017-q4-major_gdb-5_4-2016q3/bin/../lib/gcc/arm-none-eabi/7.2.1/thumb/v7-m/crtbegin.o
LOAD /home/uli/.p2/pool/plugins/fr.ac6.mcu.externaltools.arm-none.linux64_1.16.0.201807130628/tools/st-gnu-arm-gcc-7-2017-q4-major_gdb-5_4-2016q3/bin/../lib/gcc/arm-none-eabi/7.2.1/../../../../arm-none-eabi/lib/thumb/v7-m/crt0.o
LOAD Drivers/STM32L1xx_HAL_Driver/Src/stm32l1xx_hal.o
LOAD Drivers/STM32L1xx_HAL_Driver/Src/stm32l1xx_hal_cortex.o
LOAD Drivers/STM32L1xx_HAL_Driver/Src/stm32l1xx_hal_dma.o
LOAD Drivers/STM32L1xx_HAL_Driver/Src/stm32l1xx_hal_flash.o
LOAD Drivers/STM32L1xx_HAL_Driver/Src/stm32l1xx_hal_flash_ex.o
LOAD Drivers/STM32L1xx_HAL_Driver/Src/stm32l1xx_hal_flash_ramfunc.o
LOAD Drivers/STM32L1xx_HAL_Driver/Src/stm32l1xx_hal_gpio.o
LOAD Drivers/STM32L1xx_HAL_Driver/Src/stm32l1xx_hal_pwr.o
LOAD Drivers/STM32L1xx_HAL_Driver/Src/stm32l1xx_hal_pwr_ex.o
LOAD Drivers/STM32L1xx_HAL_Driver/Src/stm32l1xx_hal_rcc.o
LOAD Drivers/STM32L1xx_HAL_Driver/Src/stm32l1xx_hal_rcc_ex.o
LOAD Drivers/STM32L1xx_HAL_Driver/Src/stm32l1xx_hal_tim.o
LOAD Drivers/STM32L1xx_HAL_Driver/Src/stm32l1xx_hal_tim_ex.o
LOAD Drivers/STM32L1xx_HAL_Driver/Src/stm32l1xx_hal_uart.o
LOAD Src/main.o
LOAD Src/stm32l1xx_hal_msp.o
LOAD Src/stm32l1xx_it.o
LOAD Src/syscalls.o
LOAD Src/system_stm32l1xx.o
LOAD Src/uart_io.o
LOAD startup/startup_stm32l151xba.o
LOAD /home/uli/.p2/pool/plugins/fr.ac6.mcu.externaltools.arm-none.linux64_1.16.0.201807130628/tools/st-gnu-arm-gcc-7-2017-q4-major_gdb-5_4-2016q3/bin/../lib/gcc/arm-none-eabi/7.2.1/../../../../arm-none-eabi/lib/thumb/v7-m/libm.a
START GROUP
LOAD /home/uli/.p2/pool/plugins/fr.ac6.mcu.externaltools.arm-none.linux64_1.16.0.201807130628/tools/st-gnu-arm-gcc-7-2017-q4-major_gdb-5_4-2016q3/bin/../lib/gcc/arm-none-eabi/7.2.1/thumb/v7-m/libgcc.a
LOAD /home/uli/.p2/pool/plugins/fr.ac6.mcu.externaltools.arm-none.linux64_1.16.0.201807130628/tools/st-gnu-arm-gcc-7-2017-q4-major_gdb-5_4-2016q3/bin/../lib/gcc/arm-none-eabi/7.2.1/../../../../arm-none-eabi/lib/thumb/v7-m/libc_nano.a
END GROUP
START GROUP
LOAD /home/uli/.p2/pool/plugins/fr.ac6.mcu.externaltools.arm-none.linux64_1.16.0.201807130628/tools/st-gnu-arm-gcc-7-2017-q4-major_gdb-5_4-2016q3/bin/../lib/gcc/arm-none-eabi/7.2.1/thumb/v7-m/libgcc.a
LOAD /home/uli/.p2/pool/plugins/fr.ac6.mcu.externaltools.arm-none.linux64_1.16.0.201807130628/tools/st-gnu-arm-gcc-7-2017-q4-major_gdb-5_4-2016q3/bin/../lib/gcc/arm-none-eabi/7.2.1/../../../../arm-none-eabi/lib/thumb/v7-m/libc_nano.a
LOAD /home/uli/.p2/pool/plugins/fr.ac6.mcu.externaltools.arm-none.linux64_1.16.0.201807130628/tools/st-gnu-arm-gcc-7-2017-q4-major_gdb-5_4-2016q3/bin/../lib/gcc/arm-none-eabi/7.2.1/../../../../arm-none-eabi/lib/thumb/v7-m/libnosys.a
END GROUP
START GROUP
LOAD /home/uli/.p2/pool/plugins/fr.ac6.mcu.externaltools.arm-none.linux64_1.16.0.201807130628/tools/st-gnu-arm-gcc-7-2017-q4-major_gdb-5_4-2016q3/bin/../lib/gcc/arm-none-eabi/7.2.1/thumb/v7-m/libgcc.a
LOAD /home/uli/.p2/pool/plugins/fr.ac6.mcu.externaltools.arm-none.linux64_1.16.0.201807130628/tools/st-gnu-arm-gcc-7-2017-q4-major_gdb-5_4-2016q3/bin/../lib/gcc/arm-none-eabi/7.2.1/../../../../arm-none-eabi/lib/thumb/v7-m/libc_nano.a
LOAD /home/uli/.p2/pool/plugins/fr.ac6.mcu.externaltools.arm-none.linux64_1.16.0.201807130628/tools/st-gnu-arm-gcc-7-2017-q4-major_gdb-5_4-2016q3/bin/../lib/gcc/arm-none-eabi/7.2.1/../../../../arm-none-eabi/lib/thumb/v7-m/libnosys.a
END GROUP
LOAD /home/uli/.p2/pool/plugins/fr.ac6.mcu.externaltools.arm-none.linux64_1.16.0.201807130628/tools/st-gnu-arm-gcc-7-2017-q4-major_gdb-5_4-2016q3/bin/../lib/gcc/arm-none-eabi/7.2.1/thumb/v7-m/crtend.o
LOAD /home/uli/.p2/pool/plugins/fr.ac6.mcu.externaltools.arm-none.linux64_1.16.0.201807130628/tools/st-gnu-arm-gcc-7-2017-q4-major_gdb-5_4-2016q3/bin/../lib/gcc/arm-none-eabi/7.2.1/thumb/v7-m/crtn.o
                0x0000000020008000                _estack = 0x20008000
                0x0000000000000200                _Min_Heap_Size = 0x200
                0x0000000000000400                _Min_Stack_Size = 0x400

.isr_vector     0x0000000008000000      0x13c
                0x0000000008000000                . = ALIGN (0x4)
 *(.isr_vector)
 .isr_vector    0x0000000008000000      0x13c startup/startup_stm32l151xba.o
                0x0000000008000000                g_pfnVectors
                0x000000000800013c                . = ALIGN (0x4)

.text           0x000000000800013c     0x1f14
                0x000000000800013c                . = ALIGN (0x4)
 *(.text)
 .text          0x000000000800013c       0x40 /home/uli/.p2/pool/plugins/fr.ac6.mcu.externaltools.arm-none.linux64_1.16.0.201807130628/tools/st-gnu-arm-gcc-7-2017-q4-major_gdb-5_4-2016q3/bin/../lib/gcc/arm-none-eabi/7.2.1/thumb/v7-m/crtbegin.o
 *(.text*)
 .text.HAL_InitTick
                0x000000000800017c       0x2c Drivers/STM32L1xx_HAL_Driver/Src/stm32l1xx_hal.o
                0x000000000800017c                HAL_InitTick
 .text.HAL_Init
                0x00000000080001a8       0x16 Drivers/STM32L1xx_HAL_Driver/Src/stm32l1xx_hal.o
                0x00000000080001a8                HAL_Init
 *fill*         0x00000000080001be        0x2 
 .text.HAL_IncTick
                0x00000000080001c0       0x10 Drivers/STM32L1xx_HAL_Driver/Src/stm32l1xx_hal.o
                0x00000000080001c0                HAL_IncTick
 .text.HAL_GetTick
                0x00000000080001d0        0xc Drivers/STM32L1xx_HAL_Driver/Src/stm32l1xx_hal.o
                0x00000000080001d0                HAL_GetTick
 .text.HAL_Delay
                0x00000000080001dc       0x1c Drivers/STM32L1xx_HAL_Driver/Src/stm32l1xx_hal.o
                0x00000000080001dc                HAL_Delay
 .text.HAL_NVIC_SetPriorityGrouping
                0x00000000080001f8       0x24 Drivers/STM32L1xx_HAL_Driver/Src/stm32l1xx_hal_cortex.o
                0x00000000080001f8                HAL_NVIC_SetPriorityGrouping
 .text.HAL_NVIC_SetPriority
                0x000000000800021c       0x68 Drivers/STM32L1xx_HAL_Driver/Src/stm32l1xx_hal_cortex.o
                0x000000000800021c                HAL_NVIC_SetPriority
 .text.HAL_SYSTICK_Config
                0x0000000008000284       0x2c Drivers/STM32L1xx_HAL_Driver/Src/stm32l1xx_hal_cortex.o
                0x0000000008000284                HAL_SYSTICK_Config
 .text.HAL_GPIO_Init
                0x00000000080002b0      0x194 Drivers/STM32L1xx_HAL_Driver/Src/stm32l1xx_hal_gpio.o
                0x00000000080002b0                HAL_GPIO_Init
 .text.HAL_GPIO_WritePin
                0x0000000008000444        0xc Drivers/STM32L1xx_HAL_Driver/Src/stm32l1xx_hal_gpio.o
                0x0000000008000444                HAL_GPIO_WritePin
 .text.RCC_SetFlashLatencyFromMSIRange
                0x0000000008000450       0x94 Drivers/STM32L1xx_HAL_Driver/Src/stm32l1xx_hal_rcc.o
 .text.HAL_RCC_OscConfig
                0x00000000080004e4      0x78c Drivers/STM32L1xx_HAL_Driver/Src/stm32l1xx_hal_rcc.o
                0x00000000080004e4                HAL_RCC_OscConfig
 .text.HAL_RCC_GetSysClockFreq
                0x0000000008000c70       0x9c Drivers/STM32L1xx_HAL_Driver/Src/stm32l1xx_hal_rcc.o
                0x0000000008000c70                HAL_RCC_GetSysClockFreq
 .text.HAL_RCC_ClockConfig
                0x0000000008000d0c      0x248 Drivers/STM32L1xx_HAL_Driver/Src/stm32l1xx_hal_rcc.o
                0x0000000008000d0c                HAL_RCC_ClockConfig
 .text.HAL_RCC_GetHCLKFreq
                0x0000000008000f54        0xc Drivers/STM32L1xx_HAL_Driver/Src/stm32l1xx_hal_rcc.o
                0x0000000008000f54                HAL_RCC_GetHCLKFreq
 .text.HAL_RCC_GetPCLK1Freq
                0x0000000008000f60       0x2c Drivers/STM32L1xx_HAL_Driver/Src/stm32l1xx_hal_rcc.o
                0x0000000008000f60                HAL_RCC_GetPCLK1Freq
 .text.HAL_RCC_GetPCLK2Freq
                0x0000000008000f8c       0x2c Drivers/STM32L1xx_HAL_Driver/Src/stm32l1xx_hal_rcc.o
                0x0000000008000f8c                HAL_RCC_GetPCLK2Freq
 .text.UART_SetConfig
                0x0000000008000fb8      0x320 Drivers/STM32L1xx_HAL_Driver/Src/stm32l1xx_hal_uart.o
 .text.HAL_UART_Init
                0x00000000080012d8       0x5a Drivers/STM32L1xx_HAL_Driver/Src/stm32l1xx_hal_uart.o
                0x00000000080012d8                HAL_UART_Init
 *fill*         0x0000000008001332        0x2 
 .text.MX_GPIO_Init
                0x0000000008001334       0x9c Src/main.o
 .text.MX_USART1_UART_Init
                0x00000000080013d0       0x2c Src/main.o
 .text.SystemClock_Config
                0x00000000080013fc       0x68 Src/main.o
                0x00000000080013fc                SystemClock_Config
 .text.main     0x0000000008001464       0x88 Src/main.o
                0x0000000008001464                main
 .text.HAL_MspInit
                0x00000000080014ec       0x44 Src/stm32l1xx_hal_msp.o
                0x00000000080014ec                HAL_MspInit
 .text.HAL_UART_MspInit
                0x0000000008001530       0x70 Src/stm32l1xx_hal_msp.o
                0x0000000008001530                HAL_UART_MspInit
 .text.NMI_Handler
                0x00000000080015a0        0x2 Src/stm32l1xx_it.o
                0x00000000080015a0                NMI_Handler
 .text.HardFault_Handler
                0x00000000080015a2        0x2 Src/stm32l1xx_it.o
                0x00000000080015a2                HardFault_Handler
 .text.MemManage_Handler
                0x00000000080015a4        0x2 Src/stm32l1xx_it.o
                0x00000000080015a4                MemManage_Handler
 .text.BusFault_Handler
                0x00000000080015a6        0x2 Src/stm32l1xx_it.o
                0x00000000080015a6                BusFault_Handler
 .text.UsageFault_Handler
                0x00000000080015a8        0x2 Src/stm32l1xx_it.o
                0x00000000080015a8                UsageFault_Handler
 .text.SVC_Handler
                0x00000000080015aa        0x2 Src/stm32l1xx_it.o
                0x00000000080015aa                SVC_Handler
 .text.DebugMon_Handler
                0x00000000080015ac        0x2 Src/stm32l1xx_it.o
                0x00000000080015ac                DebugMon_Handler
 .text.PendSV_Handler
                0x00000000080015ae        0x2 Src/stm32l1xx_it.o
                0x00000000080015ae                PendSV_Handler
 .text.SysTick_Handler
                0x00000000080015b0        0x8 Src/stm32l1xx_it.o
                0x00000000080015b0                SysTick_Handler
 .text._read    0x00000000080015b8       0x1c Src/syscalls.o
                0x00000000080015b8                _read
 .text._write   0x00000000080015d4       0x1c Src/syscalls.o
                0x00000000080015d4                _write
 .text._sbrk    0x00000000080015f0       0x3c Src/syscalls.o
                0x00000000080015f0                _sbrk
 .text._close   0x000000000800162c        0x6 Src/syscalls.o
                0x000000000800162c                _close
 .text._fstat   0x0000000008001632        0xa Src/syscalls.o
                0x0000000008001632                _fstat
 .text._isatty  0x000000000800163c        0x4 Src/syscalls.o
                0x000000000800163c                _isatty
 .text._lseek   0x0000000008001640        0x4 Src/syscalls.o
                0x0000000008001640                _lseek
 .text.SystemInit
                0x0000000008001644       0x48 Src/system_stm32l1xx.o
                0x0000000008001644                SystemInit
 .text.__io_putchar
                0x000000000800168c       0x18 Src/uart_io.o
                0x000000000800168c                __io_putchar
 .text.__io_getchar
                0x00000000080016a4       0x18 Src/uart_io.o
                0x00000000080016a4                __io_getchar
 .text.Reset_Handler
                0x00000000080016bc       0x48 startup/startup_stm32l151xba.o
                0x00000000080016bc                Reset_Handler
 .text.Default_Handler
                0x0000000008001704        0x2 startup/startup_stm32l151xba.o
                0x0000000008001704                RTC_Alarm_IRQHandler
                0x0000000008001704                EXTI2_IRQHandler
                0x0000000008001704                TIM10_IRQHandler
                0x0000000008001704                USB_HP_IRQHandler
                0x0000000008001704                TIM6_IRQHandler
                0x0000000008001704                PVD_IRQHandler
                0x0000000008001704                EXTI3_IRQHandler
                0x0000000008001704                EXTI0_IRQHandler
                0x0000000008001704                I2C2_EV_IRQHandler
                0x0000000008001704                SPI1_IRQHandler
                0x0000000008001704                USB_FS_WKUP_IRQHandler
                0x0000000008001704                DMA1_Channel4_IRQHandler
                0x0000000008001704                ADC1_IRQHandler
                0x0000000008001704                USART3_IRQHandler
                0x0000000008001704                DMA1_Channel7_IRQHandler
                0x0000000008001704                TIM4_IRQHandler
                0x0000000008001704                I2C1_EV_IRQHandler
                0x0000000008001704                DMA1_Channel6_IRQHandler
                0x0000000008001704                TIM3_IRQHandler
                0x0000000008001704                RCC_IRQHandler
                0x0000000008001704                DMA1_Channel1_IRQHandler
                0x0000000008001704                Default_Handler
                0x0000000008001704                EXTI15_10_IRQHandler
                0x0000000008001704                TIM7_IRQHandler
                0x0000000008001704                EXTI9_5_IRQHandler
                0x0000000008001704                TIM9_IRQHandler
                0x0000000008001704                TAMPER_STAMP_IRQHandler
                0x0000000008001704                RTC_WKUP_IRQHandler
                0x0000000008001704                SPI2_IRQHandler
                0x0000000008001704                DMA1_Channel5_IRQHandler
                0x0000000008001704                USB_LP_IRQHandler
                0x0000000008001704                EXTI4_IRQHandler
                0x0000000008001704                DMA1_Channel3_IRQHandler
                0x0000000008001704                COMP_IRQHandler
                0x0000000008001704                WWDG_IRQHandler
                0x0000000008001704                TIM2_IRQHandler
                0x0000000008001704                DAC_IRQHandler
                0x0000000008001704                EXTI1_IRQHandler
                0x0000000008001704                TIM11_IRQHandler
                0x0000000008001704                USART2_IRQHandler
                0x0000000008001704                I2C2_ER_IRQHandler
                0x0000000008001704                DMA1_Channel2_IRQHandler
                0x0000000008001704                FLASH_IRQHandler
                0x0000000008001704                USART1_IRQHandler
                0x0000000008001704                I2C1_ER_IRQHandler
 *fill*         0x0000000008001706        0x2 
 .text.__errno  0x0000000008001708        0xc /home/uli/.p2/pool/plugins/fr.ac6.mcu.externaltools.arm-none.linux64_1.16.0.201807130628/tools/st-gnu-arm-gcc-7-2017-q4-major_gdb-5_4-2016q3/bin/../lib/gcc/arm-none-eabi/7.2.1/../../../../arm-none-eabi/lib/thumb/v7-m/libc_nano.a(lib_a-errno.o)
                0x0000000008001708                __errno
 .text.__libc_init_array
                0x0000000008001714       0x48 /home/uli/.p2/pool/plugins/fr.ac6.mcu.externaltools.arm-none.linux64_1.16.0.201807130628/tools/st-gnu-arm-gcc-7-2017-q4-major_gdb-5_4-2016q3/bin/../lib/gcc/arm-none-eabi/7.2.1/../../../../arm-none-eabi/lib/thumb/v7-m/libc_nano.a(lib_a-init.o)
                0x0000000008001714                __libc_init_array
 .text.memset   0x000000000800175c       0x10 /home/uli/.p2/pool/plugins/fr.ac6.mcu.externaltools.arm-none.linux64_1.16.0.201807130628/tools/st-gnu-arm-gcc-7-2017-q4-major_gdb-5_4-2016q3/bin/../lib/gcc/arm-none-eabi/7.2.1/../../../../arm-none-eabi/lib/thumb/v7-m/libc_nano.a(lib_a-memset.o)
                0x000000000800175c                memset
 .text._puts_r  0x000000000800176c       0xb8 /home/uli/.p2/pool/plugins/fr.ac6.mcu.externaltools.arm-none.linux64_1.16.0.201807130628/tools/st-gnu-arm-gcc-7-2017-q4-major_gdb-5_4-2016q3/bin/../lib/gcc/arm-none-eabi/7.2.1/../../../../arm-none-eabi/lib/thumb/v7-m/libc_nano.a(lib_a-puts.o)
                0x000000000800176c                _puts_r
 .text.puts     0x0000000008001824       0x10 /home/uli/.p2/pool/plugins/fr.ac6.mcu.externaltools.arm-none.linux64_1.16.0.201807130628/tools/st-gnu-arm-gcc-7-2017-q4-major_gdb-5_4-2016q3/bin/../lib/gcc/arm-none-eabi/7.2.1/../../../../arm-none-eabi/lib/thumb/v7-m/libc_nano.a(lib_a-puts.o)
                0x0000000008001824                puts
 .text.__swbuf_r
                0x0000000008001834       0xa4 /home/uli/.p2/pool/plugins/fr.ac6.mcu.externaltools.arm-none.linux64_1.16.0.201807130628/tools/st-gnu-arm-gcc-7-2017-q4-major_gdb-5_4-2016q3/bin/../lib/gcc/arm-none-eabi/7.2.1/../../../../arm-none-eabi/lib/thumb/v7-m/libc_nano.a(lib_a-wbuf.o)
                0x0000000008001834                __swbuf_r
 .text.__swsetup_r
                0x00000000080018d8       0xdc /home/uli/.p2/pool/plugins/fr.ac6.mcu.externaltools.arm-none.linux64_1.16.0.201807130628/tools/st-gnu-arm-gcc-7-2017-q4-major_gdb-5_4-2016q3/bin/../lib/gcc/arm-none-eabi/7.2.1/../../../../arm-none-eabi/lib/thumb/v7-m/libc_nano.a(lib_a-wsetup.o)
                0x00000000080018d8                __swsetup_r
 .text.__sflush_r
                0x00000000080019b4      0x10c /home/uli/.p2/pool/plugins/fr.ac6.mcu.externaltools.arm-none.linux64_1.16.0.201807130628/tools/st-gnu-arm-gcc-7-2017-q4-major_gdb-5_4-2016q3/bin/../lib/gcc/arm-none-eabi/7.2.1/../../../../arm-none-eabi/lib/thumb/v7-m/libc_nano.a(lib_a-fflush.o)
                0x00000000080019b4                __sflush_r
 .text._fflush_r
                0x0000000008001ac0       0x54 /home/uli/.p2/pool/plugins/fr.ac6.mcu.externaltools.arm-none.linux64_1.16.0.201807130628/tools/st-gnu-arm-gcc-7-2017-q4-major_gdb-5_4-2016q3/bin/../lib/gcc/arm-none-eabi/7.2.1/../../../../arm-none-eabi/lib/thumb/v7-m/libc_nano.a(lib_a-fflush.o)
                0x0000000008001ac0                _fflush_r
 .text.std      0x0000000008001b14       0x48 /home/uli/.p2/pool/plugins/fr.ac6.mcu.externaltools.arm-none.linux64_1.16.0.201807130628/tools/st-gnu-arm-gcc-7-2017-q4-major_gdb-5_4-2016q3/bin/../lib/gcc/arm-none-eabi/7.2.1/../../../../arm-none-eabi/lib/thumb/v7-m/libc_nano.a(lib_a-findfp.o)
 .text._cleanup_r
                0x0000000008001b5c        0xc /home/uli/.p2/pool/plugins/fr.ac6.mcu.externaltools.arm-none.linux64_1.16.0.201807130628/tools/st-gnu-arm-gcc-7-2017-q4-major_gdb-5_4-2016q3/bin/../lib/gcc/arm-none-eabi/7.2.1/../../../../arm-none-eabi/lib/thumb/v7-m/libc_nano.a(lib_a-findfp.o)
                0x0000000008001b5c                _cleanup_r
 .text.__sfmoreglue
                0x0000000008001b68       0x2c /home/uli/.p2/pool/plugins/fr.ac6.mcu.externaltools.arm-none.linux64_1.16.0.201807130628/tools/st-gnu-arm-gcc-7-2017-q4-major_gdb-5_4-2016q3/bin/../lib/gcc/arm-none-eabi/7.2.1/../../../../arm-none-eabi/lib/thumb/v7-m/libc_nano.a(lib_a-findfp.o)
                0x0000000008001b68                __sfmoreglue
 .text.__sinit  0x0000000008001b94       0x60 /home/uli/.p2/pool/plugins/fr.ac6.mcu.externaltools.arm-none.linux64_1.16.0.201807130628/tools/st-gnu-arm-gcc-7-2017-q4-major_gdb-5_4-2016q3/bin/../lib/gcc/arm-none-eabi/7.2.1/../../../../arm-none-eabi/lib/thumb/v7-m/libc_nano.a(lib_a-findfp.o)
                0x0000000008001b94                __sinit
 .text.__sfp    0x0000000008001bf4       0x78 /home/uli/.p2/pool/plugins/fr.ac6.mcu.externaltools.arm-none.linux64_1.16.0.201807130628/tools/st-gnu-arm-gcc-7-2017-q4-major_gdb-5_4-2016q3/bin/../lib/gcc/arm-none-eabi/7.2.1/../../../../arm-none-eabi/lib/thumb/v7-m/libc_nano.a(lib_a-findfp.o)
                0x0000000008001bf4                __sfp
 .text._fwalk_reent
                0x0000000008001c6c       0x3c /home/uli/.p2/pool/plugins/fr.ac6.mcu.externaltools.arm-none.linux64_1.16.0.201807130628/tools/st-gnu-arm-gcc-7-2017-q4-major_gdb-5_4-2016q3/bin/../lib/gcc/arm-none-eabi/7.2.1/../../../../arm-none-eabi/lib/thumb/v7-m/libc_nano.a(lib_a-fwalk.o)
                0x0000000008001c6c                _fwalk_reent
 .text.__swhatbuf_r
                0x0000000008001ca8       0x48 /home/uli/.p2/pool/plugins/fr.ac6.mcu.externaltools.arm-none.linux64_1.16.0.201807130628/tools/st-gnu-arm-gcc-7-2017-q4-major_gdb-5_4-2016q3/bin/../lib/gcc/arm-none-eabi/7.2.1/../../../../arm-none-eabi/lib/thumb/v7-m/libc_nano.a(lib_a-makebuf.o)
                0x0000000008001ca8                __swhatbuf_r
 .text.__smakebuf_r
                0x0000000008001cf0       0x80 /home/uli/.p2/pool/plugins/fr.ac6.mcu.externaltools.arm-none.linux64_1.16.0.201807130628/tools/st-gnu-arm-gcc-7-2017-q4-major_gdb-5_4-2016q3/bin/../lib/gcc/arm-none-eabi/7.2.1/../../../../arm-none-eabi/lib/thumb/v7-m/libc_nano.a(lib_a-makebuf.o)
                0x0000000008001cf0                __smakebuf_r
 .text._free_r  0x0000000008001d70       0x98 /home/uli/.p2/pool/plugins/fr.ac6.mcu.externaltools.arm-none.linux64_1.16.0.201807130628/tools/st-gnu-arm-gcc-7-2017-q4-major_gdb-5_4-2016q3/bin/../lib/gcc/arm-none-eabi/7.2.1/../../../../arm-none-eabi/lib/thumb/v7-m/libc_nano.a(lib_a-nano-freer.o)
                0x0000000008001d70                _free_r
 .text._malloc_r
                0x0000000008001e08       0xb4 /home/uli/.p2/pool/plugins/fr.ac6.mcu.externaltools.arm-none.linux64_1.16.0.201807130628/tools/st-gnu-arm-gcc-7-2017-q4-major_gdb-5_4-2016q3/bin/../lib/gcc/arm-none-eabi/7.2.1/../../../../arm-none-eabi/lib/thumb/v7-m/libc_nano.a(lib_a-nano-mallocr.o)
                0x0000000008001e08                _malloc_r
 .text._sbrk_r  0x0000000008001ebc       0x20 /home/uli/.p2/pool/plugins/fr.ac6.mcu.externaltools.arm-none.linux64_1.16.0.201807130628/tools/st-gnu-arm-gcc-7-2017-q4-major_gdb-5_4-2016q3/bin/../lib/gcc/arm-none-eabi/7.2.1/../../../../arm-none-eabi/lib/thumb/v7-m/libc_nano.a(lib_a-sbrkr.o)
                0x0000000008001ebc                _sbrk_r
 .text.__sread  0x0000000008001edc       0x22 /home/uli/.p2/pool/plugins/fr.ac6.mcu.externaltools.arm-none.linux64_1.16.0.201807130628/tools/st-gnu-arm-gcc-7-2017-q4-major_gdb-5_4-2016q3/bin/../lib/gcc/arm-none-eabi/7.2.1/../../../../arm-none-eabi/lib/thumb/v7-m/libc_nano.a(lib_a-stdio.o)
                0x0000000008001edc                __sread
 .text.__swrite
                0x0000000008001efe       0x38 /home/uli/.p2/pool/plugins/fr.ac6.mcu.externaltools.arm-none.linux64_1.16.0.201807130628/tools/st-gnu-arm-gcc-7-2017-q4-major_gdb-5_4-2016q3/bin/../lib/gcc/arm-none-eabi/7.2.1/../../../../arm-none-eabi/lib/thumb/v7-m/libc_nano.a(lib_a-stdio.o)
                0x0000000008001efe                __swrite
 .text.__sseek  0x0000000008001f36       0x24 /home/uli/.p2/pool/plugins/fr.ac6.mcu.externaltools.arm-none.linux64_1.16.0.201807130628/tools/st-gnu-arm-gcc-7-2017-q4-major_gdb-5_4-2016q3/bin/../lib/gcc/arm-none-eabi/7.2.1/../../../../arm-none-eabi/lib/thumb/v7-m/libc_nano.a(lib_a-stdio.o)
                0x0000000008001f36                __sseek
 .text.__sclose
                0x0000000008001f5a        0x8 /home/uli/.p2/pool/plugins/fr.ac6.mcu.externaltools.arm-none.linux64_1.16.0.201807130628/tools/st-gnu-arm-gcc-7-2017-q4-major_gdb-5_4-2016q3/bin/../lib/gcc/arm-none-eabi/7.2.1/../../../../arm-none-eabi/lib/thumb/v7-m/libc_nano.a(lib_a-stdio.o)
                0x0000000008001f5a                __sclose
 *fill*         0x0000000008001f62        0x2 
 .text._write_r
                0x0000000008001f64       0x24 /home/uli/.p2/pool/plugins/fr.ac6.mcu.externaltools.arm-none.linux64_1.16.0.201807130628/tools/st-gnu-arm-gcc-7-2017-q4-major_gdb-5_4-2016q3/bin/../lib/gcc/arm-none-eabi/7.2.1/../../../../arm-none-eabi/lib/thumb/v7-m/libc_nano.a(lib_a-writer.o)
                0x0000000008001f64                _write_r
 .text._close_r
                0x0000000008001f88       0x20 /home/uli/.p2/pool/plugins/fr.ac6.mcu.externaltools.arm-none.linux64_1.16.0.201807130628/tools/st-gnu-arm-gcc-7-2017-q4-major_gdb-5_4-2016q3/bin/../lib/gcc/arm-none-eabi/7.2.1/../../../../arm-none-eabi/lib/thumb/v7-m/libc_nano.a(lib_a-closer.o)
                0x0000000008001f88                _close_r
 .text._fstat_r
                0x0000000008001fa8       0x24 /home/uli/.p2/pool/plugins/fr.ac6.mcu.externaltools.arm-none.linux64_1.16.0.201807130628/tools/st-gnu-arm-gcc-7-2017-q4-major_gdb-5_4-2016q3/bin/../lib/gcc/arm-none-eabi/7.2.1/../../../../arm-none-eabi/lib/thumb/v7-m/libc_nano.a(lib_a-fstatr.o)
                0x0000000008001fa8                _fstat_r
 .text._isatty_r
                0x0000000008001fcc       0x20 /home/uli/.p2/pool/plugins/fr.ac6.mcu.externaltools.arm-none.linux64_1.16.0.201807130628/tools/st-gnu-arm-gcc-7-2017-q4-major_gdb-5_4-2016q3/bin/../lib/gcc/arm-none-eabi/7.2.1/../../../../arm-none-eabi/lib/thumb/v7-m/libc_nano.a(lib_a-isattyr.o)
                0x0000000008001fcc                _isatty_r
 .text._lseek_r
                0x0000000008001fec       0x24 /home/uli/.p2/pool/plugins/fr.ac6.mcu.externaltools.arm-none.linux64_1.16.0.201807130628/tools/st-gnu-arm-gcc-7-2017-q4-major_gdb-5_4-2016q3/bin/../lib/gcc/arm-none-eabi/7.2.1/../../../../arm-none-eabi/lib/thumb/v7-m/libc_nano.a(lib_a-lseekr.o)
                0x0000000008001fec                _lseek_r
 .text.__malloc_lock
                0x0000000008002010        0x2 /home/uli/.p2/pool/plugins/fr.ac6.mcu.externaltools.arm-none.linux64_1.16.0.201807130628/tools/st-gnu-arm-gcc-7-2017-q4-major_gdb-5_4-2016q3/bin/../lib/gcc/arm-none-eabi/7.2.1/../../../../arm-none-eabi/lib/thumb/v7-m/libc_nano.a(lib_a-mlock.o)
                0x0000000008002010                __malloc_lock
 .text.__malloc_unlock
                0x0000000008002012        0x2 /home/uli/.p2/pool/plugins/fr.ac6.mcu.externaltools.arm-none.linux64_1.16.0.201807130628/tools/st-gnu-arm-gcc-7-2017-q4-major_gdb-5_4-2016q3/bin/../lib/gcc/arm-none-eabi/7.2.1/../../../../arm-none-eabi/lib/thumb/v7-m/libc_nano.a(lib_a-mlock.o)
                0x0000000008002012                __malloc_unlock
 .text._read_r  0x0000000008002014       0x24 /home/uli/.p2/pool/plugins/fr.ac6.mcu.externaltools.arm-none.linux64_1.16.0.201807130628/tools/st-gnu-arm-gcc-7-2017-q4-major_gdb-5_4-2016q3/bin/../lib/gcc/arm-none-eabi/7.2.1/../../../../arm-none-eabi/lib/thumb/v7-m/libc_nano.a(lib_a-readr.o)
                0x0000000008002014                _read_r
 *(.glue_7)
 .glue_7        0x0000000008002038        0x0 linker stubs
 *(.glue_7t)
 .glue_7t       0x0000000008002038        0x0 linker stubs
 *(.eh_frame)
 .eh_frame      0x0000000008002038        0x0 /home/uli/.p2/pool/plugins/fr.ac6.mcu.externaltools.arm-none.linux64_1.16.0.201807130628/tools/st-gnu-arm-gcc-7-2017-q4-major_gdb-5_4-2016q3/bin/../lib/gcc/arm-none-eabi/7.2.1/thumb/v7-m/crtbegin.o
 *(.init)
 .init          0x0000000008002038        0x4 /home/uli/.p2/pool/plugins/fr.ac6.mcu.externaltools.arm-none.linux64_1.16.0.201807130628/tools/st-gnu-arm-gcc-7-2017-q4-major_gdb-5_4-2016q3/bin/../lib/gcc/arm-none-eabi/7.2.1/thumb/v7-m/crti.o
                0x0000000008002038                _init
 .init          0x000000000800203c        0x8 /home/uli/.p2/pool/plugins/fr.ac6.mcu.externaltools.arm-none.linux64_1.16.0.201807130628/tools/st-gnu-arm-gcc-7-2017-q4-major_gdb-5_4-2016q3/bin/../lib/gcc/arm-none-eabi/7.2.1/thumb/v7-m/crtn.o
 *(.fini)
 .fini          0x0000000008002044        0x4 /home/uli/.p2/pool/plugins/fr.ac6.mcu.externaltools.arm-none.linux64_1.16.0.201807130628/tools/st-gnu-arm-gcc-7-2017-q4-major_gdb-5_4-2016q3/bin/../lib/gcc/arm-none-eabi/7.2.1/thumb/v7-m/crti.o
                0x0000000008002044                _fini
 .fini          0x0000000008002048        0x8 /home/uli/.p2/pool/plugins/fr.ac6.mcu.externaltools.arm-none.linux64_1.16.0.201807130628/tools/st-gnu-arm-gcc-7-2017-q4-major_gdb-5_4-2016q3/bin/../lib/gcc/arm-none-eabi/7.2.1/thumb/v7-m/crtn.o
                0x0000000008002050                . = ALIGN (0x4)
                0x0000000008002050                _etext = .

.vfp11_veneer   0x0000000008002050        0x0
 .vfp11_veneer  0x0000000008002050        0x0 linker stubs

.v4_bx          0x0000000008002050        0x0
 .v4_bx         0x0000000008002050        0x0 linker stubs

.iplt           0x0000000008002050        0x0
 .iplt          0x0000000008002050        0x0 /home/uli/.p2/pool/plugins/fr.ac6.mcu.externaltools.arm-none.linux64_1.16.0.201807130628/tools/st-gnu-arm-gcc-7-2017-q4-major_gdb-5_4-2016q3/bin/../lib/gcc/arm-none-eabi/7.2.1/thumb/v7-m/crtbegin.o

.rodata         0x0000000008002050      0x15c
                0x0000000008002050                . = ALIGN (0x4)
 *(.rodata)
 .rodata        0x0000000008002050       0x24 Src/system_stm32l1xx.o
                0x0000000008002050                PLLMulTable
                0x000000000800205c                AHBPrescTable
                0x000000000800206c                APBPrescTable
 *(.rodata*)
 .rodata.str1.4
                0x0000000008002074       0xd4 Src/main.o
 .rodata._global_impure_ptr
                0x0000000008002148        0x4 /home/uli/.p2/pool/plugins/fr.ac6.mcu.externaltools.arm-none.linux64_1.16.0.201807130628/tools/st-gnu-arm-gcc-7-2017-q4-major_gdb-5_4-2016q3/bin/../lib/gcc/arm-none-eabi/7.2.1/../../../../arm-none-eabi/lib/thumb/v7-m/libc_nano.a(lib_a-impure.o)
                0x0000000008002148                _global_impure_ptr
 .rodata.__sf_fake_stderr
                0x000000000800214c       0x20 /home/uli/.p2/pool/plugins/fr.ac6.mcu.externaltools.arm-none.linux64_1.16.0.201807130628/tools/st-gnu-arm-gcc-7-2017-q4-major_gdb-5_4-2016q3/bin/../lib/gcc/arm-none-eabi/7.2.1/../../../../arm-none-eabi/lib/thumb/v7-m/libc_nano.a(lib_a-findfp.o)
                0x000000000800214c                __sf_fake_stderr
 .rodata.__sf_fake_stdin
                0x000000000800216c       0x20 /home/uli/.p2/pool/plugins/fr.ac6.mcu.externaltools.arm-none.linux64_1.16.0.201807130628/tools/st-gnu-arm-gcc-7-2017-q4-major_gdb-5_4-2016q3/bin/../lib/gcc/arm-none-eabi/7.2.1/../../../../arm-none-eabi/lib/thumb/v7-m/libc_nano.a(lib_a-findfp.o)
                0x000000000800216c                __sf_fake_stdin
 .rodata.__sf_fake_stdout
                0x000000000800218c       0x20 /home/uli/.p2/pool/plugins/fr.ac6.mcu.externaltools.arm-none.linux64_1.16.0.201807130628/tools/st-gnu-arm-gcc-7-2017-q4-major_gdb-5_4-2016q3/bin/../lib/gcc/arm-none-eabi/7.2.1/../../../../arm-none-eabi/lib/thumb/v7-m/libc_nano.a(lib_a-findfp.o)
                0x000000000800218c                __sf_fake_stdout
                0x00000000080021ac                . = ALIGN (0x4)

.rel.dyn        0x00000000080021ac        0x0
 .rel.iplt      0x00000000080021ac        0x0 /home/uli/.p2/pool/plugins/fr.ac6.mcu.externaltools.arm-none.linux64_1.16.0.201807130628/tools/st-gnu-arm-gcc-7-2017-q4-major_gdb-5_4-2016q3/bin/../lib/gcc/arm-none-eabi/7.2.1/thumb/v7-m/crtbegin.o

.ARM.extab
 *(.ARM.extab* .gnu.linkonce.armextab.*)

.ARM            0x00000000080021ac        0x0
                0x00000000080021ac                __exidx_start = .
 *(.ARM.exidx*)
                0x00000000080021ac                __exidx_end = .

.preinit_array  0x00000000080021ac        0x0
                0x00000000080021ac                PROVIDE (__preinit_array_start, .)
 *(.preinit_array*)
                0x00000000080021ac                PROVIDE (__preinit_array_end, .)

.init_array     0x00000000080021ac        0x4
                0x00000000080021ac                PROVIDE (__init_array_start, .)
 *(SORT_BY_NAME(.init_array.*))
 *(.init_array*)
 .init_array    0x00000000080021ac        0x4 /home/uli/.p2/pool/plugins/fr.ac6.mcu.externaltools.arm-none.linux64_1.16.0.201807130628/tools/st-gnu-arm-gcc-7-2017-q4-major_gdb-5_4-2016q3/bin/../lib/gcc/arm-none-eabi/7.2.1/thumb/v7-m/crtbegin.o
                0x00000000080021b0                PROVIDE (__init_array_end, .)

.fini_array     0x00000000080021b0        0x4
                [!provide]                        PROVIDE (__fini_array_start, .)
 *(SORT_BY_NAME(.fini_array.*))
 *(.fini_array*)
 .fini_array    0x00000000080021b0        0x4 /home/uli/.p2/pool/plugins/fr.ac6.mcu.externaltools.arm-none.linux64_1.16.0.201807130628/tools/st-gnu-arm-gcc-7-2017-q4-major_gdb-5_4-2016q3/bin/../lib/gcc/arm-none-eabi/7.2.1/thumb/v7-m/crtbegin.o
                [!provide]                        PROVIDE (__fini_array_end, .)
                0x00000000080021b4                _sidata = LOADADDR (.data)

.data           0x0000000020000000       0x68 load address 0x00000000080021b4
                0x0000000020000000                . = ALIGN (0x4)
                0x0000000020000000                _sdata = .
 *(.data)
 .data          0x0000000020000000        0x4 Src/system_stm32l1xx.o
                0x0000000020000000                SystemCoreClock
 *(.data*)
 .data._impure_ptr
                0x0000000020000004        0x4 /home/uli/.p2/pool/plugins/fr.ac6.mcu.externaltools.arm-none.linux64_1.16.0.201807130628/tools/st-gnu-arm-gcc-7-2017-q4-major_gdb-5_4-2016q3/bin/../lib/gcc/arm-none-eabi/7.2.1/../../../../arm-none-eabi/lib/thumb/v7-m/libc_nano.a(lib_a-impure.o)
                0x0000000020000004                _impure_ptr
 .data.impure_data
                0x0000000020000008       0x60 /home/uli/.p2/pool/plugins/fr.ac6.mcu.externaltools.arm-none.linux64_1.16.0.201807130628/tools/st-gnu-arm-gcc-7-2017-q4-major_gdb-5_4-2016q3/bin/../lib/gcc/arm-none-eabi/7.2.1/../../../../arm-none-eabi/lib/thumb/v7-m/libc_nano.a(lib_a-impure.o)
                0x0000000020000068                . = ALIGN (0x4)
                0x0000000020000068                _edata = .

.igot.plt       0x0000000020000068        0x0 load address 0x000000000800221c
 .igot.plt      0x0000000020000068        0x0 /home/uli/.p2/pool/plugins/fr.ac6.mcu.externaltools.arm-none.linux64_1.16.0.201807130628/tools/st-gnu-arm-gcc-7-2017-q4-major_gdb-5_4-2016q3/bin/../lib/gcc/arm-none-eabi/7.2.1/thumb/v7-m/crtbegin.o
                0x0000000020000068                . = ALIGN (0x4)

.bss            0x0000000020000068       0x74 load address 0x000000000800221c
                0x0000000020000068                _sbss = .
                0x0000000020000068                __bss_start__ = _sbss
 *(.bss)
 .bss           0x0000000020000068       0x1c /home/uli/.p2/pool/plugins/fr.ac6.mcu.externaltools.arm-none.linux64_1.16.0.201807130628/tools/st-gnu-arm-gcc-7-2017-q4-major_gdb-5_4-2016q3/bin/../lib/gcc/arm-none-eabi/7.2.1/thumb/v7-m/crtbegin.o
 .bss           0x0000000020000084        0x8 Src/syscalls.o
                0x0000000020000088                __env
 *(.bss*)
 .bss.__malloc_free_list
                0x000000002000008c        0x4 /home/uli/.p2/pool/plugins/fr.ac6.mcu.externaltools.arm-none.linux64_1.16.0.201807130628/tools/st-gnu-arm-gcc-7-2017-q4-major_gdb-5_4-2016q3/bin/../lib/gcc/arm-none-eabi/7.2.1/../../../../arm-none-eabi/lib/thumb/v7-m/libc_nano.a(lib_a-nano-mallocr.o)
                0x000000002000008c                __malloc_free_list
 .bss.__malloc_sbrk_start
                0x0000000020000090        0x4 /home/uli/.p2/pool/plugins/fr.ac6.mcu.externaltools.arm-none.linux64_1.16.0.201807130628/tools/st-gnu-arm-gcc-7-2017-q4-major_gdb-5_4-2016q3/bin/../lib/gcc/arm-none-eabi/7.2.1/../../../../arm-none-eabi/lib/thumb/v7-m/libc_nano.a(lib_a-nano-mallocr.o)
                0x0000000020000090                __malloc_sbrk_start
 *(COMMON)
 COMMON         0x0000000020000094        0x4 Drivers/STM32L1xx_HAL_Driver/Src/stm32l1xx_hal.o
                0x0000000020000094                uwTick
 COMMON         0x0000000020000098       0x40 Src/main.o
                0x0000000020000098                huart1
 COMMON         0x00000000200000d8        0x4 /home/uli/.p2/pool/plugins/fr.ac6.mcu.externaltools.arm-none.linux64_1.16.0.201807130628/tools/st-gnu-arm-gcc-7-2017-q4-major_gdb-5_4-2016q3/bin/../lib/gcc/arm-none-eabi/7.2.1/../../../../arm-none-eabi/lib/thumb/v7-m/libc_nano.a(lib_a-reent.o)
                0x00000000200000d8                errno
                0x00000000200000dc                . = ALIGN (0x4)
                0x00000000200000dc                _ebss = .
                0x00000000200000dc                __bss_end__ = _ebss

._user_heap_stack
                0x00000000200000dc      0x604 load address 0x000000000800221c
                0x00000000200000e0                . = ALIGN (0x8)
 *fill*         0x00000000200000dc        0x4 
                0x00000000200000e0                PROVIDE (end, .)
                [!provide]                        PROVIDE (_end, .)
                0x00000000200002e0                . = (. + _Min_Heap_Size)
 *fill*         0x00000000200000e0      0x200 
                0x00000000200006e0                . = (. + _Min_Stack_Size)
 *fill*         0x00000000200002e0      0x400 
                0x00000000200006e0                . = ALIGN (0x8)

/DISCARD/
 libc.a(*)
 libm.a(*)
 libgcc.a(*)

.ARM.attributes
                0x0000000000000000       0x29
 *(.ARM.attributes)
 .ARM.attributes
                0x0000000000000000       0x1d /home/uli/.p2/pool/plugins/fr.ac6.mcu.externaltools.arm-none.linux64_1.16.0.201807130628/tools/st-gnu-arm-gcc-7-2017-q4-major_gdb-5_4-2016q3/bin/../lib/gcc/arm-none-eabi/7.2.1/thumb/v7-m/crti.o
 .ARM.attributes
                0x000000000000001d       0x2d /home/uli/.p2/pool/plugins/fr.ac6.mcu.externaltools.arm-none.linux64_1.16.0.201807130628/tools/st-gnu-arm-gcc-7-2017-q4-major_gdb-5_4-2016q3/bin/../lib/gcc/arm-none-eabi/7.2.1/thumb/v7-m/crtbegin.o
 .ARM.attributes
                0x000000000000004a       0x33 Drivers/STM32L1xx_HAL_Driver/Src/stm32l1xx_hal.o
 .ARM.attributes
                0x000000000000007d       0x33 Drivers/STM32L1xx_HAL_Driver/Src/stm32l1xx_hal_cortex.o
 .ARM.attributes
                0x00000000000000b0       0x33 Drivers/STM32L1xx_HAL_Driver/Src/stm32l1xx_hal_gpio.o
 .ARM.attributes
                0x00000000000000e3       0x33 Drivers/STM32L1xx_HAL_Driver/Src/stm32l1xx_hal_rcc.o
 .ARM.attributes
                0x0000000000000116       0x33 Drivers/STM32L1xx_HAL_Driver/Src/stm32l1xx_hal_uart.o
 .ARM.attributes
                0x0000000000000149       0x33 Src/main.o
 .ARM.attributes
                0x000000000000017c       0x33 Src/stm32l1xx_hal_msp.o
 .ARM.attributes
                0x00000000000001af       0x33 Src/stm32l1xx_it.o
 .ARM.attributes
                0x00000000000001e2       0x33 Src/syscalls.o
 .ARM.attributes
                0x0000000000000215       0x33 Src/system_stm32l1xx.o
 .ARM.attributes
                0x0000000000000248       0x33 Src/uart_io.o
 .ARM.attributes
                0x000000000000027b       0x21 startup/startup_stm32l151xba.o
 .ARM.attributes
                0x000000000000029c       0x2d /home/uli/.p2/pool/plugins/fr.ac6.mcu.externaltools.arm-none.linux64_1.16.0.201807130628/tools/st-gnu-arm-gcc-7-2017-q4-major_gdb-5_4-2016q3/bin/../lib/gcc/arm-none-eabi/7.2.1/../../../../arm-none-eabi/lib/thumb/v7-m/libc_nano.a(lib_a-errno.o)
 .ARM.attributes
                0x00000000000002c9       0x2d /home/uli/.p2/pool/plugins/fr.ac6.mcu.externaltools.arm-none.linux64_1.16.0.201807130628/tools/st-gnu-arm-gcc-7-2017-q4-major_gdb-5_4-2016q3/bin/../lib/gcc/arm-none-eabi/7.2.1/../../../../arm-none-eabi/lib/thumb/v7-m/libc_nano.a(lib_a-impure.o)
 .ARM.attributes
                0x00000000000002f6       0x2d /home/uli/.p2/pool/plugins/fr.ac6.mcu.externaltools.arm-none.linux64_1.16.0.201807130628/tools/st-gnu-arm-gcc-7-2017-q4-major_gdb-5_4-2016q3/bin/../lib/gcc/arm-none-eabi/7.2.1/../../../../arm-none-eabi/lib/thumb/v7-m/libc_nano.a(lib_a-init.o)
 .ARM.attributes
                0x0000000000000323       0x2d /home/uli/.p2/pool/plugins/fr.ac6.mcu.externaltools.arm-none.linux64_1.16.0.201807130628/tools/st-gnu-arm-gcc-7-2017-q4-major_gdb-5_4-2016q3/bin/../lib/gcc/arm-none-eabi/7.2.1/../../../../arm-none-eabi/lib/thumb/v7-m/libc_nano.a(lib_a-memset.o)
 .ARM.attributes
                0x0000000000000350       0x2d /home/uli/.p2/pool/plugins/fr.ac6.mcu.externaltools.arm-none.linux64_1.16.0.201807130628/tools/st-gnu-arm-gcc-7-2017-q4-major_gdb-5_4-2016q3/bin/../lib/gcc/arm-none-eabi/7.2.1/../../../../arm-none-eabi/lib/thumb/v7-m/libc_nano.a(lib_a-puts.o)
 .ARM.attributes
                0x000000000000037d       0x2d /home/uli/.p2/pool/plugins/fr.ac6.mcu.externaltools.arm-none.linux64_1.16.0.201807130628/tools/st-gnu-arm-gcc-7-2017-q4-major_gdb-5_4-2016q3/bin/../lib/gcc/arm-none-eabi/7.2.1/../../../../arm-none-eabi/lib/thumb/v7-m/libc_nano.a(lib_a-wbuf.o)
 .ARM.attributes
                0x00000000000003aa       0x2d /home/uli/.p2/pool/plugins/fr.ac6.mcu.externaltools.arm-none.linux64_1.16.0.201807130628/tools/st-gnu-arm-gcc-7-2017-q4-major_gdb-5_4-2016q3/bin/../lib/gcc/arm-none-eabi/7.2.1/../../../../arm-none-eabi/lib/thumb/v7-m/libc_nano.a(lib_a-wsetup.o)
 .ARM.attributes
                0x00000000000003d7       0x2d /home/uli/.p2/pool/plugins/fr.ac6.mcu.externaltools.arm-none.linux64_1.16.0.201807130628/tools/st-gnu-arm-gcc-7-2017-q4-major_gdb-5_4-2016q3/bin/../lib/gcc/arm-none-eabi/7.2.1/../../../../arm-none-eabi/lib/thumb/v7-m/libc_nano.a(lib_a-fflush.o)
 .ARM.attributes
                0x0000000000000404       0x2d /home/uli/.p2/pool/plugins/fr.ac6.mcu.externaltools.arm-none.linux64_1.16.0.201807130628/tools/st-gnu-arm-gcc-7-2017-q4-major_gdb-5_4-2016q3/bin/../lib/gcc/arm-none-eabi/7.2.1/../../../../arm-none-eabi/lib/thumb/v7-m/libc_nano.a(lib_a-findfp.o)
 .ARM.attributes
                0x0000000000000431       0x2d /home/uli/.p2/pool/plugins/fr.ac6.mcu.externaltools.arm-none.linux64_1.16.0.201807130628/tools/st-gnu-arm-gcc-7-2017-q4-major_gdb-5_4-2016q3/bin/../lib/gcc/arm-none-eabi/7.2.1/../../../../arm-none-eabi/lib/thumb/v7-m/libc_nano.a(lib_a-fwalk.o)
 .ARM.attributes
                0x000000000000045e       0x2d /home/uli/.p2/pool/plugins/fr.ac6.mcu.externaltools.arm-none.linux64_1.16.0.201807130628/tools/st-gnu-arm-gcc-7-2017-q4-major_gdb-5_4-2016q3/bin/../lib/gcc/arm-none-eabi/7.2.1/../../../../arm-none-eabi/lib/thumb/v7-m/libc_nano.a(lib_a-makebuf.o)
 .ARM.attributes
                0x000000000000048b       0x2d /home/uli/.p2/pool/plugins/fr.ac6.mcu.externaltools.arm-none.linux64_1.16.0.201807130628/tools/st-gnu-arm-gcc-7-2017-q4-major_gdb-5_4-2016q3/bin/../lib/gcc/arm-none-eabi/7.2.1/../../../../arm-none-eabi/lib/thumb/v7-m/libc_nano.a(lib_a-nano-freer.o)
 .ARM.attributes
                0x00000000000004b8       0x2d /home/uli/.p2/pool/plugins/fr.ac6.mcu.externaltools.arm-none.linux64_1.16.0.201807130628/tools/st-gnu-arm-gcc-7-2017-q4-major_gdb-5_4-2016q3/bin/../lib/gcc/arm-none-eabi/7.2.1/../../../../arm-none-eabi/lib/thumb/v7-m/libc_nano.a(lib_a-nano-mallocr.o)
 .ARM.attributes
                0x00000000000004e5       0x2d /home/uli/.p2/pool/plugins/fr.ac6.mcu.externaltools.arm-none.linux64_1.16.0.201807130628/tools/st-gnu-arm-gcc-7-2017-q4-major_gdb-5_4-2016q3/bin/../lib/gcc/arm-none-eabi/7.2.1/../../../../arm-none-eabi/lib/thumb/v7-m/libc_nano.a(lib_a-sbrkr.o)
 .ARM.attributes
                0x0000000000000512       0x2d /home/uli/.p2/pool/plugins/fr.ac6.mcu.externaltools.arm-none.linux64_1.16.0.201807130628/tools/st-gnu-arm-gcc-7-2017-q4-major_gdb-5_4-2016q3/bin/../lib/gcc/arm-none-eabi/7.2.1/../../../../arm-none-eabi/lib/thumb/v7-m/libc_nano.a(lib_a-stdio.o)
 .ARM.attributes
                0x000000000000053f       0x2d /home/uli/.p2/pool/plugins/fr.ac6.mcu.externaltools.arm-none.linux64_1.16.0.201807130628/tools/st-gnu-arm-gcc-7-2017-q4-major_gdb-5_4-2016q3/bin/../lib/gcc/arm-none-eabi/7.2.1/../../../../arm-none-eabi/lib/thumb/v7-m/libc_nano.a(lib_a-writer.o)
 .ARM.attributes
                0x000000000000056c       0x2d /home/uli/.p2/pool/plugins/fr.ac6.mcu.externaltools.arm-none.linux64_1.16.0.201807130628/tools/st-gnu-arm-gcc-7-2017-q4-major_gdb-5_4-2016q3/bin/../lib/gcc/arm-none-eabi/7.2.1/../../../../arm-none-eabi/lib/thumb/v7-m/libc_nano.a(lib_a-closer.o)
 .ARM.attributes
                0x0000000000000599       0x2d /home/uli/.p2/pool/plugins/fr.ac6.mcu.externaltools.arm-none.linux64_1.16.0.201807130628/tools/st-gnu-arm-gcc-7-2017-q4-major_gdb-5_4-2016q3/bin/../lib/gcc/arm-none-eabi/7.2.1/../../../../arm-none-eabi/lib/thumb/v7-m/libc_nano.a(lib_a-fstatr.o)
 .ARM.attributes
                0x00000000000005c6       0x2d /home/uli/.p2/pool/plugins/fr.ac6.mcu.externaltools.arm-none.linux64_1.16.0.201807130628/tools/st-gnu-arm-gcc-7-2017-q4-major_gdb-5_4-2016q3/bin/../lib/gcc/arm-none-eabi/7.2.1/../../../../arm-none-eabi/lib/thumb/v7-m/libc_nano.a(lib_a-isattyr.o)
 .ARM.attributes
                0x00000000000005f3       0x2d /home/uli/.p2/pool/plugins/fr.ac6.mcu.externaltools.arm-none.linux64_1.16.0.201807130628/tools/st-gnu-arm-gcc-7-2017-q4-major_gdb-5_4-2016q3/bin/../lib/gcc/arm-none-eabi/7.2.1/../../../../arm-none-eabi/lib/thumb/v7-m/libc_nano.a(lib_a-lseekr.o)
 .ARM.attributes
                0x0000000000000620       0x2d /home/uli/.p2/pool/plugins/fr.ac6.mcu.externaltools.arm-none.linux64_1.16.0.201807130628/tools/st-gnu-arm-gcc-7-2017-q4-major_gdb-5_4-2016q3/bin/../lib/gcc/arm-none-eabi/7.2.1/../../../../arm-none-eabi/lib/thumb/v7-m/libc_nano.a(lib_a-mlock.o)
 .ARM.attributes
                0x000000000000064d       0x2d /home/uli/.p2/pool/plugins/fr.ac6.mcu.externaltools.arm-none.linux64_1.16.0.201807130628/tools/st-gnu-arm-gcc-7-2017-q4-major_gdb-5_4-2016q3/bin/../lib/gcc/arm-none-eabi/7.2.1/../../../../arm-none-eabi/lib/thumb/v7-m/libc_nano.a(lib_a-readr.o)
 .ARM.attributes
                0x000000000000067a       0x2d /home/uli/.p2/pool/plugins/fr.ac6.mcu.externaltools.arm-none.linux64_1.16.0.201807130628/tools/st-gnu-arm-gcc-7-2017-q4-major_gdb-5_4-2016q3/bin/../lib/gcc/arm-none-eabi/7.2.1/../../../../arm-none-eabi/lib/thumb/v7-m/libc_nano.a(lib_a-reent.o)
 .ARM.attributes
                0x00000000000006a7       0x1d /home/uli/.p2/pool/plugins/fr.ac6.mcu.externaltools.arm-none.linux64_1.16.0.201807130628/tools/st-gnu-arm-gcc-7-2017-q4-major_gdb-5_4-2016q3/bin/../lib/gcc/arm-none-eabi/7.2.1/thumb/v7-m/crtn.o
OUTPUT(RAK5205_Blink.elf elf32-littlearm)

.debug_info     0x0000000000000000     0xc1cc
 .debug_info    0x0000000000000000      0xe8e Drivers/STM32L1xx_HAL_Driver/Src/stm32l1xx_hal.o
 .debug_info    0x0000000000000e8e     0x16a2 Drivers/STM32L1xx_HAL_Driver/Src/stm32l1xx_hal_cortex.o
 .debug_info    0x0000000000002530      0xe9a Drivers/STM32L1xx_HAL_Driver/Src/stm32l1xx_hal_gpio.o
 .debug_info    0x00000000000033ca     0x1e8c Drivers/STM32L1xx_HAL_Driver/Src/stm32l1xx_hal_rcc.o
 .debug_info    0x0000000000005256     0x1a29 Drivers/STM32L1xx_HAL_Driver/Src/stm32l1xx_hal_uart.o
 .debug_info    0x0000000000006c7f     0x1422 Src/main.o
 .debug_info    0x00000000000080a1     0x1068 Src/stm32l1xx_hal_msp.o
 .debug_info    0x0000000000009109      0xa0f Src/stm32l1xx_it.o
 .debug_info    0x0000000000009b18      0xfd3 Src/syscalls.o
 .debug_info    0x000000000000aaeb      0xc76 Src/system_stm32l1xx.o
 .debug_info    0x000000000000b761      0xa49 Src/uart_io.o
 .debug_info    0x000000000000c1aa       0x22 startup/startup_stm32l151xba.o

.debug_abbrev   0x0000000000000000     0x1d55
 .debug_abbrev  0x0000000000000000      0x2c9 Drivers/STM32L1xx_HAL_Driver/Src/stm32l1xx_hal.o
 .debug_abbrev  0x00000000000002c9      0x3ba Drivers/STM32L1xx_HAL_Driver/Src/stm32l1xx_hal_cortex.o
 .debug_abbrev  0x0000000000000683      0x2a7 Drivers/STM32L1xx_HAL_Driver/Src/stm32l1xx_hal_gpio.o
 .debug_abbrev  0x000000000000092a      0x352 Drivers/STM32L1xx_HAL_Driver/Src/stm32l1xx_hal_rcc.o
 .debug_abbrev  0x0000000000000c7c      0x2fd Drivers/STM32L1xx_HAL_Driver/Src/stm32l1xx_hal_uart.o
 .debug_abbrev  0x0000000000000f79      0x2b5 Src/main.o
 .debug_abbrev  0x000000000000122e      0x236 Src/stm32l1xx_hal_msp.o
 .debug_abbrev  0x0000000000001464      0x1e7 Src/stm32l1xx_it.o
 .debug_abbrev  0x000000000000164b      0x2d4 Src/syscalls.o
 .debug_abbrev  0x000000000000191f      0x205 Src/system_stm32l1xx.o
 .debug_abbrev  0x0000000000001b24      0x21f Src/uart_io.o
 .debug_abbrev  0x0000000000001d43       0x12 startup/startup_stm32l151xba.o

.debug_loc      0x0000000000000000     0x2da6
 .debug_loc     0x0000000000000000       0x6a Drivers/STM32L1xx_HAL_Driver/Src/stm32l1xx_hal.o
 .debug_loc     0x000000000000006a      0x5ce Drivers/STM32L1xx_HAL_Driver/Src/stm32l1xx_hal_cortex.o
 .debug_loc     0x0000000000000638      0x38d Drivers/STM32L1xx_HAL_Driver/Src/stm32l1xx_hal_gpio.o
 .debug_loc     0x00000000000009c5      0xb22 Drivers/STM32L1xx_HAL_Driver/Src/stm32l1xx_hal_rcc.o
 .debug_loc     0x00000000000014e7     0x1268 Drivers/STM32L1xx_HAL_Driver/Src/stm32l1xx_hal_uart.o
 .debug_loc     0x000000000000274f       0x84 Src/main.o
 .debug_loc     0x00000000000027d3       0x74 Src/stm32l1xx_hal_msp.o
 .debug_loc     0x0000000000002847      0x3af Src/syscalls.o
 .debug_loc     0x0000000000002bf6      0x18f Src/system_stm32l1xx.o
 .debug_loc     0x0000000000002d85       0x21 Src/uart_io.o

.debug_aranges  0x0000000000000000      0x588
 .debug_aranges
                0x0000000000000000       0xb0 Drivers/STM32L1xx_HAL_Driver/Src/stm32l1xx_hal.o
 .debug_aranges
                0x00000000000000b0       0xa8 Drivers/STM32L1xx_HAL_Driver/Src/stm32l1xx_hal_cortex.o
 .debug_aranges
                0x0000000000000158       0x58 Drivers/STM32L1xx_HAL_Driver/Src/stm32l1xx_hal_gpio.o
 .debug_aranges
                0x00000000000001b0       0x90 Drivers/STM32L1xx_HAL_Driver/Src/stm32l1xx_hal_rcc.o
 .debug_aranges
                0x0000000000000240      0x150 Drivers/STM32L1xx_HAL_Driver/Src/stm32l1xx_hal_uart.o
 .debug_aranges
                0x0000000000000390       0x40 Src/main.o
 .debug_aranges
                0x00000000000003d0       0x30 Src/stm32l1xx_hal_msp.o
 .debug_aranges
                0x0000000000000400       0x60 Src/stm32l1xx_it.o
 .debug_aranges
                0x0000000000000460       0xb0 Src/syscalls.o
 .debug_aranges
                0x0000000000000510       0x28 Src/system_stm32l1xx.o
 .debug_aranges
                0x0000000000000538       0x28 Src/uart_io.o
 .debug_aranges
                0x0000000000000560       0x28 startup/startup_stm32l151xba.o

.debug_ranges   0x0000000000000000      0x548
 .debug_ranges  0x0000000000000000       0xa0 Drivers/STM32L1xx_HAL_Driver/Src/stm32l1xx_hal.o
 .debug_ranges  0x00000000000000a0       0xf8 Drivers/STM32L1xx_HAL_Driver/Src/stm32l1xx_hal_cortex.o
 .debug_ranges  0x0000000000000198       0x48 Drivers/STM32L1xx_HAL_Driver/Src/stm32l1xx_hal_gpio.o
 .debug_ranges  0x00000000000001e0       0x98 Drivers/STM32L1xx_HAL_Driver/Src/stm32l1xx_hal_rcc.o
 .debug_ranges  0x0000000000000278      0x140 Drivers/STM32L1xx_HAL_Driver/Src/stm32l1xx_hal_uart.o
 .debug_ranges  0x00000000000003b8       0x30 Src/main.o
 .debug_ranges  0x00000000000003e8       0x20 Src/stm32l1xx_hal_msp.o
 .debug_ranges  0x0000000000000408       0x50 Src/stm32l1xx_it.o
 .debug_ranges  0x0000000000000458       0xa0 Src/syscalls.o
 .debug_ranges  0x00000000000004f8       0x18 Src/system_stm32l1xx.o
 .debug_ranges  0x0000000000000510       0x18 Src/uart_io.o
 .debug_ranges  0x0000000000000528       0x20 startup/startup_stm32l151xba.o

.debug_macro    0x0000000000000000    0x14ec0
 .debug_macro   0x0000000000000000      0x2f9 Drivers/STM32L1xx_HAL_Driver/Src/stm32l1xx_hal.o
 .debug_macro   0x00000000000002f9      0xa60 Drivers/STM32L1xx_HAL_Driver/Src/stm32l1xx_hal.o
 .debug_macro   0x0000000000000d59       0x88 Drivers/STM32L1xx_HAL_Driver/Src/stm32l1xx_hal.o
 .debug_macro   0x0000000000000de1       0x2e Drivers/STM32L1xx_HAL_Driver/Src/stm32l1xx_hal.o
 .debug_macro   0x0000000000000e0f       0x22 Drivers/STM32L1xx_HAL_Driver/Src/stm32l1xx_hal.o
 .debug_macro   0x0000000000000e31       0x22 Drivers/STM32L1xx_HAL_Driver/Src/stm32l1xx_hal.o
 .debug_macro   0x0000000000000e53       0x87 Drivers/STM32L1xx_HAL_Driver/Src/stm32l1xx_hal.o
 .debug_macro   0x0000000000000eda       0x51 Drivers/STM32L1xx_HAL_Driver/Src/stm32l1xx_hal.o
 .debug_macro   0x0000000000000f2b       0xef Drivers/STM32L1xx_HAL_Driver/Src/stm32l1xx_hal.o
 .debug_macro   0x000000000000101a       0x6a Drivers/STM32L1xx_HAL_Driver/Src/stm32l1xx_hal.o
 .debug_macro   0x0000000000001084      0x1df Drivers/STM32L1xx_HAL_Driver/Src/stm32l1xx_hal.o
 .debug_macro   0x0000000000001263       0x34 Drivers/STM32L1xx_HAL_Driver/Src/stm32l1xx_hal.o
 .debug_macro   0x0000000000001297       0x34 Drivers/STM32L1xx_HAL_Driver/Src/stm32l1xx_hal.o
 .debug_macro   0x00000000000012cb      0xcb4 Drivers/STM32L1xx_HAL_Driver/Src/stm32l1xx_hal.o
 .debug_macro   0x0000000000001f7f     0xa5aa Drivers/STM32L1xx_HAL_Driver/Src/stm32l1xx_hal.o
 .debug_macro   0x000000000000c529       0x43 Drivers/STM32L1xx_HAL_Driver/Src/stm32l1xx_hal.o
 .debug_macro   0x000000000000c56c     0x342b Drivers/STM32L1xx_HAL_Driver/Src/stm32l1xx_hal.o
 .debug_macro   0x000000000000f997       0x58 Drivers/STM32L1xx_HAL_Driver/Src/stm32l1xx_hal.o
 .debug_macro   0x000000000000f9ef       0x17 Drivers/STM32L1xx_HAL_Driver/Src/stm32l1xx_hal.o
 .debug_macro   0x000000000000fa06       0x35 Drivers/STM32L1xx_HAL_Driver/Src/stm32l1xx_hal.o
 .debug_macro   0x000000000000fa3b       0x9c Drivers/STM32L1xx_HAL_Driver/Src/stm32l1xx_hal.o
 .debug_macro   0x000000000000fad7       0x16 Drivers/STM32L1xx_HAL_Driver/Src/stm32l1xx_hal.o
 .debug_macro   0x000000000000faed       0x97 Drivers/STM32L1xx_HAL_Driver/Src/stm32l1xx_hal.o
 .debug_macro   0x000000000000fb84      0x330 Drivers/STM32L1xx_HAL_Driver/Src/stm32l1xx_hal.o
 .debug_macro   0x000000000000feb4       0xfd Drivers/STM32L1xx_HAL_Driver/Src/stm32l1xx_hal.o
 .debug_macro   0x000000000000ffb1       0x10 Drivers/STM32L1xx_HAL_Driver/Src/stm32l1xx_hal.o
 .debug_macro   0x000000000000ffc1       0x58 Drivers/STM32L1xx_HAL_Driver/Src/stm32l1xx_hal.o
 .debug_macro   0x0000000000010019       0x1f Drivers/STM32L1xx_HAL_Driver/Src/stm32l1xx_hal.o
 .debug_macro   0x0000000000010038       0x43 Drivers/STM32L1xx_HAL_Driver/Src/stm32l1xx_hal.o
 .debug_macro   0x000000000001007b       0x20 Drivers/STM32L1xx_HAL_Driver/Src/stm32l1xx_hal.o
 .debug_macro   0x000000000001009b      0x18e Drivers/STM32L1xx_HAL_Driver/Src/stm32l1xx_hal.o
 .debug_macro   0x0000000000010229       0x10 Drivers/STM32L1xx_HAL_Driver/Src/stm32l1xx_hal.o
 .debug_macro   0x0000000000010239       0x1c Drivers/STM32L1xx_HAL_Driver/Src/stm32l1xx_hal.o
 .debug_macro   0x0000000000010255       0x52 Drivers/STM32L1xx_HAL_Driver/Src/stm32l1xx_hal.o
 .debug_macro   0x00000000000102a7       0x40 Drivers/STM32L1xx_HAL_Driver/Src/stm32l1xx_hal.o
 .debug_macro   0x00000000000102e7       0x10 Drivers/STM32L1xx_HAL_Driver/Src/stm32l1xx_hal.o
 .debug_macro   0x00000000000102f7       0x40 Drivers/STM32L1xx_HAL_Driver/Src/stm32l1xx_hal.o
 .debug_macro   0x0000000000010337       0xd7 Drivers/STM32L1xx_HAL_Driver/Src/stm32l1xx_hal.o
 .debug_macro   0x000000000001040e       0x1c Drivers/STM32L1xx_HAL_Driver/Src/stm32l1xx_hal.o
 .debug_macro   0x000000000001042a       0x3d Drivers/STM32L1xx_HAL_Driver/Src/stm32l1xx_hal.o
 .debug_macro   0x0000000000010467       0x16 Drivers/STM32L1xx_HAL_Driver/Src/stm32l1xx_hal.o
 .debug_macro   0x000000000001047d      0x16f Drivers/STM32L1xx_HAL_Driver/Src/stm32l1xx_hal.o
 .debug_macro   0x00000000000105ec       0x50 Drivers/STM32L1xx_HAL_Driver/Src/stm32l1xx_hal.o
 .debug_macro   0x000000000001063c      0xe3e Drivers/STM32L1xx_HAL_Driver/Src/stm32l1xx_hal.o
 .debug_macro   0x000000000001147a       0xd1 Drivers/STM32L1xx_HAL_Driver/Src/stm32l1xx_hal.o
 .debug_macro   0x000000000001154b      0x141 Drivers/STM32L1xx_HAL_Driver/Src/stm32l1xx_hal.o
 .debug_macro   0x000000000001168c       0xa7 Drivers/STM32L1xx_HAL_Driver/Src/stm32l1xx_hal.o
 .debug_macro   0x0000000000011733      0x25d Drivers/STM32L1xx_HAL_Driver/Src/stm32l1xx_hal.o
 .debug_macro   0x0000000000011990      0x23a Drivers/STM32L1xx_HAL_Driver/Src/stm32l1xx_hal.o
 .debug_macro   0x0000000000011bca      0x113 Drivers/STM32L1xx_HAL_Driver/Src/stm32l1xx_hal.o
 .debug_macro   0x0000000000011cdd      0x3a5 Drivers/STM32L1xx_HAL_Driver/Src/stm32l1xx_hal.o
 .debug_macro   0x0000000000012082      0x1ed Drivers/STM32L1xx_HAL_Driver/Src/stm32l1xx_hal.o
 .debug_macro   0x000000000001226f       0x22 Drivers/STM32L1xx_HAL_Driver/Src/stm32l1xx_hal.o
 .debug_macro   0x0000000000012291      0x287 Drivers/STM32L1xx_HAL_Driver/Src/stm32l1xx_hal.o
 .debug_macro   0x0000000000012518      0x3ba Drivers/STM32L1xx_HAL_Driver/Src/stm32l1xx_hal.o
 .debug_macro   0x00000000000128d2      0x2d5 Drivers/STM32L1xx_HAL_Driver/Src/stm32l1xx_hal_cortex.o
 .debug_macro   0x0000000000012ba7      0x30e Drivers/STM32L1xx_HAL_Driver/Src/stm32l1xx_hal_gpio.o
 .debug_macro   0x0000000000012eb5      0x311 Drivers/STM32L1xx_HAL_Driver/Src/stm32l1xx_hal_rcc.o
 .debug_macro   0x00000000000131c6      0x2d6 Drivers/STM32L1xx_HAL_Driver/Src/stm32l1xx_hal_uart.o
 .debug_macro   0x000000000001349c      0x2e4 Src/main.o
 .debug_macro   0x0000000000013780       0x1c Src/main.o
 .debug_macro   0x000000000001379c      0x2e4 Src/stm32l1xx_hal_msp.o
 .debug_macro   0x0000000000013a80      0x2ee Src/stm32l1xx_it.o
 .debug_macro   0x0000000000013d6e      0x243 Src/syscalls.o
 .debug_macro   0x0000000000013fb1       0x52 Src/syscalls.o
 .debug_macro   0x0000000000014003       0x8d Src/syscalls.o
 .debug_macro   0x0000000000014090       0x57 Src/syscalls.o
 .debug_macro   0x00000000000140e7      0x174 Src/syscalls.o
 .debug_macro   0x000000000001425b       0x10 Src/syscalls.o
 .debug_macro   0x000000000001426b       0x35 Src/syscalls.o
 .debug_macro   0x00000000000142a0       0x10 Src/syscalls.o
 .debug_macro   0x00000000000142b0       0x10 Src/syscalls.o
 .debug_macro   0x00000000000142c0       0x35 Src/syscalls.o
 .debug_macro   0x00000000000142f5      0x122 Src/syscalls.o
 .debug_macro   0x0000000000014417       0x16 Src/syscalls.o
 .debug_macro   0x000000000001442d       0x16 Src/syscalls.o
 .debug_macro   0x0000000000014443       0x29 Src/syscalls.o
 .debug_macro   0x000000000001446c       0x10 Src/syscalls.o
 .debug_macro   0x000000000001447c      0x241 Src/syscalls.o
 .debug_macro   0x00000000000146bd       0x1c Src/syscalls.o
 .debug_macro   0x00000000000146d9       0x10 Src/syscalls.o
 .debug_macro   0x00000000000146e9      0x189 Src/syscalls.o
 .debug_macro   0x0000000000014872       0x16 Src/syscalls.o
 .debug_macro   0x0000000000014888       0x88 Src/syscalls.o
 .debug_macro   0x0000000000014910      0x2db Src/system_stm32l1xx.o
 .debug_macro   0x0000000000014beb      0x2d5 Src/uart_io.o

.debug_line     0x0000000000000000     0x6baa
 .debug_line    0x0000000000000000      0x983 Drivers/STM32L1xx_HAL_Driver/Src/stm32l1xx_hal.o
 .debug_line    0x0000000000000983      0xa5f Drivers/STM32L1xx_HAL_Driver/Src/stm32l1xx_hal_cortex.o
 .debug_line    0x00000000000013e2      0x989 Drivers/STM32L1xx_HAL_Driver/Src/stm32l1xx_hal_gpio.o
 .debug_line    0x0000000000001d6b      0xe30 Drivers/STM32L1xx_HAL_Driver/Src/stm32l1xx_hal_rcc.o
 .debug_line    0x0000000000002b9b      0xefd Drivers/STM32L1xx_HAL_Driver/Src/stm32l1xx_hal_uart.o
 .debug_line    0x0000000000003a98      0x8ad Src/main.o
 .debug_line    0x0000000000004345      0x860 Src/stm32l1xx_hal_msp.o
 .debug_line    0x0000000000004ba5      0x8b6 Src/stm32l1xx_it.o
 .debug_line    0x000000000000545b      0x65a Src/syscalls.o
 .debug_line    0x0000000000005ab5      0x84c Src/system_stm32l1xx.o
 .debug_line    0x0000000000006301      0x82b Src/uart_io.o
 .debug_line    0x0000000000006b2c       0x7e startup/startup_stm32l151xba.o

.debug_str      0x0000000000000000    0x78bbf
 .debug_str     0x0000000000000000    0x76473 Drivers/STM32L1xx_HAL_Driver/Src/stm32l1xx_hal.o
                                      0x76826 (size before relaxing)
 .debug_str     0x0000000000076473      0x3e0 Drivers/STM32L1xx_HAL_Driver/Src/stm32l1xx_hal_cortex.o
                                      0x76971 (size before relaxing)
 .debug_str     0x0000000000076853      0x29a Drivers/STM32L1xx_HAL_Driver/Src/stm32l1xx_hal_gpio.o
                                      0x76494 (size before relaxing)
 .debug_str     0x0000000000076aed      0x541 Drivers/STM32L1xx_HAL_Driver/Src/stm32l1xx_hal_rcc.o
                                      0x767fc (size before relaxing)
 .debug_str     0x000000000007702e      0x6ee Drivers/STM32L1xx_HAL_Driver/Src/stm32l1xx_hal_uart.o
                                      0x76935 (size before relaxing)
 .debug_str     0x000000000007771c       0xf9 Src/main.o
                                      0x7686c (size before relaxing)
 .debug_str     0x0000000000077815       0x1b Src/stm32l1xx_hal_msp.o
                                      0x7664d (size before relaxing)
 .debug_str     0x0000000000077830       0xb8 Src/stm32l1xx_it.o
                                      0x76257 (size before relaxing)
 .debug_str     0x00000000000778e8     0x1223 Src/syscalls.o
                                       0x870a (size before relaxing)
 .debug_str     0x0000000000078b0b       0x72 Src/system_stm32l1xx.o
                                      0x7626b (size before relaxing)
 .debug_str     0x0000000000078b7d       0x11 Src/uart_io.o
                                      0x7618e (size before relaxing)
 .debug_str     0x0000000000078b8e       0x31 startup/startup_stm32l151xba.o
                                         0x6c (size before relaxing)

.comment        0x0000000000000000       0x7e
 .comment       0x0000000000000000       0x7e Drivers/STM32L1xx_HAL_Driver/Src/stm32l1xx_hal.o
                                         0x7f (size before relaxing)
 .comment       0x000000000000007e       0x7f Drivers/STM32L1xx_HAL_Driver/Src/stm32l1xx_hal_cortex.o
 .comment       0x000000000000007e       0x7f Drivers/STM32L1xx_HAL_Driver/Src/stm32l1xx_hal_gpio.o
 .comment       0x000000000000007e       0x7f Drivers/STM32L1xx_HAL_Driver/Src/stm32l1xx_hal_rcc.o
 .comment       0x000000000000007e       0x7f Drivers/STM32L1xx_HAL_Driver/Src/stm32l1xx_hal_uart.o
 .comment       0x000000000000007e       0x7f Src/main.o
 .comment       0x000000000000007e       0x7f Src/stm32l1xx_hal_msp.o
 .comment       0x000000000000007e       0x7f Src/stm32l1xx_it.o
 .comment       0x000000000000007e       0x7f Src/syscalls.o
 .comment       0x000000000000007e       0x7f Src/system_stm32l1xx.o
 .comment       0x000000000000007e       0x7f Src/uart_io.o

.debug_frame    0x0000000000000000     0x122c
 .debug_frame   0x0000000000000000      0x168 Drivers/STM32L1xx_HAL_Driver/Src/stm32l1xx_hal.o
 .debug_frame   0x0000000000000168      0x15c Drivers/STM32L1xx_HAL_Driver/Src/stm32l1xx_hal_cortex.o
 .debug_frame   0x00000000000002c4       0xec Drivers/STM32L1xx_HAL_Driver/Src/stm32l1xx_hal_gpio.o
 .debug_frame   0x00000000000003b0      0x168 Drivers/STM32L1xx_HAL_Driver/Src/stm32l1xx_hal_rcc.o
 .debug_frame   0x0000000000000518      0x380 Drivers/STM32L1xx_HAL_Driver/Src/stm32l1xx_hal_uart.o
 .debug_frame   0x0000000000000898       0x94 Src/main.o
 .debug_frame   0x000000000000092c       0x60 Src/stm32l1xx_hal_msp.o
 .debug_frame   0x000000000000098c       0xa8 Src/stm32l1xx_it.o
 .debug_frame   0x0000000000000a34      0x1a8 Src/syscalls.o
 .debug_frame   0x0000000000000bdc       0x30 Src/system_stm32l1xx.o
 .debug_frame   0x0000000000000c0c       0x30 Src/uart_io.o
 .debug_frame   0x0000000000000c3c       0x20 /home/uli/.p2/pool/plugins/fr.ac6.mcu.externaltools.arm-none.linux64_1.16.0.201807130628/tools/st-gnu-arm-gcc-7-2017-q4-major_gdb-5_4-2016q3/bin/../lib/gcc/arm-none-eabi/7.2.1/../../../../arm-none-eabi/lib/thumb/v7-m/libc_nano.a(lib_a-errno.o)
 .debug_frame   0x0000000000000c5c       0x2c /home/uli/.p2/pool/plugins/fr.ac6.mcu.externaltools.arm-none.linux64_1.16.0.201807130628/tools/st-gnu-arm-gcc-7-2017-q4-major_gdb-5_4-2016q3/bin/../lib/gcc/arm-none-eabi/7.2.1/../../../../arm-none-eabi/lib/thumb/v7-m/libc_nano.a(lib_a-init.o)
 .debug_frame   0x0000000000000c88       0x20 /home/uli/.p2/pool/plugins/fr.ac6.mcu.externaltools.arm-none.linux64_1.16.0.201807130628/tools/st-gnu-arm-gcc-7-2017-q4-major_gdb-5_4-2016q3/bin/../lib/gcc/arm-none-eabi/7.2.1/../../../../arm-none-eabi/lib/thumb/v7-m/libc_nano.a(lib_a-memset.o)
 .debug_frame   0x0000000000000ca8       0x3c /home/uli/.p2/pool/plugins/fr.ac6.mcu.externaltools.arm-none.linux64_1.16.0.201807130628/tools/st-gnu-arm-gcc-7-2017-q4-major_gdb-5_4-2016q3/bin/../lib/gcc/arm-none-eabi/7.2.1/../../../../arm-none-eabi/lib/thumb/v7-m/libc_nano.a(lib_a-puts.o)
 .debug_frame   0x0000000000000ce4       0x40 /home/uli/.p2/pool/plugins/fr.ac6.mcu.externaltools.arm-none.linux64_1.16.0.201807130628/tools/st-gnu-arm-gcc-7-2017-q4-major_gdb-5_4-2016q3/bin/../lib/gcc/arm-none-eabi/7.2.1/../../../../arm-none-eabi/lib/thumb/v7-m/libc_nano.a(lib_a-wbuf.o)
 .debug_frame   0x0000000000000d24       0x2c /home/uli/.p2/pool/plugins/fr.ac6.mcu.externaltools.arm-none.linux64_1.16.0.201807130628/tools/st-gnu-arm-gcc-7-2017-q4-major_gdb-5_4-2016q3/bin/../lib/gcc/arm-none-eabi/7.2.1/../../../../arm-none-eabi/lib/thumb/v7-m/libc_nano.a(lib_a-wsetup.o)
 .debug_frame   0x0000000000000d50       0x68 /home/uli/.p2/pool/plugins/fr.ac6.mcu.externaltools.arm-none.linux64_1.16.0.201807130628/tools/st-gnu-arm-gcc-7-2017-q4-major_gdb-5_4-2016q3/bin/../lib/gcc/arm-none-eabi/7.2.1/../../../../arm-none-eabi/lib/thumb/v7-m/libc_nano.a(lib_a-fflush.o)
 .debug_frame   0x0000000000000db8      0x11c /home/uli/.p2/pool/plugins/fr.ac6.mcu.externaltools.arm-none.linux64_1.16.0.201807130628/tools/st-gnu-arm-gcc-7-2017-q4-major_gdb-5_4-2016q3/bin/../lib/gcc/arm-none-eabi/7.2.1/../../../../arm-none-eabi/lib/thumb/v7-m/libc_nano.a(lib_a-findfp.o)
 .debug_frame   0x0000000000000ed4       0x54 /home/uli/.p2/pool/plugins/fr.ac6.mcu.externaltools.arm-none.linux64_1.16.0.201807130628/tools/st-gnu-arm-gcc-7-2017-q4-major_gdb-5_4-2016q3/bin/../lib/gcc/arm-none-eabi/7.2.1/../../../../arm-none-eabi/lib/thumb/v7-m/libc_nano.a(lib_a-fwalk.o)
 .debug_frame   0x0000000000000f28       0x58 /home/uli/.p2/pool/plugins/fr.ac6.mcu.externaltools.arm-none.linux64_1.16.0.201807130628/tools/st-gnu-arm-gcc-7-2017-q4-major_gdb-5_4-2016q3/bin/../lib/gcc/arm-none-eabi/7.2.1/../../../../arm-none-eabi/lib/thumb/v7-m/libc_nano.a(lib_a-makebuf.o)
 .debug_frame   0x0000000000000f80       0x38 /home/uli/.p2/pool/plugins/fr.ac6.mcu.externaltools.arm-none.linux64_1.16.0.201807130628/tools/st-gnu-arm-gcc-7-2017-q4-major_gdb-5_4-2016q3/bin/../lib/gcc/arm-none-eabi/7.2.1/../../../../arm-none-eabi/lib/thumb/v7-m/libc_nano.a(lib_a-nano-freer.o)
 .debug_frame   0x0000000000000fb8       0x2c /home/uli/.p2/pool/plugins/fr.ac6.mcu.externaltools.arm-none.linux64_1.16.0.201807130628/tools/st-gnu-arm-gcc-7-2017-q4-major_gdb-5_4-2016q3/bin/../lib/gcc/arm-none-eabi/7.2.1/../../../../arm-none-eabi/lib/thumb/v7-m/libc_nano.a(lib_a-nano-mallocr.o)
 .debug_frame   0x0000000000000fe4       0x2c /home/uli/.p2/pool/plugins/fr.ac6.mcu.externaltools.arm-none.linux64_1.16.0.201807130628/tools/st-gnu-arm-gcc-7-2017-q4-major_gdb-5_4-2016q3/bin/../lib/gcc/arm-none-eabi/7.2.1/../../../../arm-none-eabi/lib/thumb/v7-m/libc_nano.a(lib_a-sbrkr.o)
 .debug_frame   0x0000000000001010       0x88 /home/uli/.p2/pool/plugins/fr.ac6.mcu.externaltools.arm-none.linux64_1.16.0.201807130628/tools/st-gnu-arm-gcc-7-2017-q4-major_gdb-5_4-2016q3/bin/../lib/gcc/arm-none-eabi/7.2.1/../../../../arm-none-eabi/lib/thumb/v7-m/libc_nano.a(lib_a-stdio.o)
 .debug_frame   0x0000000000001098       0x2c /home/uli/.p2/pool/plugins/fr.ac6.mcu.externaltools.arm-none.linux64_1.16.0.201807130628/tools/st-gnu-arm-gcc-7-2017-q4-major_gdb-5_4-2016q3/bin/../lib/gcc/arm-none-eabi/7.2.1/../../../../arm-none-eabi/lib/thumb/v7-m/libc_nano.a(lib_a-writer.o)
 .debug_frame   0x00000000000010c4       0x2c /home/uli/.p2/pool/plugins/fr.ac6.mcu.externaltools.arm-none.linux64_1.16.0.201807130628/tools/st-gnu-arm-gcc-7-2017-q4-major_gdb-5_4-2016q3/bin/../lib/gcc/arm-none-eabi/7.2.1/../../../../arm-none-eabi/lib/thumb/v7-m/libc_nano.a(lib_a-closer.o)
 .debug_frame   0x00000000000010f0       0x2c /home/uli/.p2/pool/plugins/fr.ac6.mcu.externaltools.arm-none.linux64_1.16.0.201807130628/tools/st-gnu-arm-gcc-7-2017-q4-major_gdb-5_4-2016q3/bin/../lib/gcc/arm-none-eabi/7.2.1/../../../../arm-none-eabi/lib/thumb/v7-m/libc_nano.a(lib_a-fstatr.o)
 .debug_frame   0x000000000000111c       0x2c /home/uli/.p2/pool/plugins/fr.ac6.mcu.externaltools.arm-none.linux64_1.16.0.201807130628/tools/st-gnu-arm-gcc-7-2017-q4-major_gdb-5_4-2016q3/bin/../lib/gcc/arm-none-eabi/7.2.1/../../../../arm-none-eabi/lib/thumb/v7-m/libc_nano.a(lib_a-isattyr.o)
 .debug_frame   0x0000000000001148       0x2c /home/uli/.p2/pool/plugins/fr.ac6.mcu.externaltools.arm-none.linux64_1.16.0.201807130628/tools/st-gnu-arm-gcc-7-2017-q4-major_gdb-5_4-2016q3/bin/../lib/gcc/arm-none-eabi/7.2.1/../../../../arm-none-eabi/lib/thumb/v7-m/libc_nano.a(lib_a-lseekr.o)
 .debug_frame   0x0000000000001174       0x30 /home/uli/.p2/pool/plugins/fr.ac6.mcu.externaltools.arm-none.linux64_1.16.0.201807130628/tools/st-gnu-arm-gcc-7-2017-q4-major_gdb-5_4-2016q3/bin/../lib/gcc/arm-none-eabi/7.2.1/../../../../arm-none-eabi/lib/thumb/v7-m/libc_nano.a(lib_a-mlock.o)
 .debug_frame   0x00000000000011a4       0x2c /home/uli/.p2/pool/plugins/fr.ac6.mcu.externaltools.arm-none.linux64_1.16.0.201807130628/tools/st-gnu-arm-gcc-7-2017-q4-major_gdb-5_4-2016q3/bin/../lib/gcc/arm-none-eabi/7.2.1/../../../../arm-none-eabi/lib/thumb/v7-m/libc_nano.a(lib_a-readr.o)
 .debug_frame   0x00000000000011d0       0x5c /home/uli/.p2/pool/plugins/fr.ac6.mcu.externaltools.arm-none.linux64_1.16.0.201807130628/tools/st-gnu-arm-gcc-7-2017-q4-major_gdb-5_4-2016q3/bin/../lib/gcc/arm-none-eabi/7.2.1/../../../../arm-none-eabi/lib/thumb/v7-m/libc_nano.a(lib_a-reent.o)
