Archive member included to satisfy reference by file (symbol)

/home/uli/.p2/pool/plugins/fr.ac6.mcu.externaltools.arm-none.linux64_1.16.0.201807130628/tools/st-gnu-arm-gcc-7-2017-q4-major_gdb-5_4-2016q3/bin/../lib/gcc/arm-none-eabi/7.2.1/../../../../arm-none-eabi/lib/thumb/v7-m/libc_nano.a(lib_a-errno.o)
                              Src/syscalls.o (__errno)
/home/uli/.p2/pool/plugins/fr.ac6.mcu.externaltools.arm-none.linux64_1.16.0.201807130628/tools/st-gnu-arm-gcc-7-2017-q4-major_gdb-5_4-2016q3/bin/../lib/gcc/arm-none-eabi/7.2.1/../../../../arm-none-eabi/lib/thumb/v7-m/libc_nano.a(lib_a-exit.o)
                              /home/uli/.p2/pool/plugins/fr.ac6.mcu.externaltools.arm-none.linux64_1.16.0.201807130628/tools/st-gnu-arm-gcc-7-2017-q4-major_gdb-5_4-2016q3/bin/../lib/gcc/arm-none-eabi/7.2.1/../../../../arm-none-eabi/lib/thumb/v7-m/crt0.o (exit)
/home/uli/.p2/pool/plugins/fr.ac6.mcu.externaltools.arm-none.linux64_1.16.0.201807130628/tools/st-gnu-arm-gcc-7-2017-q4-major_gdb-5_4-2016q3/bin/../lib/gcc/arm-none-eabi/7.2.1/../../../../arm-none-eabi/lib/thumb/v7-m/libc_nano.a(lib_a-impure.o)
                              /home/uli/.p2/pool/plugins/fr.ac6.mcu.externaltools.arm-none.linux64_1.16.0.201807130628/tools/st-gnu-arm-gcc-7-2017-q4-major_gdb-5_4-2016q3/bin/../lib/gcc/arm-none-eabi/7.2.1/../../../../arm-none-eabi/lib/thumb/v7-m/libc_nano.a(lib_a-exit.o) (_global_impure_ptr)
/home/uli/.p2/pool/plugins/fr.ac6.mcu.externaltools.arm-none.linux64_1.16.0.201807130628/tools/st-gnu-arm-gcc-7-2017-q4-major_gdb-5_4-2016q3/bin/../lib/gcc/arm-none-eabi/7.2.1/../../../../arm-none-eabi/lib/thumb/v7-m/libc_nano.a(lib_a-init.o)
                              /home/uli/.p2/pool/plugins/fr.ac6.mcu.externaltools.arm-none.linux64_1.16.0.201807130628/tools/st-gnu-arm-gcc-7-2017-q4-major_gdb-5_4-2016q3/bin/../lib/gcc/arm-none-eabi/7.2.1/../../../../arm-none-eabi/lib/thumb/v7-m/crt0.o (__libc_init_array)
/home/uli/.p2/pool/plugins/fr.ac6.mcu.externaltools.arm-none.linux64_1.16.0.201807130628/tools/st-gnu-arm-gcc-7-2017-q4-major_gdb-5_4-2016q3/bin/../lib/gcc/arm-none-eabi/7.2.1/../../../../arm-none-eabi/lib/thumb/v7-m/libc_nano.a(lib_a-memset.o)
                              /home/uli/.p2/pool/plugins/fr.ac6.mcu.externaltools.arm-none.linux64_1.16.0.201807130628/tools/st-gnu-arm-gcc-7-2017-q4-major_gdb-5_4-2016q3/bin/../lib/gcc/arm-none-eabi/7.2.1/../../../../arm-none-eabi/lib/thumb/v7-m/crt0.o (memset)
/home/uli/.p2/pool/plugins/fr.ac6.mcu.externaltools.arm-none.linux64_1.16.0.201807130628/tools/st-gnu-arm-gcc-7-2017-q4-major_gdb-5_4-2016q3/bin/../lib/gcc/arm-none-eabi/7.2.1/../../../../arm-none-eabi/lib/thumb/v7-m/libc_nano.a(lib_a-printf.o)
                              Src/main.o (printf)
/home/uli/.p2/pool/plugins/fr.ac6.mcu.externaltools.arm-none.linux64_1.16.0.201807130628/tools/st-gnu-arm-gcc-7-2017-q4-major_gdb-5_4-2016q3/bin/../lib/gcc/arm-none-eabi/7.2.1/../../../../arm-none-eabi/lib/thumb/v7-m/libc_nano.a(lib_a-puts.o)
                              Src/main.o (puts)
/home/uli/.p2/pool/plugins/fr.ac6.mcu.externaltools.arm-none.linux64_1.16.0.201807130628/tools/st-gnu-arm-gcc-7-2017-q4-major_gdb-5_4-2016q3/bin/../lib/gcc/arm-none-eabi/7.2.1/../../../../arm-none-eabi/lib/thumb/v7-m/libc_nano.a(lib_a-wbuf.o)
                              /home/uli/.p2/pool/plugins/fr.ac6.mcu.externaltools.arm-none.linux64_1.16.0.201807130628/tools/st-gnu-arm-gcc-7-2017-q4-major_gdb-5_4-2016q3/bin/../lib/gcc/arm-none-eabi/7.2.1/../../../../arm-none-eabi/lib/thumb/v7-m/libc_nano.a(lib_a-puts.o) (__swbuf_r)
/home/uli/.p2/pool/plugins/fr.ac6.mcu.externaltools.arm-none.linux64_1.16.0.201807130628/tools/st-gnu-arm-gcc-7-2017-q4-major_gdb-5_4-2016q3/bin/../lib/gcc/arm-none-eabi/7.2.1/../../../../arm-none-eabi/lib/thumb/v7-m/libc_nano.a(lib_a-wsetup.o)
                              /home/uli/.p2/pool/plugins/fr.ac6.mcu.externaltools.arm-none.linux64_1.16.0.201807130628/tools/st-gnu-arm-gcc-7-2017-q4-major_gdb-5_4-2016q3/bin/../lib/gcc/arm-none-eabi/7.2.1/../../../../arm-none-eabi/lib/thumb/v7-m/libc_nano.a(lib_a-puts.o) (__swsetup_r)
/home/uli/.p2/pool/plugins/fr.ac6.mcu.externaltools.arm-none.linux64_1.16.0.201807130628/tools/st-gnu-arm-gcc-7-2017-q4-major_gdb-5_4-2016q3/bin/../lib/gcc/arm-none-eabi/7.2.1/../../../../arm-none-eabi/lib/thumb/v7-m/libc_nano.a(lib_a-fflush.o)
                              /home/uli/.p2/pool/plugins/fr.ac6.mcu.externaltools.arm-none.linux64_1.16.0.201807130628/tools/st-gnu-arm-gcc-7-2017-q4-major_gdb-5_4-2016q3/bin/../lib/gcc/arm-none-eabi/7.2.1/../../../../arm-none-eabi/lib/thumb/v7-m/libc_nano.a(lib_a-wbuf.o) (_fflush_r)
/home/uli/.p2/pool/plugins/fr.ac6.mcu.externaltools.arm-none.linux64_1.16.0.201807130628/tools/st-gnu-arm-gcc-7-2017-q4-major_gdb-5_4-2016q3/bin/../lib/gcc/arm-none-eabi/7.2.1/../../../../arm-none-eabi/lib/thumb/v7-m/libc_nano.a(lib_a-findfp.o)
[...]
Memory Configuration

Name             Origin             Length             Attributes
RAM              0x0000000020000000 0x0000000000008000 xrw
FLASH            0x0000000008000000 0x0000000000020000 xr
*default*        0x0000000000000000 0xffffffffffffffff

Linker script and memory map

LOAD /home/uli/.p2/pool/plugins/fr.ac6.mcu.externaltools.arm-none.linux64_1.16.0.201807130628/tools/st-gnu-arm-gcc-7-2017-q4-major_gdb-5_4-2016q3/bin/../lib/gcc/arm-none-eabi/7.2.1/thumb/v7-m/crti.o
LOAD /home/uli/.p2/pool/plugins/fr.ac6.mcu.externaltools.arm-none.linux64_1.16.0.201807130628/tools/st-gnu-arm-gcc-7-2017-q4-major_gdb-5_4-2016q3/bin/../lib/gcc/arm-none-eabi/7.2.1/thumb/v7-m/crtbegin.o
LOAD /home/uli/.p2/pool/plugins/fr.ac6.mcu.externaltools.arm-none.linux64_1.16.0.201807130628/tools/st-gnu-arm-gcc-7-2017-q4-major_gdb-5_4-2016q3/bin/../lib/gcc/arm-none-eabi/7.2.1/../../../../arm-none-eabi/lib/thumb/v7-m/crt0.o
LOAD Drivers/STM32L1xx_HAL_Driver/Src/stm32l1xx_hal.o
LOAD Drivers/STM32L1xx_HAL_Driver/Src/stm32l1xx_hal_cortex.o
LOAD Drivers/STM32L1xx_HAL_Driver/Src/stm32l1xx_hal_dma.o
LOAD Drivers/STM32L1xx_HAL_Driver/Src/stm32l1xx_hal_flash.o
LOAD Drivers/STM32L1xx_HAL_Driver/Src/stm32l1xx_hal_flash_ex.o
LOAD Drivers/STM32L1xx_HAL_Driver/Src/stm32l1xx_hal_flash_ramfunc.o
LOAD Drivers/STM32L1xx_HAL_Driver/Src/stm32l1xx_hal_gpio.o
LOAD Drivers/STM32L1xx_HAL_Driver/Src/stm32l1xx_hal_pwr.o
LOAD Drivers/STM32L1xx_HAL_Driver/Src/stm32l1xx_hal_pwr_ex.o
LOAD Drivers/STM32L1xx_HAL_Driver/Src/stm32l1xx_hal_rcc.o
LOAD Drivers/STM32L1xx_HAL_Driver/Src/stm32l1xx_hal_rcc_ex.o
LOAD Drivers/STM32L1xx_HAL_Driver/Src/stm32l1xx_hal_tim.o
LOAD Drivers/STM32L1xx_HAL_Driver/Src/stm32l1xx_hal_tim_ex.o
LOAD Drivers/STM32L1xx_HAL_Driver/Src/stm32l1xx_hal_uart.o
LOAD Src/main.o
LOAD Src/stm32l1xx_hal_msp.o
LOAD Src/stm32l1xx_it.o
LOAD Src/syscalls.o
LOAD Src/system_stm32l1xx.o
LOAD Src/uart_io.o
LOAD startup/startup_stm32l151xba.o
LOAD /home/uli/.p2/pool/plugins/fr.ac6.mcu.externaltools.arm-none.linux64_1.16.0.201807130628/tools/st-gnu-arm-gcc-7-2017-q4-major_gdb-5_4-2016q3/bin/../lib/gcc/arm-none-eabi/7.2.1/../../../../arm-none-eabi/lib/thumb/v7-m/libm.a
START GROUP
LOAD /home/uli/.p2/pool/plugins/fr.ac6.mcu.externaltools.arm-none.linux64_1.16.0.201807130628/tools/st-gnu-arm-gcc-7-2017-q4-major_gdb-5_4-2016q3/bin/../lib/gcc/arm-none-eabi/7.2.1/thumb/v7-m/libgcc.a
LOAD /home/uli/.p2/pool/plugins/fr.ac6.mcu.externaltools.arm-none.linux64_1.16.0.201807130628/tools/st-gnu-arm-gcc-7-2017-q4-major_gdb-5_4-2016q3/bin/../lib/gcc/arm-none-eabi/7.2.1/../../../../arm-none-eabi/lib/thumb/v7-m/libc_nano.a
END GROUP
START GROUP
LOAD /home/uli/.p2/pool/plugins/fr.ac6.mcu.externaltools.arm-none.linux64_1.16.0.201807130628/tools/st-gnu-arm-gcc-7-2017-q4-major_gdb-5_4-2016q3/bin/../lib/gcc/arm-none-eabi/7.2.1/thumb/v7-m/libgcc.a
LOAD /home/uli/.p2/pool/plugins/fr.ac6.mcu.externaltools.arm-none.linux64_1.16.0.201807130628/tools/st-gnu-arm-gcc-7-2017-q4-major_gdb-5_4-2016q3/bin/../lib/gcc/arm-none-eabi/7.2.1/../../../../arm-none-eabi/lib/thumb/v7-m/libc_nano.a
LOAD /home/uli/.p2/pool/plugins/fr.ac6.mcu.externaltools.arm-none.linux64_1.16.0.201807130628/tools/st-gnu-arm-gcc-7-2017-q4-major_gdb-5_4-2016q3/bin/../lib/gcc/arm-none-eabi/7.2.1/../../../../arm-none-eabi/lib/thumb/v7-m/libnosys.a
END GROUP
START GROUP
LOAD /home/uli/.p2/pool/plugins/fr.ac6.mcu.externaltools.arm-none.linux64_1.16.0.201807130628/tools/st-gnu-arm-gcc-7-2017-q4-major_gdb-5_4-2016q3/bin/../lib/gcc/arm-none-eabi/7.2.1/thumb/v7-m/libgcc.a
LOAD /home/uli/.p2/pool/plugins/fr.ac6.mcu.externaltools.arm-none.linux64_1.16.0.201807130628/tools/st-gnu-arm-gcc-7-2017-q4-major_gdb-5_4-2016q3/bin/../lib/gcc/arm-none-eabi/7.2.1/../../../../arm-none-eabi/lib/thumb/v7-m/libc_nano.a
LOAD /home/uli/.p2/pool/plugins/fr.ac6.mcu.externaltools.arm-none.linux64_1.16.0.201807130628/tools/st-gnu-arm-gcc-7-2017-q4-major_gdb-5_4-2016q3/bin/../lib/gcc/arm-none-eabi/7.2.1/../../../../arm-none-eabi/lib/thumb/v7-m/libnosys.a
END GROUP
LOAD /home/uli/.p2/pool/plugins/fr.ac6.mcu.externaltools.arm-none.linux64_1.16.0.201807130628/tools/st-gnu-arm-gcc-7-2017-q4-major_gdb-5_4-2016q3/bin/../lib/gcc/arm-none-eabi/7.2.1/thumb/v7-m/crtend.o
LOAD /home/uli/.p2/pool/plugins/fr.ac6.mcu.externaltools.arm-none.linux64_1.16.0.201807130628/tools/st-gnu-arm-gcc-7-2017-q4-major_gdb-5_4-2016q3/bin/../lib/gcc/arm-none-eabi/7.2.1/thumb/v7-m/crtn.o
                0x0000000020008000                _estack = 0x20008000
                0x0000000000000200                _Min_Heap_Size = 0x200
                0x0000000000000400                _Min_Stack_Size = 0x400

.isr_vector     0x0000000008000000      0x13c
                0x0000000008000000                . = ALIGN (0x4)
 *(.isr_vector)
 .isr_vector    0x0000000008000000      0x13c startup/startup_stm32l151xba.o
                0x0000000008000000                g_pfnVectors
                0x000000000800013c                . = ALIGN (0x4)

.text           0x000000000800013c     0x2590
                0x000000000800013c                . = ALIGN (0x4)
 *(.text)
 .text          0x000000000800013c       0x40 /home/uli/.p2/pool/plugins/fr.ac6.mcu.externaltools.arm-none.linux64_1.16.0.201807130628/tools/st-gnu-arm-gcc-7-2017-q4-major_gdb-5_4-2016q3/bin/../lib/gcc/arm-none-eabi/7.2.1/thumb/v7-m/crtbegin.o
 *(.text*)
 .text.HAL_InitTick
                0x000000000800017c       0x2c Drivers/STM32L1xx_HAL_Driver/Src/stm32l1xx_hal.o
                0x000000000800017c                HAL_InitTick
 .text.HAL_Init
                0x00000000080001a8       0x16 Drivers/STM32L1xx_HAL_Driver/Src/stm32l1xx_hal.o
                0x00000000080001a8                HAL_Init
 *fill*         0x00000000080001be        0x2 
 .text.HAL_IncTick
                0x00000000080001c0       0x10 Drivers/STM32L1xx_HAL_Driver/Src/stm32l1xx_hal.o
                0x00000000080001c0                HAL_IncTick
 .text.HAL_GetTick
                0x00000000080001d0        0xc Drivers/STM32L1xx_HAL_Driver/Src/stm32l1xx_hal.o
                0x00000000080001d0                HAL_GetTick
 .text.HAL_NVIC_SetPriorityGrouping
                0x00000000080001dc       0x24 Drivers/STM32L1xx_HAL_Driver/Src/stm32l1xx_hal_cortex.o
                0x00000000080001dc                HAL_NVIC_SetPriorityGrouping
 .text.HAL_NVIC_SetPriority
                0x0000000008000200       0x68 Drivers/STM32L1xx_HAL_Driver/Src/stm32l1xx_hal_cortex.o
                0x0000000008000200                HAL_NVIC_SetPriority
 .text.HAL_SYSTICK_Config
                0x0000000008000268       0x2c Drivers/STM32L1xx_HAL_Driver/Src/stm32l1xx_hal_cortex.o
                0x0000000008000268                HAL_SYSTICK_Config
 .text.HAL_GPIO_Init
                0x0000000008000294      0x194 Drivers/STM32L1xx_HAL_Driver/Src/stm32l1xx_hal_gpio.o
                0x0000000008000294                HAL_GPIO_Init
 .text.HAL_GPIO_WritePin
                0x0000000008000428        0xc Drivers/STM32L1xx_HAL_Driver/Src/stm32l1xx_hal_gpio.o
                0x0000000008000428                HAL_GPIO_WritePin
 .text.RCC_SetFlashLatencyFromMSIRange
                0x0000000008000434       0x94 Drivers/STM32L1xx_HAL_Driver/Src/stm32l1xx_hal_rcc.o
 .text.HAL_RCC_OscConfig
                0x00000000080004c8      0x78c Drivers/STM32L1xx_HAL_Driver/Src/stm32l1xx_hal_rcc.o
                0x00000000080004c8                HAL_RCC_OscConfig
 .text.HAL_RCC_GetSysClockFreq
                0x0000000008000c54       0x9c Drivers/STM32L1xx_HAL_Driver/Src/stm32l1xx_hal_rcc.o
                0x0000000008000c54                HAL_RCC_GetSysClockFreq
 .text.HAL_RCC_ClockConfig
                0x0000000008000cf0      0x248 Drivers/STM32L1xx_HAL_Driver/Src/stm32l1xx_hal_rcc.o
                0x0000000008000cf0                HAL_RCC_ClockConfig
 .text.HAL_RCC_GetHCLKFreq
                0x0000000008000f38        0xc Drivers/STM32L1xx_HAL_Driver/Src/stm32l1xx_hal_rcc.o
                0x0000000008000f38                HAL_RCC_GetHCLKFreq
 .text.HAL_RCC_GetPCLK1Freq
                0x0000000008000f44       0x2c Drivers/STM32L1xx_HAL_Driver/Src/stm32l1xx_hal_rcc.o
                0x0000000008000f44                HAL_RCC_GetPCLK1Freq
 .text.HAL_RCC_GetPCLK2Freq
                0x0000000008000f70       0x2c Drivers/STM32L1xx_HAL_Driver/Src/stm32l1xx_hal_rcc.o
                0x0000000008000f70                HAL_RCC_GetPCLK2Freq
 .text.UART_SetConfig
                0x0000000008000f9c      0x320 Drivers/STM32L1xx_HAL_Driver/Src/stm32l1xx_hal_uart.o
 .text.HAL_UART_Init
                0x00000000080012bc       0x5a Drivers/STM32L1xx_HAL_Driver/Src/stm32l1xx_hal_uart.o
                0x00000000080012bc                HAL_UART_Init
 *fill*         0x0000000008001316        0x2 
 .text.MX_GPIO_Init
                0x0000000008001318       0xfc Src/main.o
 .text.MX_USART1_UART_Init
                0x0000000008001414       0x2c Src/main.o
 .text.SystemClock_Config
                0x0000000008001440       0x68 Src/main.o
                0x0000000008001440                SystemClock_Config
 .text.main     0x00000000080014a8       0xec Src/main.o
                0x00000000080014a8                main
 .text.HAL_MspInit
                0x0000000008001594       0x44 Src/stm32l1xx_hal_msp.o
                0x0000000008001594                HAL_MspInit
 .text.HAL_UART_MspInit
                0x00000000080015d8       0x70 Src/stm32l1xx_hal_msp.o
                0x00000000080015d8                HAL_UART_MspInit
 .text.NMI_Handler
                0x0000000008001648        0x2 Src/stm32l1xx_it.o
                0x0000000008001648                NMI_Handler
 .text.HardFault_Handler
                0x000000000800164a        0x2 Src/stm32l1xx_it.o
                0x000000000800164a                HardFault_Handler
 .text.MemManage_Handler
                0x000000000800164c        0x2 Src/stm32l1xx_it.o
                0x000000000800164c                MemManage_Handler
 .text.BusFault_Handler
                0x000000000800164e        0x2 Src/stm32l1xx_it.o
                0x000000000800164e                BusFault_Handler
 .text.UsageFault_Handler
                0x0000000008001650        0x2 Src/stm32l1xx_it.o
                0x0000000008001650                UsageFault_Handler
 .text.SVC_Handler
                0x0000000008001652        0x2 Src/stm32l1xx_it.o
                0x0000000008001652                SVC_Handler
 .text.DebugMon_Handler
                0x0000000008001654        0x2 Src/stm32l1xx_it.o
                0x0000000008001654                DebugMon_Handler
 .text.PendSV_Handler
                0x0000000008001656        0x2 Src/stm32l1xx_it.o
                0x0000000008001656                PendSV_Handler
 .text.SysTick_Handler
                0x0000000008001658        0x8 Src/stm32l1xx_it.o
                0x0000000008001658                SysTick_Handler
 .text._read    0x0000000008001660       0x1c Src/syscalls.o
                0x0000000008001660                _read
 .text._write   0x000000000800167c       0x1c Src/syscalls.o
                0x000000000800167c                _write
 .text._sbrk    0x0000000008001698       0x3c Src/syscalls.o
                0x0000000008001698                _sbrk
 .text._close   0x00000000080016d4        0x6 Src/syscalls.o
                0x00000000080016d4                _close
 .text._fstat   0x00000000080016da        0xa Src/syscalls.o
                0x00000000080016da                _fstat
 .text._isatty  0x00000000080016e4        0x4 Src/syscalls.o
                0x00000000080016e4                _isatty
 .text._lseek   0x00000000080016e8        0x4 Src/syscalls.o
                0x00000000080016e8                _lseek
 .text.SystemInit
                0x00000000080016ec       0x48 Src/system_stm32l1xx.o
                0x00000000080016ec                SystemInit
 .text.__io_putchar
                0x0000000008001734       0x18 Src/uart_io.o
                0x0000000008001734                __io_putchar
 .text.__io_getchar
                0x000000000800174c       0x18 Src/uart_io.o
                0x000000000800174c                __io_getchar
 .text.Reset_Handler
                0x0000000008001764       0x48 startup/startup_stm32l151xba.o
                0x0000000008001764                Reset_Handler
 .text.Default_Handler
                0x00000000080017ac        0x2 startup/startup_stm32l151xba.o
                0x00000000080017ac                RTC_Alarm_IRQHandler
                0x00000000080017ac                EXTI2_IRQHandler
                0x00000000080017ac                TIM10_IRQHandler
                0x00000000080017ac                USB_HP_IRQHandler
                0x00000000080017ac                TIM6_IRQHandler
                0x00000000080017ac                PVD_IRQHandler
                0x00000000080017ac                EXTI3_IRQHandler
                0x00000000080017ac                EXTI0_IRQHandler
                0x00000000080017ac                I2C2_EV_IRQHandler
                0x00000000080017ac                SPI1_IRQHandler
                0x00000000080017ac                USB_FS_WKUP_IRQHandler
                0x00000000080017ac                DMA1_Channel4_IRQHandler
                0x00000000080017ac                ADC1_IRQHandler
                0x00000000080017ac                USART3_IRQHandler
                0x00000000080017ac                DMA1_Channel7_IRQHandler
                0x00000000080017ac                TIM4_IRQHandler
                0x00000000080017ac                I2C1_EV_IRQHandler
                0x00000000080017ac                DMA1_Channel6_IRQHandler
                0x00000000080017ac                TIM3_IRQHandler
                0x00000000080017ac                RCC_IRQHandler
                0x00000000080017ac                DMA1_Channel1_IRQHandler
                0x00000000080017ac                Default_Handler
                0x00000000080017ac                EXTI15_10_IRQHandler
                0x00000000080017ac                TIM7_IRQHandler
                0x00000000080017ac                EXTI9_5_IRQHandler
                0x00000000080017ac                TIM9_IRQHandler
                0x00000000080017ac                TAMPER_STAMP_IRQHandler
                0x00000000080017ac                RTC_WKUP_IRQHandler
                0x00000000080017ac                SPI2_IRQHandler
                0x00000000080017ac                DMA1_Channel5_IRQHandler
                0x00000000080017ac                USB_LP_IRQHandler
                0x00000000080017ac                EXTI4_IRQHandler
                0x00000000080017ac                DMA1_Channel3_IRQHandler
                0x00000000080017ac                COMP_IRQHandler
                0x00000000080017ac                WWDG_IRQHandler
                0x00000000080017ac                TIM2_IRQHandler
                0x00000000080017ac                DAC_IRQHandler
                0x00000000080017ac                EXTI1_IRQHandler
                0x00000000080017ac                TIM11_IRQHandler
                0x00000000080017ac                USART2_IRQHandler
                0x00000000080017ac                I2C2_ER_IRQHandler
                0x00000000080017ac                DMA1_Channel2_IRQHandler
                0x00000000080017ac                FLASH_IRQHandler
                0x00000000080017ac                USART1_IRQHandler
                0x00000000080017ac                I2C1_ER_IRQHandler
 *fill*         0x00000000080017ae        0x2 
 .text.__errno  0x00000000080017b0        0xc /home/uli/.p2/pool/plugins/fr.ac6.mcu.externaltools.arm-none.linux64_1.16.0.201807130628/tools/st-gnu-arm-gcc-7-2017-q4-major_gdb-5_4-2016q3/bin/../lib/gcc/arm-none-eabi/7.2.1/../../../../arm-none-eabi/lib/thumb/v7-m/libc_nano.a(lib_a-errno.o)
                0x00000000080017b0                __errno
 .text.__libc_init_array
                0x00000000080017bc       0x48 /home/uli/.p2/pool/plugins/fr.ac6.mcu.externaltools.arm-none.linux64_1.16.0.201807130628/tools/st-gnu-arm-gcc-7-2017-q4-major_gdb-5_4-2016q3/bin/../lib/gcc/arm-none-eabi/7.2.1/../../../../arm-none-eabi/lib/thumb/v7-m/libc_nano.a(lib_a-init.o)
                0x00000000080017bc                __libc_init_array
 .text.memset   0x0000000008001804       0x10 /home/uli/.p2/pool/plugins/fr.ac6.mcu.externaltools.arm-none.linux64_1.16.0.201807130628/tools/st-gnu-arm-gcc-7-2017-q4-major_gdb-5_4-2016q3/bin/../lib/gcc/arm-none-eabi/7.2.1/../../../../arm-none-eabi/lib/thumb/v7-m/libc_nano.a(lib_a-memset.o)
                0x0000000008001804                memset
 .text.printf   0x0000000008001814       0x30 /home/uli/.p2/pool/plugins/fr.ac6.mcu.externaltools.arm-none.linux64_1.16.0.201807130628/tools/st-gnu-arm-gcc-7-2017-q4-major_gdb-5_4-2016q3/bin/../lib/gcc/arm-none-eabi/7.2.1/../../../../arm-none-eabi/lib/thumb/v7-m/libc_nano.a(lib_a-printf.o)
                0x0000000008001814                printf
                0x0000000008001814                iprintf
 .text._puts_r  0x0000000008001844       0xb8 /home/uli/.p2/pool/plugins/fr.ac6.mcu.externaltools.arm-none.linux64_1.16.0.201807130628/tools/st-gnu-arm-gcc-7-2017-q4-major_gdb-5_4-2016q3/bin/../lib/gcc/arm-none-eabi/7.2.1/../../../../arm-none-eabi/lib/thumb/v7-m/libc_nano.a(lib_a-puts.o)
                0x0000000008001844                _puts_r
 .text.puts     0x00000000080018fc       0x10 /home/uli/.p2/pool/plugins/fr.ac6.mcu.externaltools.arm-none.linux64_1.16.0.201807130628/tools/st-gnu-arm-gcc-7-2017-q4-major_gdb-5_4-2016q3/bin/../lib/gcc/arm-none-eabi/7.2.1/../../../../arm-none-eabi/lib/thumb/v7-m/libc_nano.a(lib_a-puts.o)
                0x00000000080018fc                puts
 .text.__swbuf_r
                0x000000000800190c       0xa4 /home/uli/.p2/pool/plugins/fr.ac6.mcu.externaltools.arm-none.linux64_1.16.0.201807130628/tools/st-gnu-arm-gcc-7-2017-q4-major_gdb-5_4-2016q3/bin/../lib/gcc/arm-none-eabi/7.2.1/../../../../arm-none-eabi/lib/thumb/v7-m/libc_nano.a(lib_a-wbuf.o)
                0x000000000800190c                __swbuf_r
 .text.__swsetup_r
                0x00000000080019b0       0xdc /home/uli/.p2/pool/plugins/fr.ac6.mcu.externaltools.arm-none.linux64_1.16.0.201807130628/tools/st-gnu-arm-gcc-7-2017-q4-major_gdb-5_4-2016q3/bin/../lib/gcc/arm-none-eabi/7.2.1/../../../../arm-none-eabi/lib/thumb/v7-m/libc_nano.a(lib_a-wsetup.o)
                0x00000000080019b0                __swsetup_r
 .text.__sflush_r
                0x0000000008001a8c      0x10c /home/uli/.p2/pool/plugins/fr.ac6.mcu.externaltools.arm-none.linux64_1.16.0.201807130628/tools/st-gnu-arm-gcc-7-2017-q4-major_gdb-5_4-2016q3/bin/../lib/gcc/arm-none-eabi/7.2.1/../../../../arm-none-eabi/lib/thumb/v7-m/libc_nano.a(lib_a-fflush.o)
                0x0000000008001a8c                __sflush_r
 .text._fflush_r
                0x0000000008001b98       0x54 /home/uli/.p2/pool/plugins/fr.ac6.mcu.externaltools.arm-none.linux64_1.16.0.201807130628/tools/st-gnu-arm-gcc-7-2017-q4-major_gdb-5_4-2016q3/bin/../lib/gcc/arm-none-eabi/7.2.1/../../../../arm-none-eabi/lib/thumb/v7-m/libc_nano.a(lib_a-fflush.o)
                0x0000000008001b98                _fflush_r
 .text.std      0x0000000008001bec       0x48 /home/uli/.p2/pool/plugins/fr.ac6.mcu.externaltools.arm-none.linux64_1.16.0.201807130628/tools/st-gnu-arm-gcc-7-2017-q4-major_gdb-5_4-2016q3/bin/../lib/gcc/arm-none-eabi/7.2.1/../../../../arm-none-eabi/lib/thumb/v7-m/libc_nano.a(lib_a-findfp.o)
 .text._cleanup_r
                0x0000000008001c34        0xc /home/uli/.p2/pool/plugins/fr.ac6.mcu.externaltools.arm-none.linux64_1.16.0.201807130628/tools/st-gnu-arm-gcc-7-2017-q4-major_gdb-5_4-2016q3/bin/../lib/gcc/arm-none-eabi/7.2.1/../../../../arm-none-eabi/lib/thumb/v7-m/libc_nano.a(lib_a-findfp.o)
                0x0000000008001c34                _cleanup_r
 .text.__sfmoreglue
                0x0000000008001c40       0x2c /home/uli/.p2/pool/plugins/fr.ac6.mcu.externaltools.arm-none.linux64_1.16.0.201807130628/tools/st-gnu-arm-gcc-7-2017-q4-major_gdb-5_4-2016q3/bin/../lib/gcc/arm-none-eabi/7.2.1/../../../../arm-none-eabi/lib/thumb/v7-m/libc_nano.a(lib_a-findfp.o)
                0x0000000008001c40                __sfmoreglue
 .text.__sinit  0x0000000008001c6c       0x60 /home/uli/.p2/pool/plugins/fr.ac6.mcu.externaltools.arm-none.linux64_1.16.0.201807130628/tools/st-gnu-arm-gcc-7-2017-q4-major_gdb-5_4-2016q3/bin/../lib/gcc/arm-none-eabi/7.2.1/../../../../arm-none-eabi/lib/thumb/v7-m/libc_nano.a(lib_a-findfp.o)
                0x0000000008001c6c                __sinit
 .text.__sfp    0x0000000008001ccc       0x78 /home/uli/.p2/pool/plugins/fr.ac6.mcu.externaltools.arm-none.linux64_1.16.0.201807130628/tools/st-gnu-arm-gcc-7-2017-q4-major_gdb-5_4-2016q3/bin/../lib/gcc/arm-none-eabi/7.2.1/../../../../arm-none-eabi/lib/thumb/v7-m/libc_nano.a(lib_a-findfp.o)
                0x0000000008001ccc                __sfp
 .text._fwalk_reent
                0x0000000008001d44       0x3c /home/uli/.p2/pool/plugins/fr.ac6.mcu.externaltools.arm-none.linux64_1.16.0.201807130628/tools/st-gnu-arm-gcc-7-2017-q4-major_gdb-5_4-2016q3/bin/../lib/gcc/arm-none-eabi/7.2.1/../../../../arm-none-eabi/lib/thumb/v7-m/libc_nano.a(lib_a-fwalk.o)
                0x0000000008001d44                _fwalk_reent
 .text.__swhatbuf_r
                0x0000000008001d80       0x48 /home/uli/.p2/pool/plugins/fr.ac6.mcu.externaltools.arm-none.linux64_1.16.0.201807130628/tools/st-gnu-arm-gcc-7-2017-q4-major_gdb-5_4-2016q3/bin/../lib/gcc/arm-none-eabi/7.2.1/../../../../arm-none-eabi/lib/thumb/v7-m/libc_nano.a(lib_a-makebuf.o)
                0x0000000008001d80                __swhatbuf_r
 .text.__smakebuf_r
                0x0000000008001dc8       0x80 /home/uli/.p2/pool/plugins/fr.ac6.mcu.externaltools.arm-none.linux64_1.16.0.201807130628/tools/st-gnu-arm-gcc-7-2017-q4-major_gdb-5_4-2016q3/bin/../lib/gcc/arm-none-eabi/7.2.1/../../../../arm-none-eabi/lib/thumb/v7-m/libc_nano.a(lib_a-makebuf.o)
                0x0000000008001dc8                __smakebuf_r
 .text._free_r  0x0000000008001e48       0x98 /home/uli/.p2/pool/plugins/fr.ac6.mcu.externaltools.arm-none.linux64_1.16.0.201807130628/tools/st-gnu-arm-gcc-7-2017-q4-major_gdb-5_4-2016q3/bin/../lib/gcc/arm-none-eabi/7.2.1/../../../../arm-none-eabi/lib/thumb/v7-m/libc_nano.a(lib_a-nano-freer.o)
                0x0000000008001e48                _free_r
 .text._malloc_r
                0x0000000008001ee0       0xb4 /home/uli/.p2/pool/plugins/fr.ac6.mcu.externaltools.arm-none.linux64_1.16.0.201807130628/tools/st-gnu-arm-gcc-7-2017-q4-major_gdb-5_4-2016q3/bin/../lib/gcc/arm-none-eabi/7.2.1/../../../../arm-none-eabi/lib/thumb/v7-m/libc_nano.a(lib_a-nano-mallocr.o)
                0x0000000008001ee0                _malloc_r
 .text.__sfputc_r
                0x0000000008001f94       0x2a /home/uli/.p2/pool/plugins/fr.ac6.mcu.externaltools.arm-none.linux64_1.16.0.201807130628/tools/st-gnu-arm-gcc-7-2017-q4-major_gdb-5_4-2016q3/bin/../lib/gcc/arm-none-eabi/7.2.1/../../../../arm-none-eabi/lib/thumb/v7-m/libc_nano.a(lib_a-nano-vfprintf.o)
 .text.__sfputs_r
                0x0000000008001fbe       0x24 /home/uli/.p2/pool/plugins/fr.ac6.mcu.externaltools.arm-none.linux64_1.16.0.201807130628/tools/st-gnu-arm-gcc-7-2017-q4-major_gdb-5_4-2016q3/bin/../lib/gcc/arm-none-eabi/7.2.1/../../../../arm-none-eabi/lib/thumb/v7-m/libc_nano.a(lib_a-nano-vfprintf.o)
                0x0000000008001fbe                __sfputs_r
 *fill*         0x0000000008001fe2        0x2 
 .text._vfprintf_r
                0x0000000008001fe4      0x228 /home/uli/.p2/pool/plugins/fr.ac6.mcu.externaltools.arm-none.linux64_1.16.0.201807130628/tools/st-gnu-arm-gcc-7-2017-q4-major_gdb-5_4-2016q3/bin/../lib/gcc/arm-none-eabi/7.2.1/../../../../arm-none-eabi/lib/thumb/v7-m/libc_nano.a(lib_a-nano-vfprintf.o)
                0x0000000008001fe4                _vfiprintf_r
                0x0000000008001fe4                _vfprintf_r
 .text._printf_common
                0x000000000800220c       0xec /home/uli/.p2/pool/plugins/fr.ac6.mcu.externaltools.arm-none.linux64_1.16.0.201807130628/tools/st-gnu-arm-gcc-7-2017-q4-major_gdb-5_4-2016q3/bin/../lib/gcc/arm-none-eabi/7.2.1/../../../../arm-none-eabi/lib/thumb/v7-m/libc_nano.a(lib_a-nano-vfprintf_i.o)
                0x000000000800220c                _printf_common
 .text._printf_i
                0x00000000080022f8      0x224 /home/uli/.p2/pool/plugins/fr.ac6.mcu.externaltools.arm-none.linux64_1.16.0.201807130628/tools/st-gnu-arm-gcc-7-2017-q4-major_gdb-5_4-2016q3/bin/../lib/gcc/arm-none-eabi/7.2.1/../../../../arm-none-eabi/lib/thumb/v7-m/libc_nano.a(lib_a-nano-vfprintf_i.o)
                0x00000000080022f8                _printf_i
 .text._sbrk_r  0x000000000800251c       0x20 /home/uli/.p2/pool/plugins/fr.ac6.mcu.externaltools.arm-none.linux64_1.16.0.201807130628/tools/st-gnu-arm-gcc-7-2017-q4-major_gdb-5_4-2016q3/bin/../lib/gcc/arm-none-eabi/7.2.1/../../../../arm-none-eabi/lib/thumb/v7-m/libc_nano.a(lib_a-sbrkr.o)
                0x000000000800251c                _sbrk_r
 .text.__sread  0x000000000800253c       0x22 /home/uli/.p2/pool/plugins/fr.ac6.mcu.externaltools.arm-none.linux64_1.16.0.201807130628/tools/st-gnu-arm-gcc-7-2017-q4-major_gdb-5_4-2016q3/bin/../lib/gcc/arm-none-eabi/7.2.1/../../../../arm-none-eabi/lib/thumb/v7-m/libc_nano.a(lib_a-stdio.o)
                0x000000000800253c                __sread
 .text.__swrite
                0x000000000800255e       0x38 /home/uli/.p2/pool/plugins/fr.ac6.mcu.externaltools.arm-none.linux64_1.16.0.201807130628/tools/st-gnu-arm-gcc-7-2017-q4-major_gdb-5_4-2016q3/bin/../lib/gcc/arm-none-eabi/7.2.1/../../../../arm-none-eabi/lib/thumb/v7-m/libc_nano.a(lib_a-stdio.o)
                0x000000000800255e                __swrite
 .text.__sseek  0x0000000008002596       0x24 /home/uli/.p2/pool/plugins/fr.ac6.mcu.externaltools.arm-none.linux64_1.16.0.201807130628/tools/st-gnu-arm-gcc-7-2017-q4-major_gdb-5_4-2016q3/bin/../lib/gcc/arm-none-eabi/7.2.1/../../../../arm-none-eabi/lib/thumb/v7-m/libc_nano.a(lib_a-stdio.o)
                0x0000000008002596                __sseek
 .text.__sclose
                0x00000000080025ba        0x8 /home/uli/.p2/pool/plugins/fr.ac6.mcu.externaltools.arm-none.linux64_1.16.0.201807130628/tools/st-gnu-arm-gcc-7-2017-q4-major_gdb-5_4-2016q3/bin/../lib/gcc/arm-none-eabi/7.2.1/../../../../arm-none-eabi/lib/thumb/v7-m/libc_nano.a(lib_a-stdio.o)
                0x00000000080025ba                __sclose
 *fill*         0x00000000080025c2        0x2 
 .text._write_r
                0x00000000080025c4       0x24 /home/uli/.p2/pool/plugins/fr.ac6.mcu.externaltools.arm-none.linux64_1.16.0.201807130628/tools/st-gnu-arm-gcc-7-2017-q4-major_gdb-5_4-2016q3/bin/../lib/gcc/arm-none-eabi/7.2.1/../../../../arm-none-eabi/lib/thumb/v7-m/libc_nano.a(lib_a-writer.o)
                0x00000000080025c4                _write_r
 .text._close_r
                0x00000000080025e8       0x20 /home/uli/.p2/pool/plugins/fr.ac6.mcu.externaltools.arm-none.linux64_1.16.0.201807130628/tools/st-gnu-arm-gcc-7-2017-q4-major_gdb-5_4-2016q3/bin/../lib/gcc/arm-none-eabi/7.2.1/../../../../arm-none-eabi/lib/thumb/v7-m/libc_nano.a(lib_a-closer.o)
                0x00000000080025e8                _close_r
 .text._fstat_r
                0x0000000008002608       0x24 /home/uli/.p2/pool/plugins/fr.ac6.mcu.externaltools.arm-none.linux64_1.16.0.201807130628/tools/st-gnu-arm-gcc-7-2017-q4-major_gdb-5_4-2016q3/bin/../lib/gcc/arm-none-eabi/7.2.1/../../../../arm-none-eabi/lib/thumb/v7-m/libc_nano.a(lib_a-fstatr.o)
                0x0000000008002608                _fstat_r
 .text._isatty_r
                0x000000000800262c       0x20 /home/uli/.p2/pool/plugins/fr.ac6.mcu.externaltools.arm-none.linux64_1.16.0.201807130628/tools/st-gnu-arm-gcc-7-2017-q4-major_gdb-5_4-2016q3/bin/../lib/gcc/arm-none-eabi/7.2.1/../../../../arm-none-eabi/lib/thumb/v7-m/libc_nano.a(lib_a-isattyr.o)
                0x000000000800262c                _isatty_r
 .text._lseek_r
                0x000000000800264c       0x24 /home/uli/.p2/pool/plugins/fr.ac6.mcu.externaltools.arm-none.linux64_1.16.0.201807130628/tools/st-gnu-arm-gcc-7-2017-q4-major_gdb-5_4-2016q3/bin/../lib/gcc/arm-none-eabi/7.2.1/../../../../arm-none-eabi/lib/thumb/v7-m/libc_nano.a(lib_a-lseekr.o)
                0x000000000800264c                _lseek_r
 .text.memchr   0x0000000008002670       0x1c /home/uli/.p2/pool/plugins/fr.ac6.mcu.externaltools.arm-none.linux64_1.16.0.201807130628/tools/st-gnu-arm-gcc-7-2017-q4-major_gdb-5_4-2016q3/bin/../lib/gcc/arm-none-eabi/7.2.1/../../../../arm-none-eabi/lib/thumb/v7-m/libc_nano.a(lib_a-memchr-stub.o)
                0x0000000008002670                memchr
 .text.__malloc_lock
                0x000000000800268c        0x2 /home/uli/.p2/pool/plugins/fr.ac6.mcu.externaltools.arm-none.linux64_1.16.0.201807130628/tools/st-gnu-arm-gcc-7-2017-q4-major_gdb-5_4-2016q3/bin/../lib/gcc/arm-none-eabi/7.2.1/../../../../arm-none-eabi/lib/thumb/v7-m/libc_nano.a(lib_a-mlock.o)
                0x000000000800268c                __malloc_lock
 .text.__malloc_unlock
                0x000000000800268e        0x2 /home/uli/.p2/pool/plugins/fr.ac6.mcu.externaltools.arm-none.linux64_1.16.0.201807130628/tools/st-gnu-arm-gcc-7-2017-q4-major_gdb-5_4-2016q3/bin/../lib/gcc/arm-none-eabi/7.2.1/../../../../arm-none-eabi/lib/thumb/v7-m/libc_nano.a(lib_a-mlock.o)
                0x000000000800268e                __malloc_unlock
 .text._read_r  0x0000000008002690       0x24 /home/uli/.p2/pool/plugins/fr.ac6.mcu.externaltools.arm-none.linux64_1.16.0.201807130628/tools/st-gnu-arm-gcc-7-2017-q4-major_gdb-5_4-2016q3/bin/../lib/gcc/arm-none-eabi/7.2.1/../../../../arm-none-eabi/lib/thumb/v7-m/libc_nano.a(lib_a-readr.o)
                0x0000000008002690                _read_r
 *(.glue_7)
 .glue_7        0x00000000080026b4        0x0 linker stubs
 *(.glue_7t)
 .glue_7t       0x00000000080026b4        0x0 linker stubs
 *(.eh_frame)
 .eh_frame      0x00000000080026b4        0x0 /home/uli/.p2/pool/plugins/fr.ac6.mcu.externaltools.arm-none.linux64_1.16.0.201807130628/tools/st-gnu-arm-gcc-7-2017-q4-major_gdb-5_4-2016q3/bin/../lib/gcc/arm-none-eabi/7.2.1/thumb/v7-m/crtbegin.o
 *(.init)
 .init          0x00000000080026b4        0x4 /home/uli/.p2/pool/plugins/fr.ac6.mcu.externaltools.arm-none.linux64_1.16.0.201807130628/tools/st-gnu-arm-gcc-7-2017-q4-major_gdb-5_4-2016q3/bin/../lib/gcc/arm-none-eabi/7.2.1/thumb/v7-m/crti.o
                0x00000000080026b4                _init
 .init          0x00000000080026b8        0x8 /home/uli/.p2/pool/plugins/fr.ac6.mcu.externaltools.arm-none.linux64_1.16.0.201807130628/tools/st-gnu-arm-gcc-7-2017-q4-major_gdb-5_4-2016q3/bin/../lib/gcc/arm-none-eabi/7.2.1/thumb/v7-m/crtn.o
 *(.fini)
 .fini          0x00000000080026c0        0x4 /home/uli/.p2/pool/plugins/fr.ac6.mcu.externaltools.arm-none.linux64_1.16.0.201807130628/tools/st-gnu-arm-gcc-7-2017-q4-major_gdb-5_4-2016q3/bin/../lib/gcc/arm-none-eabi/7.2.1/thumb/v7-m/crti.o
                0x00000000080026c0                _fini
 .fini          0x00000000080026c4        0x8 /home/uli/.p2/pool/plugins/fr.ac6.mcu.externaltools.arm-none.linux64_1.16.0.201807130628/tools/st-gnu-arm-gcc-7-2017-q4-major_gdb-5_4-2016q3/bin/../lib/gcc/arm-none-eabi/7.2.1/thumb/v7-m/crtn.o
                0x00000000080026cc                . = ALIGN (0x4)
                0x00000000080026cc                _etext = .

.vfp11_veneer   0x00000000080026cc        0x0
 .vfp11_veneer  0x00000000080026cc        0x0 linker stubs

.v4_bx          0x00000000080026cc        0x0
 .v4_bx         0x00000000080026cc        0x0 linker stubs

.iplt           0x00000000080026cc        0x0
 .iplt          0x00000000080026cc        0x0 /home/uli/.p2/pool/plugins/fr.ac6.mcu.externaltools.arm-none.linux64_1.16.0.201807130628/tools/st-gnu-arm-gcc-7-2017-q4-major_gdb-5_4-2016q3/bin/../lib/gcc/arm-none-eabi/7.2.1/thumb/v7-m/crtbegin.o

.rodata         0x00000000080026cc      0x204
                0x00000000080026cc                . = ALIGN (0x4)
 *(.rodata)
 .rodata        0x00000000080026cc       0x24 Src/system_stm32l1xx.o
                0x00000000080026cc                PLLMulTable
                0x00000000080026d8                AHBPrescTable
                0x00000000080026e8                APBPrescTable
 *(.rodata*)
 .rodata.str1.4
                0x00000000080026f0      0x148 Src/main.o
                                        0x145 (size before relaxing)
 .rodata._global_impure_ptr
                0x0000000008002838        0x4 /home/uli/.p2/pool/plugins/fr.ac6.mcu.externaltools.arm-none.linux64_1.16.0.201807130628/tools/st-gnu-arm-gcc-7-2017-q4-major_gdb-5_4-2016q3/bin/../lib/gcc/arm-none-eabi/7.2.1/../../../../arm-none-eabi/lib/thumb/v7-m/libc_nano.a(lib_a-impure.o)
                0x0000000008002838                _global_impure_ptr
 .rodata.__sf_fake_stderr
                0x000000000800283c       0x20 /home/uli/.p2/pool/plugins/fr.ac6.mcu.externaltools.arm-none.linux64_1.16.0.201807130628/tools/st-gnu-arm-gcc-7-2017-q4-major_gdb-5_4-2016q3/bin/../lib/gcc/arm-none-eabi/7.2.1/../../../../arm-none-eabi/lib/thumb/v7-m/libc_nano.a(lib_a-findfp.o)
                0x000000000800283c                __sf_fake_stderr
 .rodata.__sf_fake_stdin
                0x000000000800285c       0x20 /home/uli/.p2/pool/plugins/fr.ac6.mcu.externaltools.arm-none.linux64_1.16.0.201807130628/tools/st-gnu-arm-gcc-7-2017-q4-major_gdb-5_4-2016q3/bin/../lib/gcc/arm-none-eabi/7.2.1/../../../../arm-none-eabi/lib/thumb/v7-m/libc_nano.a(lib_a-findfp.o)
                0x000000000800285c                __sf_fake_stdin
 .rodata.__sf_fake_stdout
                0x000000000800287c       0x20 /home/uli/.p2/pool/plugins/fr.ac6.mcu.externaltools.arm-none.linux64_1.16.0.201807130628/tools/st-gnu-arm-gcc-7-2017-q4-major_gdb-5_4-2016q3/bin/../lib/gcc/arm-none-eabi/7.2.1/../../../../arm-none-eabi/lib/thumb/v7-m/libc_nano.a(lib_a-findfp.o)
                0x000000000800287c                __sf_fake_stdout
 .rodata._vfprintf_r.str1.1
                0x000000000800289c       0x11 /home/uli/.p2/pool/plugins/fr.ac6.mcu.externaltools.arm-none.linux64_1.16.0.201807130628/tools/st-gnu-arm-gcc-7-2017-q4-major_gdb-5_4-2016q3/bin/../lib/gcc/arm-none-eabi/7.2.1/../../../../arm-none-eabi/lib/thumb/v7-m/libc_nano.a(lib_a-nano-vfprintf.o)
 .rodata._printf_i.str1.1
                0x00000000080028ad       0x22 /home/uli/.p2/pool/plugins/fr.ac6.mcu.externaltools.arm-none.linux64_1.16.0.201807130628/tools/st-gnu-arm-gcc-7-2017-q4-major_gdb-5_4-2016q3/bin/../lib/gcc/arm-none-eabi/7.2.1/../../../../arm-none-eabi/lib/thumb/v7-m/libc_nano.a(lib_a-nano-vfprintf_i.o)
                0x00000000080028d0                . = ALIGN (0x4)
 *fill*         0x00000000080028cf        0x1 

.rel.dyn        0x00000000080028d0        0x0
 .rel.iplt      0x00000000080028d0        0x0 /home/uli/.p2/pool/plugins/fr.ac6.mcu.externaltools.arm-none.linux64_1.16.0.201807130628/tools/st-gnu-arm-gcc-7-2017-q4-major_gdb-5_4-2016q3/bin/../lib/gcc/arm-none-eabi/7.2.1/thumb/v7-m/crtbegin.o

.ARM.extab
 *(.ARM.extab* .gnu.linkonce.armextab.*)

.ARM            0x00000000080028d0        0x0
                0x00000000080028d0                __exidx_start = .
 *(.ARM.exidx*)
                0x00000000080028d0                __exidx_end = .

.preinit_array  0x00000000080028d0        0x0
                0x00000000080028d0                PROVIDE (__preinit_array_start, .)
 *(.preinit_array*)
                0x00000000080028d0                PROVIDE (__preinit_array_end, .)

.init_array     0x00000000080028d0        0x4
                0x00000000080028d0                PROVIDE (__init_array_start, .)
 *(SORT_BY_NAME(.init_array.*))
 *(.init_array*)
 .init_array    0x00000000080028d0        0x4 /home/uli/.p2/pool/plugins/fr.ac6.mcu.externaltools.arm-none.linux64_1.16.0.201807130628/tools/st-gnu-arm-gcc-7-2017-q4-major_gdb-5_4-2016q3/bin/../lib/gcc/arm-none-eabi/7.2.1/thumb/v7-m/crtbegin.o
                0x00000000080028d4                PROVIDE (__init_array_end, .)

.fini_array     0x00000000080028d4        0x4
                [!provide]                        PROVIDE (__fini_array_start, .)
 *(SORT_BY_NAME(.fini_array.*))
 *(.fini_array*)
 .fini_array    0x00000000080028d4        0x4 /home/uli/.p2/pool/plugins/fr.ac6.mcu.externaltools.arm-none.linux64_1.16.0.201807130628/tools/st-gnu-arm-gcc-7-2017-q4-major_gdb-5_4-2016q3/bin/../lib/gcc/arm-none-eabi/7.2.1/thumb/v7-m/crtbegin.o
                [!provide]                        PROVIDE (__fini_array_end, .)
                0x00000000080028d8                _sidata = LOADADDR (.data)

.data           0x0000000020000000       0x68 load address 0x00000000080028d8
                0x0000000020000000                . = ALIGN (0x4)
                0x0000000020000000                _sdata = .
 *(.data)
 .data          0x0000000020000000        0x4 Src/system_stm32l1xx.o
                0x0000000020000000                SystemCoreClock
 *(.data*)
 .data._impure_ptr
                0x0000000020000004        0x4 /home/uli/.p2/pool/plugins/fr.ac6.mcu.externaltools.arm-none.linux64_1.16.0.201807130628/tools/st-gnu-arm-gcc-7-2017-q4-major_gdb-5_4-2016q3/bin/../lib/gcc/arm-none-eabi/7.2.1/../../../../arm-none-eabi/lib/thumb/v7-m/libc_nano.a(lib_a-impure.o)
                0x0000000020000004                _impure_ptr
 .data.impure_data
                0x0000000020000008       0x60 /home/uli/.p2/pool/plugins/fr.ac6.mcu.externaltools.arm-none.linux64_1.16.0.201807130628/tools/st-gnu-arm-gcc-7-2017-q4-major_gdb-5_4-2016q3/bin/../lib/gcc/arm-none-eabi/7.2.1/../../../../arm-none-eabi/lib/thumb/v7-m/libc_nano.a(lib_a-impure.o)
                0x0000000020000068                . = ALIGN (0x4)
                0x0000000020000068                _edata = .

.igot.plt       0x0000000020000068        0x0 load address 0x0000000008002940
 .igot.plt      0x0000000020000068        0x0 /home/uli/.p2/pool/plugins/fr.ac6.mcu.externaltools.arm-none.linux64_1.16.0.201807130628/tools/st-gnu-arm-gcc-7-2017-q4-major_gdb-5_4-2016q3/bin/../lib/gcc/arm-none-eabi/7.2.1/thumb/v7-m/crtbegin.o
                0x0000000020000068                . = ALIGN (0x4)

.bss            0x0000000020000068       0x74 load address 0x0000000008002940
                0x0000000020000068                _sbss = .
                0x0000000020000068                __bss_start__ = _sbss
 *(.bss)
 .bss           0x0000000020000068       0x1c /home/uli/.p2/pool/plugins/fr.ac6.mcu.externaltools.arm-none.linux64_1.16.0.201807130628/tools/st-gnu-arm-gcc-7-2017-q4-major_gdb-5_4-2016q3/bin/../lib/gcc/arm-none-eabi/7.2.1/thumb/v7-m/crtbegin.o
 .bss           0x0000000020000084        0x8 Src/syscalls.o
                0x0000000020000088                __env
 *(.bss*)
 .bss.__malloc_free_list
                0x000000002000008c        0x4 /home/uli/.p2/pool/plugins/fr.ac6.mcu.externaltools.arm-none.linux64_1.16.0.201807130628/tools/st-gnu-arm-gcc-7-2017-q4-major_gdb-5_4-2016q3/bin/../lib/gcc/arm-none-eabi/7.2.1/../../../../arm-none-eabi/lib/thumb/v7-m/libc_nano.a(lib_a-nano-mallocr.o)
                0x000000002000008c                __malloc_free_list
 .bss.__malloc_sbrk_start
                0x0000000020000090        0x4 /home/uli/.p2/pool/plugins/fr.ac6.mcu.externaltools.arm-none.linux64_1.16.0.201807130628/tools/st-gnu-arm-gcc-7-2017-q4-major_gdb-5_4-2016q3/bin/../lib/gcc/arm-none-eabi/7.2.1/../../../../arm-none-eabi/lib/thumb/v7-m/libc_nano.a(lib_a-nano-mallocr.o)
                0x0000000020000090                __malloc_sbrk_start
 *(COMMON)
 COMMON         0x0000000020000094        0x4 Drivers/STM32L1xx_HAL_Driver/Src/stm32l1xx_hal.o
                0x0000000020000094                uwTick
 COMMON         0x0000000020000098       0x40 Src/main.o
                0x0000000020000098                huart1
 COMMON         0x00000000200000d8        0x4 /home/uli/.p2/pool/plugins/fr.ac6.mcu.externaltools.arm-none.linux64_1.16.0.201807130628/tools/st-gnu-arm-gcc-7-2017-q4-major_gdb-5_4-2016q3/bin/../lib/gcc/arm-none-eabi/7.2.1/../../../../arm-none-eabi/lib/thumb/v7-m/libc_nano.a(lib_a-reent.o)
                0x00000000200000d8                errno
                0x00000000200000dc                . = ALIGN (0x4)
                0x00000000200000dc                _ebss = .
                0x00000000200000dc                __bss_end__ = _ebss

._user_heap_stack
                0x00000000200000dc      0x604 load address 0x0000000008002940
                0x00000000200000e0                . = ALIGN (0x8)
 *fill*         0x00000000200000dc        0x4 
                0x00000000200000e0                PROVIDE (end, .)
                [!provide]                        PROVIDE (_end, .)
                0x00000000200002e0                . = (. + _Min_Heap_Size)
 *fill*         0x00000000200000e0      0x200 
                0x00000000200006e0                . = (. + _Min_Stack_Size)
 *fill*         0x00000000200002e0      0x400 
                0x00000000200006e0                . = ALIGN (0x8)

/DISCARD/
 libc.a(*)
 libm.a(*)
 libgcc.a(*)

.ARM.attributes
                0x0000000000000000       0x29
 *(.ARM.attributes)
 .ARM.attributes
                0x0000000000000000       0x1d /home/uli/.p2/pool/plugins/fr.ac6.mcu.externaltools.arm-none.linux64_1.16.0.201807130628/tools/st-gnu-arm-gcc-7-2017-q4-major_gdb-5_4-2016q3/bin/../lib/gcc/arm-none-eabi/7.2.1/thumb/v7-m/crti.o
 .ARM.attributes
                0x000000000000001d       0x2d /home/uli/.p2/pool/plugins/fr.ac6.mcu.externaltools.arm-none.linux64_1.16.0.201807130628/tools/st-gnu-arm-gcc-7-2017-q4-major_gdb-5_4-2016q3/bin/../lib/gcc/arm-none-eabi/7.2.1/thumb/v7-m/crtbegin.o
 .ARM.attributes
                0x000000000000004a       0x33 Drivers/STM32L1xx_HAL_Driver/Src/stm32l1xx_hal.o
 .ARM.attributes
                0x000000000000007d       0x33 Drivers/STM32L1xx_HAL_Driver/Src/stm32l1xx_hal_cortex.o
 .ARM.attributes
                0x00000000000000b0       0x33 Drivers/STM32L1xx_HAL_Driver/Src/stm32l1xx_hal_gpio.o
 .ARM.attributes
                0x00000000000000e3       0x33 Drivers/STM32L1xx_HAL_Driver/Src/stm32l1xx_hal_rcc.o
 .ARM.attributes
                0x0000000000000116       0x33 Drivers/STM32L1xx_HAL_Driver/Src/stm32l1xx_hal_uart.o
 .ARM.attributes
                0x0000000000000149       0x33 Src/main.o
 .ARM.attributes
                0x000000000000017c       0x33 Src/stm32l1xx_hal_msp.o
 .ARM.attributes
                0x00000000000001af       0x33 Src/stm32l1xx_it.o
 .ARM.attributes
                0x00000000000001e2       0x33 Src/syscalls.o
 .ARM.attributes
                0x0000000000000215       0x33 Src/system_stm32l1xx.o
 .ARM.attributes
                0x0000000000000248       0x33 Src/uart_io.o
 .ARM.attributes
                0x000000000000027b       0x21 startup/startup_stm32l151xba.o
 .ARM.attributes
                0x000000000000029c       0x2d /home/uli/.p2/pool/plugins/fr.ac6.mcu.externaltools.arm-none.linux64_1.16.0.201807130628/tools/st-gnu-arm-gcc-7-2017-q4-major_gdb-5_4-2016q3/bin/../lib/gcc/arm-none-eabi/7.2.1/../../../../arm-none-eabi/lib/thumb/v7-m/libc_nano.a(lib_a-errno.o)
 .ARM.attributes
                0x00000000000002c9       0x2d /home/uli/.p2/pool/plugins/fr.ac6.mcu.externaltools.arm-none.linux64_1.16.0.201807130628/tools/st-gnu-arm-gcc-7-2017-q4-major_gdb-5_4-2016q3/bin/../lib/gcc/arm-none-eabi/7.2.1/../../../../arm-none-eabi/lib/thumb/v7-m/libc_nano.a(lib_a-impure.o)
 .ARM.attributes
                0x00000000000002f6       0x2d /home/uli/.p2/pool/plugins/fr.ac6.mcu.externaltools.arm-none.linux64_1.16.0.201807130628/tools/st-gnu-arm-gcc-7-2017-q4-major_gdb-5_4-2016q3/bin/../lib/gcc/arm-none-eabi/7.2.1/../../../../arm-none-eabi/lib/thumb/v7-m/libc_nano.a(lib_a-init.o)
 .ARM.attributes
                0x0000000000000323       0x2d /home/uli/.p2/pool/plugins/fr.ac6.mcu.externaltools.arm-none.linux64_1.16.0.201807130628/tools/st-gnu-arm-gcc-7-2017-q4-major_gdb-5_4-2016q3/bin/../lib/gcc/arm-none-eabi/7.2.1/../../../../arm-none-eabi/lib/thumb/v7-m/libc_nano.a(lib_a-memset.o)
 .ARM.attributes
                0x0000000000000350       0x2d /home/uli/.p2/pool/plugins/fr.ac6.mcu.externaltools.arm-none.linux64_1.16.0.201807130628/tools/st-gnu-arm-gcc-7-2017-q4-major_gdb-5_4-2016q3/bin/../lib/gcc/arm-none-eabi/7.2.1/../../../../arm-none-eabi/lib/thumb/v7-m/libc_nano.a(lib_a-printf.o)
 .ARM.attributes
                0x000000000000037d       0x2d /home/uli/.p2/pool/plugins/fr.ac6.mcu.externaltools.arm-none.linux64_1.16.0.201807130628/tools/st-gnu-arm-gcc-7-2017-q4-major_gdb-5_4-2016q3/bin/../lib/gcc/arm-none-eabi/7.2.1/../../../../arm-none-eabi/lib/thumb/v7-m/libc_nano.a(lib_a-puts.o)
 .ARM.attributes
                0x00000000000003aa       0x2d /home/uli/.p2/pool/plugins/fr.ac6.mcu.externaltools.arm-none.linux64_1.16.0.201807130628/tools/st-gnu-arm-gcc-7-2017-q4-major_gdb-5_4-2016q3/bin/../lib/gcc/arm-none-eabi/7.2.1/../../../../arm-none-eabi/lib/thumb/v7-m/libc_nano.a(lib_a-wbuf.o)
 .ARM.attributes
                0x00000000000003d7       0x2d /home/uli/.p2/pool/plugins/fr.ac6.mcu.externaltools.arm-none.linux64_1.16.0.201807130628/tools/st-gnu-arm-gcc-7-2017-q4-major_gdb-5_4-2016q3/bin/../lib/gcc/arm-none-eabi/7.2.1/../../../../arm-none-eabi/lib/thumb/v7-m/libc_nano.a(lib_a-wsetup.o)
 .ARM.attributes
                0x0000000000000404       0x2d /home/uli/.p2/pool/plugins/fr.ac6.mcu.externaltools.arm-none.linux64_1.16.0.201807130628/tools/st-gnu-arm-gcc-7-2017-q4-major_gdb-5_4-2016q3/bin/../lib/gcc/arm-none-eabi/7.2.1/../../../../arm-none-eabi/lib/thumb/v7-m/libc_nano.a(lib_a-fflush.o)
 .ARM.attributes
                0x0000000000000431       0x2d /home/uli/.p2/pool/plugins/fr.ac6.mcu.externaltools.arm-none.linux64_1.16.0.201807130628/tools/st-gnu-arm-gcc-7-2017-q4-major_gdb-5_4-2016q3/bin/../lib/gcc/arm-none-eabi/7.2.1/../../../../arm-none-eabi/lib/thumb/v7-m/libc_nano.a(lib_a-findfp.o)
 .ARM.attributes
                0x000000000000045e       0x2d /home/uli/.p2/pool/plugins/fr.ac6.mcu.externaltools.arm-none.linux64_1.16.0.201807130628/tools/st-gnu-arm-gcc-7-2017-q4-major_gdb-5_4-2016q3/bin/../lib/gcc/arm-none-eabi/7.2.1/../../../../arm-none-eabi/lib/thumb/v7-m/libc_nano.a(lib_a-fwalk.o)
 .ARM.attributes
                0x000000000000048b       0x2d /home/uli/.p2/pool/plugins/fr.ac6.mcu.externaltools.arm-none.linux64_1.16.0.201807130628/tools/st-gnu-arm-gcc-7-2017-q4-major_gdb-5_4-2016q3/bin/../lib/gcc/arm-none-eabi/7.2.1/../../../../arm-none-eabi/lib/thumb/v7-m/libc_nano.a(lib_a-makebuf.o)
 .ARM.attributes
                0x00000000000004b8       0x2d /home/uli/.p2/pool/plugins/fr.ac6.mcu.externaltools.arm-none.linux64_1.16.0.201807130628/tools/st-gnu-arm-gcc-7-2017-q4-major_gdb-5_4-2016q3/bin/../lib/gcc/arm-none-eabi/7.2.1/../../../../arm-none-eabi/lib/thumb/v7-m/libc_nano.a(lib_a-nano-freer.o)
 .ARM.attributes
                0x00000000000004e5       0x2d /home/uli/.p2/pool/plugins/fr.ac6.mcu.externaltools.arm-none.linux64_1.16.0.201807130628/tools/st-gnu-arm-gcc-7-2017-q4-major_gdb-5_4-2016q3/bin/../lib/gcc/arm-none-eabi/7.2.1/../../../../arm-none-eabi/lib/thumb/v7-m/libc_nano.a(lib_a-nano-mallocr.o)
 .ARM.attributes
                0x0000000000000512       0x2d /home/uli/.p2/pool/plugins/fr.ac6.mcu.externaltools.arm-none.linux64_1.16.0.201807130628/tools/st-gnu-arm-gcc-7-2017-q4-major_gdb-5_4-2016q3/bin/../lib/gcc/arm-none-eabi/7.2.1/../../../../arm-none-eabi/lib/thumb/v7-m/libc_nano.a(lib_a-nano-vfprintf.o)
 .ARM.attributes
                0x000000000000053f       0x2d /home/uli/.p2/pool/plugins/fr.ac6.mcu.externaltools.arm-none.linux64_1.16.0.201807130628/tools/st-gnu-arm-gcc-7-2017-q4-major_gdb-5_4-2016q3/bin/../lib/gcc/arm-none-eabi/7.2.1/../../../../arm-none-eabi/lib/thumb/v7-m/libc_nano.a(lib_a-nano-vfprintf_i.o)
 .ARM.attributes
                0x000000000000056c       0x2d /home/uli/.p2/pool/plugins/fr.ac6.mcu.externaltools.arm-none.linux64_1.16.0.201807130628/tools/st-gnu-arm-gcc-7-2017-q4-major_gdb-5_4-2016q3/bin/../lib/gcc/arm-none-eabi/7.2.1/../../../../arm-none-eabi/lib/thumb/v7-m/libc_nano.a(lib_a-sbrkr.o)
 .ARM.attributes
                0x0000000000000599       0x2d /home/uli/.p2/pool/plugins/fr.ac6.mcu.externaltools.arm-none.linux64_1.16.0.201807130628/tools/st-gnu-arm-gcc-7-2017-q4-major_gdb-5_4-2016q3/bin/../lib/gcc/arm-none-eabi/7.2.1/../../../../arm-none-eabi/lib/thumb/v7-m/libc_nano.a(lib_a-stdio.o)
 .ARM.attributes
                0x00000000000005c6       0x2d /home/uli/.p2/pool/plugins/fr.ac6.mcu.externaltools.arm-none.linux64_1.16.0.201807130628/tools/st-gnu-arm-gcc-7-2017-q4-major_gdb-5_4-2016q3/bin/../lib/gcc/arm-none-eabi/7.2.1/../../../../arm-none-eabi/lib/thumb/v7-m/libc_nano.a(lib_a-writer.o)
 .ARM.attributes
                0x00000000000005f3       0x2d /home/uli/.p2/pool/plugins/fr.ac6.mcu.externaltools.arm-none.linux64_1.16.0.201807130628/tools/st-gnu-arm-gcc-7-2017-q4-major_gdb-5_4-2016q3/bin/../lib/gcc/arm-none-eabi/7.2.1/../../../../arm-none-eabi/lib/thumb/v7-m/libc_nano.a(lib_a-closer.o)
 .ARM.attributes
                0x0000000000000620       0x2d /home/uli/.p2/pool/plugins/fr.ac6.mcu.externaltools.arm-none.linux64_1.16.0.201807130628/tools/st-gnu-arm-gcc-7-2017-q4-major_gdb-5_4-2016q3/bin/../lib/gcc/arm-none-eabi/7.2.1/../../../../arm-none-eabi/lib/thumb/v7-m/libc_nano.a(lib_a-fstatr.o)
 .ARM.attributes
                0x000000000000064d       0x2d /home/uli/.p2/pool/plugins/fr.ac6.mcu.externaltools.arm-none.linux64_1.16.0.201807130628/tools/st-gnu-arm-gcc-7-2017-q4-major_gdb-5_4-2016q3/bin/../lib/gcc/arm-none-eabi/7.2.1/../../../../arm-none-eabi/lib/thumb/v7-m/libc_nano.a(lib_a-isattyr.o)
 .ARM.attributes
                0x000000000000067a       0x2d /home/uli/.p2/pool/plugins/fr.ac6.mcu.externaltools.arm-none.linux64_1.16.0.201807130628/tools/st-gnu-arm-gcc-7-2017-q4-major_gdb-5_4-2016q3/bin/../lib/gcc/arm-none-eabi/7.2.1/../../../../arm-none-eabi/lib/thumb/v7-m/libc_nano.a(lib_a-lseekr.o)
 .ARM.attributes
                0x00000000000006a7       0x2d /home/uli/.p2/pool/plugins/fr.ac6.mcu.externaltools.arm-none.linux64_1.16.0.201807130628/tools/st-gnu-arm-gcc-7-2017-q4-major_gdb-5_4-2016q3/bin/../lib/gcc/arm-none-eabi/7.2.1/../../../../arm-none-eabi/lib/thumb/v7-m/libc_nano.a(lib_a-memchr-stub.o)
 .ARM.attributes
                0x00000000000006d4       0x2d /home/uli/.p2/pool/plugins/fr.ac6.mcu.externaltools.arm-none.linux64_1.16.0.201807130628/tools/st-gnu-arm-gcc-7-2017-q4-major_gdb-5_4-2016q3/bin/../lib/gcc/arm-none-eabi/7.2.1/../../../../arm-none-eabi/lib/thumb/v7-m/libc_nano.a(lib_a-mlock.o)
 .ARM.attributes
                0x0000000000000701       0x2d /home/uli/.p2/pool/plugins/fr.ac6.mcu.externaltools.arm-none.linux64_1.16.0.201807130628/tools/st-gnu-arm-gcc-7-2017-q4-major_gdb-5_4-2016q3/bin/../lib/gcc/arm-none-eabi/7.2.1/../../../../arm-none-eabi/lib/thumb/v7-m/libc_nano.a(lib_a-readr.o)
 .ARM.attributes
                0x000000000000072e       0x2d /home/uli/.p2/pool/plugins/fr.ac6.mcu.externaltools.arm-none.linux64_1.16.0.201807130628/tools/st-gnu-arm-gcc-7-2017-q4-major_gdb-5_4-2016q3/bin/../lib/gcc/arm-none-eabi/7.2.1/../../../../arm-none-eabi/lib/thumb/v7-m/libc_nano.a(lib_a-reent.o)
 .ARM.attributes
                0x000000000000075b       0x1d /home/uli/.p2/pool/plugins/fr.ac6.mcu.externaltools.arm-none.linux64_1.16.0.201807130628/tools/st-gnu-arm-gcc-7-2017-q4-major_gdb-5_4-2016q3/bin/../lib/gcc/arm-none-eabi/7.2.1/thumb/v7-m/crtn.o
OUTPUT(RAK5205_BoardID.elf elf32-littlearm)

.debug_info     0x0000000000000000     0xc27a
 .debug_info    0x0000000000000000      0xe8e Drivers/STM32L1xx_HAL_Driver/Src/stm32l1xx_hal.o
 .debug_info    0x0000000000000e8e     0x16a2 Drivers/STM32L1xx_HAL_Driver/Src/stm32l1xx_hal_cortex.o
 .debug_info    0x0000000000002530      0xe9a Drivers/STM32L1xx_HAL_Driver/Src/stm32l1xx_hal_gpio.o
 .debug_info    0x00000000000033ca     0x1e8c Drivers/STM32L1xx_HAL_Driver/Src/stm32l1xx_hal_rcc.o
 .debug_info    0x0000000000005256     0x1a29 Drivers/STM32L1xx_HAL_Driver/Src/stm32l1xx_hal_uart.o
 .debug_info    0x0000000000006c7f     0x14d0 Src/main.o
 .debug_info    0x000000000000814f     0x1068 Src/stm32l1xx_hal_msp.o
 .debug_info    0x00000000000091b7      0xa0f Src/stm32l1xx_it.o
 .debug_info    0x0000000000009bc6      0xfd3 Src/syscalls.o
 .debug_info    0x000000000000ab99      0xc76 Src/system_stm32l1xx.o
 .debug_info    0x000000000000b80f      0xa49 Src/uart_io.o
 .debug_info    0x000000000000c258       0x22 startup/startup_stm32l151xba.o

.debug_abbrev   0x0000000000000000     0x1d66
 .debug_abbrev  0x0000000000000000      0x2c9 Drivers/STM32L1xx_HAL_Driver/Src/stm32l1xx_hal.o
 .debug_abbrev  0x00000000000002c9      0x3ba Drivers/STM32L1xx_HAL_Driver/Src/stm32l1xx_hal_cortex.o
 .debug_abbrev  0x0000000000000683      0x2a7 Drivers/STM32L1xx_HAL_Driver/Src/stm32l1xx_hal_gpio.o
 .debug_abbrev  0x000000000000092a      0x352 Drivers/STM32L1xx_HAL_Driver/Src/stm32l1xx_hal_rcc.o
 .debug_abbrev  0x0000000000000c7c      0x2fd Drivers/STM32L1xx_HAL_Driver/Src/stm32l1xx_hal_uart.o
 .debug_abbrev  0x0000000000000f79      0x2c6 Src/main.o
 .debug_abbrev  0x000000000000123f      0x236 Src/stm32l1xx_hal_msp.o
 .debug_abbrev  0x0000000000001475      0x1e7 Src/stm32l1xx_it.o
 .debug_abbrev  0x000000000000165c      0x2d4 Src/syscalls.o
 .debug_abbrev  0x0000000000001930      0x205 Src/system_stm32l1xx.o
 .debug_abbrev  0x0000000000001b35      0x21f Src/uart_io.o
 .debug_abbrev  0x0000000000001d54       0x12 startup/startup_stm32l151xba.o

.debug_loc      0x0000000000000000     0x2d41
 .debug_loc     0x0000000000000000       0x6a Drivers/STM32L1xx_HAL_Driver/Src/stm32l1xx_hal.o
 .debug_loc     0x000000000000006a      0x5ce Drivers/STM32L1xx_HAL_Driver/Src/stm32l1xx_hal_cortex.o
 .debug_loc     0x0000000000000638      0x38d Drivers/STM32L1xx_HAL_Driver/Src/stm32l1xx_hal_gpio.o
 .debug_loc     0x00000000000009c5      0xb22 Drivers/STM32L1xx_HAL_Driver/Src/stm32l1xx_hal_rcc.o
 .debug_loc     0x00000000000014e7     0x1268 Drivers/STM32L1xx_HAL_Driver/Src/stm32l1xx_hal_uart.o
 .debug_loc     0x000000000000274f       0x1f Src/main.o
 .debug_loc     0x000000000000276e       0x74 Src/stm32l1xx_hal_msp.o
 .debug_loc     0x00000000000027e2      0x3af Src/syscalls.o
 .debug_loc     0x0000000000002b91      0x18f Src/system_stm32l1xx.o
 .debug_loc     0x0000000000002d20       0x21 Src/uart_io.o

.debug_aranges  0x0000000000000000      0x588
 .debug_aranges
                0x0000000000000000       0xb0 Drivers/STM32L1xx_HAL_Driver/Src/stm32l1xx_hal.o
 .debug_aranges
                0x00000000000000b0       0xa8 Drivers/STM32L1xx_HAL_Driver/Src/stm32l1xx_hal_cortex.o
 .debug_aranges
                0x0000000000000158       0x58 Drivers/STM32L1xx_HAL_Driver/Src/stm32l1xx_hal_gpio.o
 .debug_aranges
                0x00000000000001b0       0x90 Drivers/STM32L1xx_HAL_Driver/Src/stm32l1xx_hal_rcc.o
 .debug_aranges
                0x0000000000000240      0x150 Drivers/STM32L1xx_HAL_Driver/Src/stm32l1xx_hal_uart.o
 .debug_aranges
                0x0000000000000390       0x40 Src/main.o
 .debug_aranges
                0x00000000000003d0       0x30 Src/stm32l1xx_hal_msp.o
 .debug_aranges
                0x0000000000000400       0x60 Src/stm32l1xx_it.o
 .debug_aranges
                0x0000000000000460       0xb0 Src/syscalls.o
 .debug_aranges
                0x0000000000000510       0x28 Src/system_stm32l1xx.o
 .debug_aranges
                0x0000000000000538       0x28 Src/uart_io.o
 .debug_aranges
                0x0000000000000560       0x28 startup/startup_stm32l151xba.o

.debug_ranges   0x0000000000000000      0x548
 .debug_ranges  0x0000000000000000       0xa0 Drivers/STM32L1xx_HAL_Driver/Src/stm32l1xx_hal.o
 .debug_ranges  0x00000000000000a0       0xf8 Drivers/STM32L1xx_HAL_Driver/Src/stm32l1xx_hal_cortex.o
 .debug_ranges  0x0000000000000198       0x48 Drivers/STM32L1xx_HAL_Driver/Src/stm32l1xx_hal_gpio.o
 .debug_ranges  0x00000000000001e0       0x98 Drivers/STM32L1xx_HAL_Driver/Src/stm32l1xx_hal_rcc.o
 .debug_ranges  0x0000000000000278      0x140 Drivers/STM32L1xx_HAL_Driver/Src/stm32l1xx_hal_uart.o
 .debug_ranges  0x00000000000003b8       0x30 Src/main.o
 .debug_ranges  0x00000000000003e8       0x20 Src/stm32l1xx_hal_msp.o
 .debug_ranges  0x0000000000000408       0x50 Src/stm32l1xx_it.o
 .debug_ranges  0x0000000000000458       0xa0 Src/syscalls.o
 .debug_ranges  0x00000000000004f8       0x18 Src/system_stm32l1xx.o
 .debug_ranges  0x0000000000000510       0x18 Src/uart_io.o
 .debug_ranges  0x0000000000000528       0x20 startup/startup_stm32l151xba.o

.debug_macro    0x0000000000000000    0x14ed2
 .debug_macro   0x0000000000000000      0x2f9 Drivers/STM32L1xx_HAL_Driver/Src/stm32l1xx_hal.o
 .debug_macro   0x00000000000002f9      0xa60 Drivers/STM32L1xx_HAL_Driver/Src/stm32l1xx_hal.o
 .debug_macro   0x0000000000000d59       0x88 Drivers/STM32L1xx_HAL_Driver/Src/stm32l1xx_hal.o
 .debug_macro   0x0000000000000de1       0x2e Drivers/STM32L1xx_HAL_Driver/Src/stm32l1xx_hal.o
 .debug_macro   0x0000000000000e0f       0x22 Drivers/STM32L1xx_HAL_Driver/Src/stm32l1xx_hal.o
 .debug_macro   0x0000000000000e31       0x22 Drivers/STM32L1xx_HAL_Driver/Src/stm32l1xx_hal.o
 .debug_macro   0x0000000000000e53       0x87 Drivers/STM32L1xx_HAL_Driver/Src/stm32l1xx_hal.o
 .debug_macro   0x0000000000000eda       0x51 Drivers/STM32L1xx_HAL_Driver/Src/stm32l1xx_hal.o
 .debug_macro   0x0000000000000f2b       0xef Drivers/STM32L1xx_HAL_Driver/Src/stm32l1xx_hal.o
 .debug_macro   0x000000000000101a       0x6a Drivers/STM32L1xx_HAL_Driver/Src/stm32l1xx_hal.o
 .debug_macro   0x0000000000001084      0x1df Drivers/STM32L1xx_HAL_Driver/Src/stm32l1xx_hal.o
 .debug_macro   0x0000000000001263       0x34 Drivers/STM32L1xx_HAL_Driver/Src/stm32l1xx_hal.o
 .debug_macro   0x0000000000001297       0x34 Drivers/STM32L1xx_HAL_Driver/Src/stm32l1xx_hal.o
 .debug_macro   0x00000000000012cb      0xcb4 Drivers/STM32L1xx_HAL_Driver/Src/stm32l1xx_hal.o
 .debug_macro   0x0000000000001f7f     0xa5aa Drivers/STM32L1xx_HAL_Driver/Src/stm32l1xx_hal.o
 .debug_macro   0x000000000000c529       0x43 Drivers/STM32L1xx_HAL_Driver/Src/stm32l1xx_hal.o
 .debug_macro   0x000000000000c56c     0x342b Drivers/STM32L1xx_HAL_Driver/Src/stm32l1xx_hal.o
 .debug_macro   0x000000000000f997       0x58 Drivers/STM32L1xx_HAL_Driver/Src/stm32l1xx_hal.o
 .debug_macro   0x000000000000f9ef       0x17 Drivers/STM32L1xx_HAL_Driver/Src/stm32l1xx_hal.o
 .debug_macro   0x000000000000fa06       0x35 Drivers/STM32L1xx_HAL_Driver/Src/stm32l1xx_hal.o
 .debug_macro   0x000000000000fa3b       0x9c Drivers/STM32L1xx_HAL_Driver/Src/stm32l1xx_hal.o
 .debug_macro   0x000000000000fad7       0x16 Drivers/STM32L1xx_HAL_Driver/Src/stm32l1xx_hal.o
 .debug_macro   0x000000000000faed       0x97 Drivers/STM32L1xx_HAL_Driver/Src/stm32l1xx_hal.o
 .debug_macro   0x000000000000fb84      0x330 Drivers/STM32L1xx_HAL_Driver/Src/stm32l1xx_hal.o
 .debug_macro   0x000000000000feb4       0xfd Drivers/STM32L1xx_HAL_Driver/Src/stm32l1xx_hal.o
 .debug_macro   0x000000000000ffb1       0x10 Drivers/STM32L1xx_HAL_Driver/Src/stm32l1xx_hal.o
 .debug_macro   0x000000000000ffc1       0x58 Drivers/STM32L1xx_HAL_Driver/Src/stm32l1xx_hal.o
 .debug_macro   0x0000000000010019       0x1f Drivers/STM32L1xx_HAL_Driver/Src/stm32l1xx_hal.o
 .debug_macro   0x0000000000010038       0x43 Drivers/STM32L1xx_HAL_Driver/Src/stm32l1xx_hal.o
 .debug_macro   0x000000000001007b       0x20 Drivers/STM32L1xx_HAL_Driver/Src/stm32l1xx_hal.o
 .debug_macro   0x000000000001009b      0x18e Drivers/STM32L1xx_HAL_Driver/Src/stm32l1xx_hal.o
 .debug_macro   0x0000000000010229       0x10 Drivers/STM32L1xx_HAL_Driver/Src/stm32l1xx_hal.o
 .debug_macro   0x0000000000010239       0x1c Drivers/STM32L1xx_HAL_Driver/Src/stm32l1xx_hal.o
 .debug_macro   0x0000000000010255       0x52 Drivers/STM32L1xx_HAL_Driver/Src/stm32l1xx_hal.o
 .debug_macro   0x00000000000102a7       0x40 Drivers/STM32L1xx_HAL_Driver/Src/stm32l1xx_hal.o
 .debug_macro   0x00000000000102e7       0x10 Drivers/STM32L1xx_HAL_Driver/Src/stm32l1xx_hal.o
 .debug_macro   0x00000000000102f7       0x40 Drivers/STM32L1xx_HAL_Driver/Src/stm32l1xx_hal.o
 .debug_macro   0x0000000000010337       0xd7 Drivers/STM32L1xx_HAL_Driver/Src/stm32l1xx_hal.o
 .debug_macro   0x000000000001040e       0x1c Drivers/STM32L1xx_HAL_Driver/Src/stm32l1xx_hal.o
 .debug_macro   0x000000000001042a       0x3d Drivers/STM32L1xx_HAL_Driver/Src/stm32l1xx_hal.o
 .debug_macro   0x0000000000010467       0x16 Drivers/STM32L1xx_HAL_Driver/Src/stm32l1xx_hal.o
 .debug_macro   0x000000000001047d      0x16f Drivers/STM32L1xx_HAL_Driver/Src/stm32l1xx_hal.o
 .debug_macro   0x00000000000105ec       0x50 Drivers/STM32L1xx_HAL_Driver/Src/stm32l1xx_hal.o
 .debug_macro   0x000000000001063c      0xe3e Drivers/STM32L1xx_HAL_Driver/Src/stm32l1xx_hal.o
 .debug_macro   0x000000000001147a       0xd1 Drivers/STM32L1xx_HAL_Driver/Src/stm32l1xx_hal.o
 .debug_macro   0x000000000001154b      0x141 Drivers/STM32L1xx_HAL_Driver/Src/stm32l1xx_hal.o
 .debug_macro   0x000000000001168c       0xa7 Drivers/STM32L1xx_HAL_Driver/Src/stm32l1xx_hal.o
 .debug_macro   0x0000000000011733      0x25d Drivers/STM32L1xx_HAL_Driver/Src/stm32l1xx_hal.o
 .debug_macro   0x0000000000011990      0x23a Drivers/STM32L1xx_HAL_Driver/Src/stm32l1xx_hal.o
 .debug_macro   0x0000000000011bca      0x113 Drivers/STM32L1xx_HAL_Driver/Src/stm32l1xx_hal.o
 .debug_macro   0x0000000000011cdd      0x3a5 Drivers/STM32L1xx_HAL_Driver/Src/stm32l1xx_hal.o
 .debug_macro   0x0000000000012082      0x1ed Drivers/STM32L1xx_HAL_Driver/Src/stm32l1xx_hal.o
 .debug_macro   0x000000000001226f       0x22 Drivers/STM32L1xx_HAL_Driver/Src/stm32l1xx_hal.o
 .debug_macro   0x0000000000012291      0x287 Drivers/STM32L1xx_HAL_Driver/Src/stm32l1xx_hal.o
 .debug_macro   0x0000000000012518      0x3ba Drivers/STM32L1xx_HAL_Driver/Src/stm32l1xx_hal.o
 .debug_macro   0x00000000000128d2      0x2d5 Drivers/STM32L1xx_HAL_Driver/Src/stm32l1xx_hal_cortex.o
 .debug_macro   0x0000000000012ba7      0x30e Drivers/STM32L1xx_HAL_Driver/Src/stm32l1xx_hal_gpio.o
 .debug_macro   0x0000000000012eb5      0x311 Drivers/STM32L1xx_HAL_Driver/Src/stm32l1xx_hal_rcc.o
 .debug_macro   0x00000000000131c6      0x2d6 Drivers/STM32L1xx_HAL_Driver/Src/stm32l1xx_hal_uart.o
 .debug_macro   0x000000000001349c      0x2e4 Src/main.o
 .debug_macro   0x0000000000013780       0x2e Src/main.o
 .debug_macro   0x00000000000137ae      0x2e4 Src/stm32l1xx_hal_msp.o
 .debug_macro   0x0000000000013a92      0x2ee Src/stm32l1xx_it.o
 .debug_macro   0x0000000000013d80      0x243 Src/syscalls.o
 .debug_macro   0x0000000000013fc3       0x52 Src/syscalls.o
 .debug_macro   0x0000000000014015       0x8d Src/syscalls.o
 .debug_macro   0x00000000000140a2       0x57 Src/syscalls.o
 .debug_macro   0x00000000000140f9      0x174 Src/syscalls.o
 .debug_macro   0x000000000001426d       0x10 Src/syscalls.o
 .debug_macro   0x000000000001427d       0x35 Src/syscalls.o
 .debug_macro   0x00000000000142b2       0x10 Src/syscalls.o
 .debug_macro   0x00000000000142c2       0x10 Src/syscalls.o
 .debug_macro   0x00000000000142d2       0x35 Src/syscalls.o
 .debug_macro   0x0000000000014307      0x122 Src/syscalls.o
 .debug_macro   0x0000000000014429       0x16 Src/syscalls.o
 .debug_macro   0x000000000001443f       0x16 Src/syscalls.o
 .debug_macro   0x0000000000014455       0x29 Src/syscalls.o
 .debug_macro   0x000000000001447e       0x10 Src/syscalls.o
 .debug_macro   0x000000000001448e      0x241 Src/syscalls.o
 .debug_macro   0x00000000000146cf       0x1c Src/syscalls.o
 .debug_macro   0x00000000000146eb       0x10 Src/syscalls.o
 .debug_macro   0x00000000000146fb      0x189 Src/syscalls.o
 .debug_macro   0x0000000000014884       0x16 Src/syscalls.o
 .debug_macro   0x000000000001489a       0x88 Src/syscalls.o
 .debug_macro   0x0000000000014922      0x2db Src/system_stm32l1xx.o
 .debug_macro   0x0000000000014bfd      0x2d5 Src/uart_io.o

.debug_line     0x0000000000000000     0x6c29
 .debug_line    0x0000000000000000      0x98d Drivers/STM32L1xx_HAL_Driver/Src/stm32l1xx_hal.o
 .debug_line    0x000000000000098d      0xa69 Drivers/STM32L1xx_HAL_Driver/Src/stm32l1xx_hal_cortex.o
 .debug_line    0x00000000000013f6      0x993 Drivers/STM32L1xx_HAL_Driver/Src/stm32l1xx_hal_gpio.o
 .debug_line    0x0000000000001d89      0xe3a Drivers/STM32L1xx_HAL_Driver/Src/stm32l1xx_hal_rcc.o
 .debug_line    0x0000000000002bc3      0xf07 Drivers/STM32L1xx_HAL_Driver/Src/stm32l1xx_hal_uart.o
 .debug_line    0x0000000000003aca      0x8d2 Src/main.o
 .debug_line    0x000000000000439c      0x86a Src/stm32l1xx_hal_msp.o
 .debug_line    0x0000000000004c06      0x8c0 Src/stm32l1xx_it.o
 .debug_line    0x00000000000054c6      0x65a Src/syscalls.o
 .debug_line    0x0000000000005b20      0x856 Src/system_stm32l1xx.o
 .debug_line    0x0000000000006376      0x835 Src/uart_io.o
 .debug_line    0x0000000000006bab       0x7e startup/startup_stm32l151xba.o

.debug_str      0x0000000000000000    0x78bf8
 .debug_str     0x0000000000000000    0x76475 Drivers/STM32L1xx_HAL_Driver/Src/stm32l1xx_hal.o
                                      0x76828 (size before relaxing)
 .debug_str     0x0000000000076475      0x3e0 Drivers/STM32L1xx_HAL_Driver/Src/stm32l1xx_hal_cortex.o
                                      0x76973 (size before relaxing)
 .debug_str     0x0000000000076855      0x29a Drivers/STM32L1xx_HAL_Driver/Src/stm32l1xx_hal_gpio.o
                                      0x76496 (size before relaxing)
 .debug_str     0x0000000000076aef      0x541 Drivers/STM32L1xx_HAL_Driver/Src/stm32l1xx_hal_rcc.o
                                      0x767fe (size before relaxing)
 .debug_str     0x0000000000077030      0x6ee Drivers/STM32L1xx_HAL_Driver/Src/stm32l1xx_hal_uart.o
                                      0x76937 (size before relaxing)
 .debug_str     0x000000000007771e      0x130 Src/main.o
                                      0x7688d (size before relaxing)
 .debug_str     0x000000000007784e       0x1b Src/stm32l1xx_hal_msp.o
                                      0x76688 (size before relaxing)
 .debug_str     0x0000000000077869       0xb8 Src/stm32l1xx_it.o
                                      0x76292 (size before relaxing)
 .debug_str     0x0000000000077921     0x1223 Src/syscalls.o
                                       0x870c (size before relaxing)
 .debug_str     0x0000000000078b44       0x72 Src/system_stm32l1xx.o
                                      0x7626d (size before relaxing)
 .debug_str     0x0000000000078bb6       0x11 Src/uart_io.o
                                      0x76190 (size before relaxing)
 .debug_str     0x0000000000078bc7       0x31 startup/startup_stm32l151xba.o
                                         0x6e (size before relaxing)

.comment        0x0000000000000000       0x7e
 .comment       0x0000000000000000       0x7e Drivers/STM32L1xx_HAL_Driver/Src/stm32l1xx_hal.o
                                         0x7f (size before relaxing)
 .comment       0x000000000000007e       0x7f Drivers/STM32L1xx_HAL_Driver/Src/stm32l1xx_hal_cortex.o
 .comment       0x000000000000007e       0x7f Drivers/STM32L1xx_HAL_Driver/Src/stm32l1xx_hal_gpio.o
 .comment       0x000000000000007e       0x7f Drivers/STM32L1xx_HAL_Driver/Src/stm32l1xx_hal_rcc.o
 .comment       0x000000000000007e       0x7f Drivers/STM32L1xx_HAL_Driver/Src/stm32l1xx_hal_uart.o
 .comment       0x000000000000007e       0x7f Src/main.o
 .comment       0x000000000000007e       0x7f Src/stm32l1xx_hal_msp.o
 .comment       0x000000000000007e       0x7f Src/stm32l1xx_it.o
 .comment       0x000000000000007e       0x7f Src/syscalls.o
 .comment       0x000000000000007e       0x7f Src/system_stm32l1xx.o
 .comment       0x000000000000007e       0x7f Src/uart_io.o

.debug_frame    0x0000000000000000     0x13d8
 .debug_frame   0x0000000000000000      0x168 Drivers/STM32L1xx_HAL_Driver/Src/stm32l1xx_hal.o
 .debug_frame   0x0000000000000168      0x15c Drivers/STM32L1xx_HAL_Driver/Src/stm32l1xx_hal_cortex.o
 .debug_frame   0x00000000000002c4       0xec Drivers/STM32L1xx_HAL_Driver/Src/stm32l1xx_hal_gpio.o
 .debug_frame   0x00000000000003b0      0x168 Drivers/STM32L1xx_HAL_Driver/Src/stm32l1xx_hal_rcc.o
 .debug_frame   0x0000000000000518      0x380 Drivers/STM32L1xx_HAL_Driver/Src/stm32l1xx_hal_uart.o
 .debug_frame   0x0000000000000898       0x98 Src/main.o
 .debug_frame   0x0000000000000930       0x60 Src/stm32l1xx_hal_msp.o
 .debug_frame   0x0000000000000990       0xa8 Src/stm32l1xx_it.o
 .debug_frame   0x0000000000000a38      0x1a8 Src/syscalls.o
 .debug_frame   0x0000000000000be0       0x30 Src/system_stm32l1xx.o
 .debug_frame   0x0000000000000c10       0x30 Src/uart_io.o
 .debug_frame   0x0000000000000c40       0x20 /home/uli/.p2/pool/plugins/fr.ac6.mcu.externaltools.arm-none.linux64_1.16.0.201807130628/tools/st-gnu-arm-gcc-7-2017-q4-major_gdb-5_4-2016q3/bin/../lib/gcc/arm-none-eabi/7.2.1/../../../../arm-none-eabi/lib/thumb/v7-m/libc_nano.a(lib_a-errno.o)
 .debug_frame   0x0000000000000c60       0x2c /home/uli/.p2/pool/plugins/fr.ac6.mcu.externaltools.arm-none.linux64_1.16.0.201807130628/tools/st-gnu-arm-gcc-7-2017-q4-major_gdb-5_4-2016q3/bin/../lib/gcc/arm-none-eabi/7.2.1/../../../../arm-none-eabi/lib/thumb/v7-m/libc_nano.a(lib_a-init.o)
 .debug_frame   0x0000000000000c8c       0x20 /home/uli/.p2/pool/plugins/fr.ac6.mcu.externaltools.arm-none.linux64_1.16.0.201807130628/tools/st-gnu-arm-gcc-7-2017-q4-major_gdb-5_4-2016q3/bin/../lib/gcc/arm-none-eabi/7.2.1/../../../../arm-none-eabi/lib/thumb/v7-m/libc_nano.a(lib_a-memset.o)
 .debug_frame   0x0000000000000cac       0x74 /home/uli/.p2/pool/plugins/fr.ac6.mcu.externaltools.arm-none.linux64_1.16.0.201807130628/tools/st-gnu-arm-gcc-7-2017-q4-major_gdb-5_4-2016q3/bin/../lib/gcc/arm-none-eabi/7.2.1/../../../../arm-none-eabi/lib/thumb/v7-m/libc_nano.a(lib_a-printf.o)
 .debug_frame   0x0000000000000d20       0x3c /home/uli/.p2/pool/plugins/fr.ac6.mcu.externaltools.arm-none.linux64_1.16.0.201807130628/tools/st-gnu-arm-gcc-7-2017-q4-major_gdb-5_4-2016q3/bin/../lib/gcc/arm-none-eabi/7.2.1/../../../../arm-none-eabi/lib/thumb/v7-m/libc_nano.a(lib_a-puts.o)
 .debug_frame   0x0000000000000d5c       0x40 /home/uli/.p2/pool/plugins/fr.ac6.mcu.externaltools.arm-none.linux64_1.16.0.201807130628/tools/st-gnu-arm-gcc-7-2017-q4-major_gdb-5_4-2016q3/bin/../lib/gcc/arm-none-eabi/7.2.1/../../../../arm-none-eabi/lib/thumb/v7-m/libc_nano.a(lib_a-wbuf.o)
 .debug_frame   0x0000000000000d9c       0x2c /home/uli/.p2/pool/plugins/fr.ac6.mcu.externaltools.arm-none.linux64_1.16.0.201807130628/tools/st-gnu-arm-gcc-7-2017-q4-major_gdb-5_4-2016q3/bin/../lib/gcc/arm-none-eabi/7.2.1/../../../../arm-none-eabi/lib/thumb/v7-m/libc_nano.a(lib_a-wsetup.o)
 .debug_frame   0x0000000000000dc8       0x68 /home/uli/.p2/pool/plugins/fr.ac6.mcu.externaltools.arm-none.linux64_1.16.0.201807130628/tools/st-gnu-arm-gcc-7-2017-q4-major_gdb-5_4-2016q3/bin/../lib/gcc/arm-none-eabi/7.2.1/../../../../arm-none-eabi/lib/thumb/v7-m/libc_nano.a(lib_a-fflush.o)
 .debug_frame   0x0000000000000e30      0x11c /home/uli/.p2/pool/plugins/fr.ac6.mcu.externaltools.arm-none.linux64_1.16.0.201807130628/tools/st-gnu-arm-gcc-7-2017-q4-major_gdb-5_4-2016q3/bin/../lib/gcc/arm-none-eabi/7.2.1/../../../../arm-none-eabi/lib/thumb/v7-m/libc_nano.a(lib_a-findfp.o)
 .debug_frame   0x0000000000000f4c       0x54 /home/uli/.p2/pool/plugins/fr.ac6.mcu.externaltools.arm-none.linux64_1.16.0.201807130628/tools/st-gnu-arm-gcc-7-2017-q4-major_gdb-5_4-2016q3/bin/../lib/gcc/arm-none-eabi/7.2.1/../../../../arm-none-eabi/lib/thumb/v7-m/libc_nano.a(lib_a-fwalk.o)
 .debug_frame   0x0000000000000fa0       0x58 /home/uli/.p2/pool/plugins/fr.ac6.mcu.externaltools.arm-none.linux64_1.16.0.201807130628/tools/st-gnu-arm-gcc-7-2017-q4-major_gdb-5_4-2016q3/bin/../lib/gcc/arm-none-eabi/7.2.1/../../../../arm-none-eabi/lib/thumb/v7-m/libc_nano.a(lib_a-makebuf.o)
 .debug_frame   0x0000000000000ff8       0x38 /home/uli/.p2/pool/plugins/fr.ac6.mcu.externaltools.arm-none.linux64_1.16.0.201807130628/tools/st-gnu-arm-gcc-7-2017-q4-major_gdb-5_4-2016q3/bin/../lib/gcc/arm-none-eabi/7.2.1/../../../../arm-none-eabi/lib/thumb/v7-m/libc_nano.a(lib_a-nano-freer.o)
 .debug_frame   0x0000000000001030       0x2c /home/uli/.p2/pool/plugins/fr.ac6.mcu.externaltools.arm-none.linux64_1.16.0.201807130628/tools/st-gnu-arm-gcc-7-2017-q4-major_gdb-5_4-2016q3/bin/../lib/gcc/arm-none-eabi/7.2.1/../../../../arm-none-eabi/lib/thumb/v7-m/libc_nano.a(lib_a-nano-mallocr.o)
 .debug_frame   0x000000000000105c       0xac /home/uli/.p2/pool/plugins/fr.ac6.mcu.externaltools.arm-none.linux64_1.16.0.201807130628/tools/st-gnu-arm-gcc-7-2017-q4-major_gdb-5_4-2016q3/bin/../lib/gcc/arm-none-eabi/7.2.1/../../../../arm-none-eabi/lib/thumb/v7-m/libc_nano.a(lib_a-nano-vfprintf.o)
 .debug_frame   0x0000000000001108       0x60 /home/uli/.p2/pool/plugins/fr.ac6.mcu.externaltools.arm-none.linux64_1.16.0.201807130628/tools/st-gnu-arm-gcc-7-2017-q4-major_gdb-5_4-2016q3/bin/../lib/gcc/arm-none-eabi/7.2.1/../../../../arm-none-eabi/lib/thumb/v7-m/libc_nano.a(lib_a-nano-vfprintf_i.o)
 .debug_frame   0x0000000000001168       0x2c /home/uli/.p2/pool/plugins/fr.ac6.mcu.externaltools.arm-none.linux64_1.16.0.201807130628/tools/st-gnu-arm-gcc-7-2017-q4-major_gdb-5_4-2016q3/bin/../lib/gcc/arm-none-eabi/7.2.1/../../../../arm-none-eabi/lib/thumb/v7-m/libc_nano.a(lib_a-sbrkr.o)
 .debug_frame   0x0000000000001194       0x88 /home/uli/.p2/pool/plugins/fr.ac6.mcu.externaltools.arm-none.linux64_1.16.0.201807130628/tools/st-gnu-arm-gcc-7-2017-q4-major_gdb-5_4-2016q3/bin/../lib/gcc/arm-none-eabi/7.2.1/../../../../arm-none-eabi/lib/thumb/v7-m/libc_nano.a(lib_a-stdio.o)
 .debug_frame   0x000000000000121c       0x2c /home/uli/.p2/pool/plugins/fr.ac6.mcu.externaltools.arm-none.linux64_1.16.0.201807130628/tools/st-gnu-arm-gcc-7-2017-q4-major_gdb-5_4-2016q3/bin/../lib/gcc/arm-none-eabi/7.2.1/../../../../arm-none-eabi/lib/thumb/v7-m/libc_nano.a(lib_a-writer.o)
 .debug_frame   0x0000000000001248       0x2c /home/uli/.p2/pool/plugins/fr.ac6.mcu.externaltools.arm-none.linux64_1.16.0.201807130628/tools/st-gnu-arm-gcc-7-2017-q4-major_gdb-5_4-2016q3/bin/../lib/gcc/arm-none-eabi/7.2.1/../../../../arm-none-eabi/lib/thumb/v7-m/libc_nano.a(lib_a-closer.o)
 .debug_frame   0x0000000000001274       0x2c /home/uli/.p2/pool/plugins/fr.ac6.mcu.externaltools.arm-none.linux64_1.16.0.201807130628/tools/st-gnu-arm-gcc-7-2017-q4-major_gdb-5_4-2016q3/bin/../lib/gcc/arm-none-eabi/7.2.1/../../../../arm-none-eabi/lib/thumb/v7-m/libc_nano.a(lib_a-fstatr.o)
 .debug_frame   0x00000000000012a0       0x2c /home/uli/.p2/pool/plugins/fr.ac6.mcu.externaltools.arm-none.linux64_1.16.0.201807130628/tools/st-gnu-arm-gcc-7-2017-q4-major_gdb-5_4-2016q3/bin/../lib/gcc/arm-none-eabi/7.2.1/../../../../arm-none-eabi/lib/thumb/v7-m/libc_nano.a(lib_a-isattyr.o)
 .debug_frame   0x00000000000012cc       0x2c /home/uli/.p2/pool/plugins/fr.ac6.mcu.externaltools.arm-none.linux64_1.16.0.201807130628/tools/st-gnu-arm-gcc-7-2017-q4-major_gdb-5_4-2016q3/bin/../lib/gcc/arm-none-eabi/7.2.1/../../../../arm-none-eabi/lib/thumb/v7-m/libc_nano.a(lib_a-lseekr.o)
 .debug_frame   0x00000000000012f8       0x28 /home/uli/.p2/pool/plugins/fr.ac6.mcu.externaltools.arm-none.linux64_1.16.0.201807130628/tools/st-gnu-arm-gcc-7-2017-q4-major_gdb-5_4-2016q3/bin/../lib/gcc/arm-none-eabi/7.2.1/../../../../arm-none-eabi/lib/thumb/v7-m/libc_nano.a(lib_a-memchr-stub.o)
 .debug_frame   0x0000000000001320       0x30 /home/uli/.p2/pool/plugins/fr.ac6.mcu.externaltools.arm-none.linux64_1.16.0.201807130628/tools/st-gnu-arm-gcc-7-2017-q4-major_gdb-5_4-2016q3/bin/../lib/gcc/arm-none-eabi/7.2.1/../../../../arm-none-eabi/lib/thumb/v7-m/libc_nano.a(lib_a-mlock.o)
 .debug_frame   0x0000000000001350       0x2c /home/uli/.p2/pool/plugins/fr.ac6.mcu.externaltools.arm-none.linux64_1.16.0.201807130628/tools/st-gnu-arm-gcc-7-2017-q4-major_gdb-5_4-2016q3/bin/../lib/gcc/arm-none-eabi/7.2.1/../../../../arm-none-eabi/lib/thumb/v7-m/libc_nano.a(lib_a-readr.o)
 .debug_frame   0x000000000000137c       0x5c /home/uli/.p2/pool/plugins/fr.ac6.mcu.externaltools.arm-none.linux64_1.16.0.201807130628/tools/st-gnu-arm-gcc-7-2017-q4-major_gdb-5_4-2016q3/bin/../lib/gcc/arm-none-eabi/7.2.1/../../../../arm-none-eabi/lib/thumb/v7-m/libc_nano.a(lib_a-reent.o)
